******************************************************************************
            TI ARM Clang Linker PC v4.0.1                      
******************************************************************************
>> Linked Sat Mar 15 15:31:07 2025

OUTPUT FILE NAME:   <MSPM0G3507_1.96LCD_64pin.out>
ENTRY POINT SYMBOL: "_c_int00_noargs"  address: 0001e6ad


MEMORY CONFIGURATION

         name            origin    length      used     unused   attr    fill
----------------------  --------  ---------  --------  --------  ----  --------
  FLASH                 00000000   00020000  0001eb10  000014f0  R  X
  SRAM                  20200000   00008000  000002f8  00007d08  RW X
  BCR_CONFIG            41c00000   00000080  00000000  00000080  R   
  BSL_CONFIG            41c00100   00000080  00000000  00000080  R   


SEGMENT ALLOCATION MAP

run origin  load origin   length   init length attrs members
----------  ----------- ---------- ----------- ----- -------
00000000    00000000    0001eb10   0001eb10    r-x
  00000000    00000000    000000c0   000000c0    r-- .intvecs
  000000c0    000000c0    0001d628   0001d628    r-- .rodata
  0001d6e8    0001d6e8    000013e8   000013e8    r-x .text
  0001ead0    0001ead0    00000040   00000040    r-- .cinit
20200000    20200000    000000f8   00000000    rw-
  20200000    20200000    000000f8   00000000    rw- .data
20207e00    20207e00    00000200   00000000    rw-
  20207e00    20207e00    00000200   00000000    rw- .stack


SECTION ALLOCATION MAP

 output                                  attributes/
section   page    origin      length       input sections
--------  ----  ----------  ----------   ----------------
.intvecs   0    00000000    000000c0     
                  00000000    000000c0     startup_mspm0g350x_ticlang.o (.intvecs)

.text      0    0001d6e8    000013e8     
                  0001d6e8    00000284     libc.a : _printfi.c.obj (.text:__TI_printfi_minimal)
                  0001d96c    00000214     lcd.o (.text.LCD_ShowChar)
                  0001db80    000001c4     lcd_init.o (.text.LCD_Init)
                  0001dd44    000000dc     driverlib.a : dl_sysctl_mspm0g1x0x_g3x0x.o (.text.DL_SYSCTL_configSYSPLL)
                  0001de20    000000a0     lcd.o (.text.LCD_ShowPicture)
                  0001dec0    00000084     lcd.o (.text.LCD_Fill)
                  0001df44    00000084     lcd_init.o (.text.LCD_Writ_Bus)
                  0001dfc8    00000084     ti_msp_dl_config.o (.text.SYSCFG_DL_GPIO_init)
                  0001e04c    00000084     main.o (.text.main)
                  0001e0d0    0000007c     libc.a : copy_decompress_lzss.c.obj (.text:decompress:lzss)
                  0001e14c    0000007a     lcd.o (.text.LCD_ShowString)
                  0001e1c6    00000002     lcd_init.o (.text.LCD_GPIO_Init)
                  0001e1c8    00000074     delay.o (.text.delay_us)
                  0001e23c    00000064     driverlib.a : dl_sysctl_mspm0g1x0x_g3x0x.o (.text.DL_SYSCTL_setHFCLKSourceHFXTParams)
                  0001e2a0    0000005c     libc.a : printf.c.obj (.text.printf)
                  0001e2fc    00000058     ti_msp_dl_config.o (.text.SYSCFG_DL_SYSCTL_init)
                  0001e354    00000052     lcd_init.o (.text.LCD_Address_Set)
                  0001e3a6    00000002     libclang_rt.builtins.a : aeabi_div0.c.obj (.text.__aeabi_idiv0)
                  0001e3a8    00000050     delay.o (.text.fputs)
                  0001e3f8    0000004c     ti_msp_dl_config.o (.text.DL_UART_setBaudRateDivisor)
                  0001e444    00000048     driverlib.a : dl_uart.o (.text.DL_UART_init)
                  0001e48c    00000044                 : dl_sysctl_mspm0g1x0x_g3x0x.o (.text.DL_SYSCTL_switchMCLKfromSYSOSCtoHSCLK)
                  0001e4d0    00000044     ti_msp_dl_config.o (.text.SYSCFG_DL_initPower)
                  0001e514    00000040     ti_msp_dl_config.o (.text.SYSCFG_DL_UART_0_init)
                  0001e554    00000040     libclang_rt.builtins.a : aeabi_uidivmod.S.obj (.text.__aeabi_uidivmod)
                  0001e594    0000003c     libc.a : autoinit.c.obj (.text:__TI_auto_init_nobinit_nopinit)
                  0001e5d0    00000030     ti_msp_dl_config.o (.text.DL_GPIO_initDigitalOutputFeatures)
                  0001e600    00000030     lcd_init.o (.text.LCD_WR_REG)
                  0001e630    0000002c     lcd.o (.text.LCD_DrawPoint)
                  0001e65c    00000028     ti_msp_dl_config.o (.text.DL_Common_updateReg)
                  0001e684    00000028     ti_msp_dl_config.o (.text.DL_SYSTICK_init)
                  0001e6ac    00000028     libc.a : boot_cortex_m.c.obj (.text:_c_int00_noargs)
                  0001e6d4    00000022            : memccpy.c.obj (.text.memccpy)
                  0001e6f6    00000002            : _lock.c.obj (.text._nop)
                  0001e6f8    00000020     ti_msp_dl_config.o (.text.DL_GPIO_initPeripheralInputFunction)
                  0001e718    00000020     ti_msp_dl_config.o (.text.DL_SYSCTL_setFlashWaitState)
                  0001e738    00000020     ti_msp_dl_config.o (.text.DL_SYSCTL_setMFPCLKSource)
                  0001e758    00000020     driverlib.a : dl_uart.o (.text.DL_UART_transmitDataBlocking)
                  0001e778    0000001e     ti_msp_dl_config.o (.text.DL_UART_setOversampling)
                  0001e796    0000001e     lcd_init.o (.text.LCD_WR_DATA)
                  0001e7b4    0000001c     ti_msp_dl_config.o (.text.DL_GPIO_initPeripheralOutputFunction)
                  0001e7d0    0000001c     ti_msp_dl_config.o (.text.DL_SYSCTL_setSYSOSCFreq)
                  0001e7ec    0000001c     ti_msp_dl_config.o (.text.DL_SYSCTL_setULPCLKDivider)
                  0001e808    0000001c     delay.o (.text.fputc)
                  0001e824    00000018     ti_msp_dl_config.o (.text.DL_GPIO_enableOutput)
                  0001e83c    00000018     ti_msp_dl_config.o (.text.DL_GPIO_enablePower)
                  0001e854    00000018     ti_msp_dl_config.o (.text.DL_GPIO_initDigitalOutput)
                  0001e86c    00000018     ti_msp_dl_config.o (.text.DL_GPIO_initPeripheralAnalogFunction)
                  0001e884    00000018     ti_msp_dl_config.o (.text.DL_GPIO_reset)
                  0001e89c    00000018     lcd_init.o (.text.DL_GPIO_setPins)
                  0001e8b4    00000018     main.o (.text.DL_GPIO_setPins)
                  0001e8cc    00000018     ti_msp_dl_config.o (.text.DL_GPIO_setPins)
                  0001e8e4    00000018     ti_msp_dl_config.o (.text.DL_SYSCTL_setBORThreshold)
                  0001e8fc    00000018     ti_msp_dl_config.o (.text.DL_UART_enablePower)
                  0001e914    00000018     ti_msp_dl_config.o (.text.DL_UART_reset)
                  0001e92c    00000018     ti_msp_dl_config.o (.text.SYSCFG_DL_init)
                  0001e944    00000018     lcd_init.o (.text.delayLCD_ms)
                  0001e95c    00000016     ti_msp_dl_config.o (.text.DL_UART_enable)
                  0001e972    00000016     delay.o (.text.delay_ms)
                  0001e988    00000014     lcd_init.o (.text.DL_GPIO_clearPins)
                  0001e99c    00000014     ti_msp_dl_config.o (.text.DL_GPIO_clearPins)
                  0001e9b0    00000014     ti_msp_dl_config.o (.text.DL_SYSCTL_disableSYSPLL)
                  0001e9c4    00000014     ti_msp_dl_config.o (.text.DL_SYSCTL_enableMFCLK)
                  0001e9d8    00000014     lcd_init.o (.text.LCD_WR_DATA8)
                  0001e9ec    00000012     driverlib.a : dl_uart.o (.text.DL_UART_setClockConfig)
                  0001e9fe    00000012     libc.a : memcpy16.S.obj (.text:TI_memcpy_small)
                  0001ea10    00000012            : copy_decompress_none.c.obj (.text:decompress:none)
                  0001ea22    00000002     --HOLE-- [fill = 0]
                  0001ea24    00000010     ti_msp_dl_config.o (.text.DL_SYSCTL_disableHFXT)
                  0001ea34    00000010     ti_msp_dl_config.o (.text.DL_SYSCTL_enableMFPCLK)
                  0001ea44    00000010     ti_msp_dl_config.o (.text.DL_SYSTICK_enable)
                  0001ea54    00000010     ti_msp_dl_config.o (.text.SYSCFG_DL_SYSTICK_init)
                  0001ea64    0000000e     libclang_rt.builtins.a : aeabi_memset.S.obj (.text.__aeabi_memset)
                  0001ea72    0000000e     libc.a : _printfi.c.obj (.text.strlen)
                  0001ea80    0000000e            : strlen.c.obj (.text.strlen)
                  0001ea8e    0000000e            : memset16.S.obj (.text:TI_memset_small)
                  0001ea9c    0000000a     driverlib.a : dl_common.o (.text.DL_Common_delayCycles)
                  0001eaa6    00000002     --HOLE-- [fill = 0]
                  0001eaa8    00000008     libclang_rt.builtins.a : aeabi_memcpy.S.obj (.text.__aeabi_memcpy)
                  0001eab0    00000008     libc.a : printf.c.obj (.text._outc)
                  0001eab8    00000008            : printf.c.obj (.text._outs)
                  0001eac0    00000004     startup_mspm0g350x_ticlang.o (.text.Default_Handler)
                  0001eac4    00000004     startup_mspm0g350x_ticlang.o (.text.Reset_Handler)
                  0001eac8    00000004     libc.a : pre_init.c.obj (.text._system_pre_init)
                  0001eacc    00000004            : exit.c.obj (.text:abort)

.cinit     0    0001ead0    00000040     
                  0001ead0    00000029     (.cinit..data.load) [load image, compression = lzss]
                  0001eaf9    00000003     --HOLE-- [fill = 0]
                  0001eafc    00000008     (__TI_handler_table)
                  0001eb04    00000008     (__TI_cinit_table)
                  0001eb0c    00000004     --HOLE-- [fill = 0]

.rodata    0    000000c0    0001d628     
                  000000c0    0001a1d0     main.o (.rodata.Sanae_Pic2)
                  0001a290    000017c0     lcd.o (.rodata.ascii_3216)
                  0001ba50    000011d0     lcd.o (.rodata.ascii_2412)
                  0001cc20    000005f0     lcd.o (.rodata.ascii_1608)
                  0001d210    00000474     lcd.o (.rodata.ascii_1206)
                  0001d684    00000028     ti_msp_dl_config.o (.rodata.gSYSPLLConfig)
                  0001d6ac    00000011     libc.a : _printfi.c.obj (.rodata.str1.153638888446227384661)
                  0001d6bd    0000000e     main.o (.rodata.str1.128962870563899395191)
                  0001d6cb    0000000d     main.o (.rodata.str1.181369900268917052751)
                  0001d6d8    0000000a     ti_msp_dl_config.o (.rodata.gUART_0Config)
                  0001d6e2    00000002     ti_msp_dl_config.o (.rodata.gUART_0ClockConfig)
                  0001d6e4    00000004     --HOLE-- [fill = 0]

.init_array 
*          0    00000000    00000000     UNINITIALIZED

.binit     0    00000000    00000000     

.data      0    20200000    000000f8     UNINITIALIZED
                  20200000    000000f0     libc.a : defs.c.obj (.data._ftable)
                  202000f0    00000004            : _lock.c.obj (.data._lock)
                  202000f4    00000004            : _lock.c.obj (.data._unlock)

.stack     0    20207e00    00000200     UNINITIALIZED
                  20207e00    00000004     libc.a : boot_cortex_m.c.obj (.stack)
                  20207e04    000001fc     --HOLE--

__llvm_prf_cnts 
*          0    20200000    00000000     UNINITIALIZED

__llvm_prf_bits 
*          0    20200000    00000000     UNINITIALIZED

MODULE SUMMARY

       Module                         code   ro data   rw data
       ------                         ----   -------   -------
    .\
       main.o                         156    106987    0      
       ti_msp_dl_config.o             1152   52        0      
       startup_mspm0g350x_ticlang.o   8      192       0      
    +--+------------------------------+------+---------+---------+
       Total:                         1316   107231    0      
                                                              
    .\BSP\
       lcd.o                          990    13300     0      
       lcd_init.o                     834    0         0      
       delay.o                        246    0         0      
    +--+------------------------------+------+---------+---------+
       Total:                         2070   13300     0      
                                                              
    C:/ti/mspm0_sdk_2_03_00_07/source/ti/driverlib/lib/ticlang/m0p/mspm0g1x0x_g3x0x/driverlib.a
       dl_sysctl_mspm0g1x0x_g3x0x.o   388    0         0      
       dl_uart.o                      122    0         0      
       dl_common.o                    10     0         0      
    +--+------------------------------+------+---------+---------+
       Total:                         520    0         0      
                                                              
    C:\ti\ccs2001\ccs\tools\compiler\ti-cgt-armllvm_4.0.1.LTS\lib\armv6m-ti-none-eabi/c/libc.a
       _printfi.c.obj                 658    17        0      
       defs.c.obj                     0      0         240    
       copy_decompress_lzss.c.obj     124    0         0      
       printf.c.obj                   108    0         0      
       autoinit.c.obj                 60     0         0      
       boot_cortex_m.c.obj            40     0         0      
       memccpy.c.obj                  34     0         0      
       copy_decompress_none.c.obj     18     0         0      
       memcpy16.S.obj                 18     0         0      
       memset16.S.obj                 14     0         0      
       strlen.c.obj                   14     0         0      
       _lock.c.obj                    2      0         8      
       exit.c.obj                     4      0         0      
       pre_init.c.obj                 4      0         0      
    +--+------------------------------+------+---------+---------+
       Total:                         1098   17        248    
                                                              
    C:\ti\ccs2001\ccs\tools\compiler\ti-cgt-armllvm_4.0.1.LTS\lib\armv6m-ti-none-eabi/libclang_rt.builtins.a
       aeabi_uidivmod.S.obj           64     0         0      
       aeabi_memset.S.obj             14     0         0      
       aeabi_memcpy.S.obj             8      0         0      
       aeabi_div0.c.obj               2      0         0      
    +--+------------------------------+------+---------+---------+
       Total:                         88     0         0      
                                                              
       Stack:                         0      0         512    
       Linker Generated:              0      57        0      
    +--+------------------------------+------+---------+---------+
       Grand Total:                   5092   120605    760    


LINKER GENERATED COPY TABLES

__TI_cinit_table @ 0001eb04 records: 1, size/record: 8, table size: 8
	.data: load addr=0001ead0, load size=00000029 bytes, run addr=20200000, run size=000000f8 bytes, compression=lzss


LINKER GENERATED HANDLER TABLE

__TI_handler_table @ 0001eafc records: 2, size/record: 4, table size: 8
	index: 0, handler: __TI_decompress_lzss
	index: 1, handler: __TI_decompress_none


GLOBAL SYMBOLS: SORTED ALPHABETICALLY BY Name 

address   name                                 
-------   ----                                 
0001eac1  ADC0_IRQHandler                      
0001eac1  ADC1_IRQHandler                      
0001eac1  AES_IRQHandler                       
0001eacc  C$$EXIT                              
0001eac1  CANFD0_IRQHandler                    
0001eac1  DAC0_IRQHandler                      
0001ea9d  DL_Common_delayCycles                
0001dd45  DL_SYSCTL_configSYSPLL               
0001e23d  DL_SYSCTL_setHFCLKSourceHFXTParams   
0001e48d  DL_SYSCTL_switchMCLKfromSYSOSCtoHSCLK
0001e445  DL_UART_init                         
0001e9ed  DL_UART_setClockConfig               
0001e759  DL_UART_transmitDataBlocking         
0001eac1  DMA_IRQHandler                       
0001eac1  Default_Handler                      
0001eac1  GROUP0_IRQHandler                    
0001eac1  GROUP1_IRQHandler                    
0001eac1  HardFault_Handler                    
0001eac1  I2C0_IRQHandler                      
0001eac1  I2C1_IRQHandler                      
0001e355  LCD_Address_Set                      
0001e631  LCD_DrawPoint                        
0001dec1  LCD_Fill                             
0001e1c7  LCD_GPIO_Init                        
0001db81  LCD_Init                             
0001d96d  LCD_ShowChar                         
0001de21  LCD_ShowPicture                      
0001e14d  LCD_ShowString                       
0001e797  LCD_WR_DATA                          
0001e9d9  LCD_WR_DATA8                         
0001e601  LCD_WR_REG                           
0001df45  LCD_Writ_Bus                         
0001eac1  NMI_Handler                          
0001eac1  PendSV_Handler                       
0001eac1  RTC_IRQHandler                       
0001eac5  Reset_Handler                        
0001eac1  SPI0_IRQHandler                      
0001eac1  SPI1_IRQHandler                      
0001eac1  SVC_Handler                          
0001dfc9  SYSCFG_DL_GPIO_init                  
0001e2fd  SYSCFG_DL_SYSCTL_init                
0001ea55  SYSCFG_DL_SYSTICK_init               
0001e515  SYSCFG_DL_UART_0_init                
0001e92d  SYSCFG_DL_init                       
0001e4d1  SYSCFG_DL_initPower                  
000000c0  Sanae_Pic2                           
0001eac1  SysTick_Handler                      
0001eac1  TIMA0_IRQHandler                     
0001eac1  TIMA1_IRQHandler                     
0001eac1  TIMG0_IRQHandler                     
0001eac1  TIMG12_IRQHandler                    
0001eac1  TIMG6_IRQHandler                     
0001eac1  TIMG7_IRQHandler                     
0001eac1  TIMG8_IRQHandler                     
0001e9ff  TI_memcpy_small                      
0001ea8f  TI_memset_small                      
0001eac1  UART0_IRQHandler                     
0001eac1  UART1_IRQHandler                     
0001eac1  UART2_IRQHandler                     
0001eac1  UART3_IRQHandler                     
20208000  __STACK_END                          
00000200  __STACK_SIZE                         
00000000  __TI_ATRegion0_region_sz             
00000000  __TI_ATRegion0_src_addr              
00000000  __TI_ATRegion0_trg_addr              
00000000  __TI_ATRegion1_region_sz             
00000000  __TI_ATRegion1_src_addr              
00000000  __TI_ATRegion1_trg_addr              
00000000  __TI_ATRegion2_region_sz             
00000000  __TI_ATRegion2_src_addr              
00000000  __TI_ATRegion2_trg_addr              
0001eb04  __TI_CINIT_Base                      
0001eb0c  __TI_CINIT_Limit                     
0001eb0c  __TI_CINIT_Warm                      
0001eafc  __TI_Handler_Table_Base              
0001eb04  __TI_Handler_Table_Limit             
0001e595  __TI_auto_init_nobinit_nopinit       
0001e0d1  __TI_decompress_lzss                 
0001ea11  __TI_decompress_none                 
ffffffff  __TI_pprof_out_hndl                  
0001d6e9  __TI_printfi_minimal                 
ffffffff  __TI_prof_data_size                  
ffffffff  __TI_prof_data_start                 
00000000  __TI_static_base__                   
0001e3a7  __aeabi_idiv0                        
0001eaa9  __aeabi_memcpy                       
0001eaa9  __aeabi_memcpy4                      
0001eaa9  __aeabi_memcpy8                      
0001ea65  __aeabi_memset                       
0001ea65  __aeabi_memset4                      
0001ea65  __aeabi_memset8                      
0001e555  __aeabi_uidiv                        
0001e555  __aeabi_uidivmod                     
ffffffff  __binit__                            
UNDEFED   __mpu_init                           
20207e00  __stack                              
20200000  __start___llvm_prf_bits              
20200000  __start___llvm_prf_cnts              
20200000  __stop___llvm_prf_bits               
20200000  __stop___llvm_prf_cnts               
0001e6ad  _c_int00_noargs                      
20200000  _ftable                              
202000f0  _lock                                
0001e6f7  _nop                                 
UNDEFED   _system_post_cinit                   
0001eac9  _system_pre_init                     
202000f4  _unlock                              
0001eacd  abort                                
0001d210  ascii_1206                           
0001cc20  ascii_1608                           
0001ba50  ascii_2412                           
0001a290  ascii_3216                           
ffffffff  binit                                
0001e945  delayLCD_ms                          
0001e973  delay_ms                             
0001e1c9  delay_us                             
0001e809  fputc                                
0001e3a9  fputs                                
00000000  interruptVectors                     
0001e04d  main                                 
0001e6d5  memccpy                              
0001e2a1  printf                               
0001ea81  strlen                               


GLOBAL SYMBOLS: SORTED BY Symbol Address 

address   name                                 
-------   ----                                 
00000000  __TI_ATRegion0_region_sz             
00000000  __TI_ATRegion0_src_addr              
00000000  __TI_ATRegion0_trg_addr              
00000000  __TI_ATRegion1_region_sz             
00000000  __TI_ATRegion1_src_addr              
00000000  __TI_ATRegion1_trg_addr              
00000000  __TI_ATRegion2_region_sz             
00000000  __TI_ATRegion2_src_addr              
00000000  __TI_ATRegion2_trg_addr              
00000000  __TI_static_base__                   
00000000  interruptVectors                     
000000c0  Sanae_Pic2                           
00000200  __STACK_SIZE                         
0001a290  ascii_3216                           
0001ba50  ascii_2412                           
0001cc20  ascii_1608                           
0001d210  ascii_1206                           
0001d6e9  __TI_printfi_minimal                 
0001d96d  LCD_ShowChar                         
0001db81  LCD_Init                             
0001dd45  DL_SYSCTL_configSYSPLL               
0001de21  LCD_ShowPicture                      
0001dec1  LCD_Fill                             
0001df45  LCD_Writ_Bus                         
0001dfc9  SYSCFG_DL_GPIO_init                  
0001e04d  main                                 
0001e0d1  __TI_decompress_lzss                 
0001e14d  LCD_ShowString                       
0001e1c7  LCD_GPIO_Init                        
0001e1c9  delay_us                             
0001e23d  DL_SYSCTL_setHFCLKSourceHFXTParams   
0001e2a1  printf                               
0001e2fd  SYSCFG_DL_SYSCTL_init                
0001e355  LCD_Address_Set                      
0001e3a7  __aeabi_idiv0                        
0001e3a9  fputs                                
0001e445  DL_UART_init                         
0001e48d  DL_SYSCTL_switchMCLKfromSYSOSCtoHSCLK
0001e4d1  SYSCFG_DL_initPower                  
0001e515  SYSCFG_DL_UART_0_init                
0001e555  __aeabi_uidiv                        
0001e555  __aeabi_uidivmod                     
0001e595  __TI_auto_init_nobinit_nopinit       
0001e601  LCD_WR_REG                           
0001e631  LCD_DrawPoint                        
0001e6ad  _c_int00_noargs                      
0001e6d5  memccpy                              
0001e6f7  _nop                                 
0001e759  DL_UART_transmitDataBlocking         
0001e797  LCD_WR_DATA                          
0001e809  fputc                                
0001e92d  SYSCFG_DL_init                       
0001e945  delayLCD_ms                          
0001e973  delay_ms                             
0001e9d9  LCD_WR_DATA8                         
0001e9ed  DL_UART_setClockConfig               
0001e9ff  TI_memcpy_small                      
0001ea11  __TI_decompress_none                 
0001ea55  SYSCFG_DL_SYSTICK_init               
0001ea65  __aeabi_memset                       
0001ea65  __aeabi_memset4                      
0001ea65  __aeabi_memset8                      
0001ea81  strlen                               
0001ea8f  TI_memset_small                      
0001ea9d  DL_Common_delayCycles                
0001eaa9  __aeabi_memcpy                       
0001eaa9  __aeabi_memcpy4                      
0001eaa9  __aeabi_memcpy8                      
0001eac1  ADC0_IRQHandler                      
0001eac1  ADC1_IRQHandler                      
0001eac1  AES_IRQHandler                       
0001eac1  CANFD0_IRQHandler                    
0001eac1  DAC0_IRQHandler                      
0001eac1  DMA_IRQHandler                       
0001eac1  Default_Handler                      
0001eac1  GROUP0_IRQHandler                    
0001eac1  GROUP1_IRQHandler                    
0001eac1  HardFault_Handler                    
0001eac1  I2C0_IRQHandler                      
0001eac1  I2C1_IRQHandler                      
0001eac1  NMI_Handler                          
0001eac1  PendSV_Handler                       
0001eac1  RTC_IRQHandler                       
0001eac1  SPI0_IRQHandler                      
0001eac1  SPI1_IRQHandler                      
0001eac1  SVC_Handler                          
0001eac1  SysTick_Handler                      
0001eac1  TIMA0_IRQHandler                     
0001eac1  TIMA1_IRQHandler                     
0001eac1  TIMG0_IRQHandler                     
0001eac1  TIMG12_IRQHandler                    
0001eac1  TIMG6_IRQHandler                     
0001eac1  TIMG7_IRQHandler                     
0001eac1  TIMG8_IRQHandler                     
0001eac1  UART0_IRQHandler                     
0001eac1  UART1_IRQHandler                     
0001eac1  UART2_IRQHandler                     
0001eac1  UART3_IRQHandler                     
0001eac5  Reset_Handler                        
0001eac9  _system_pre_init                     
0001eacc  C$$EXIT                              
0001eacd  abort                                
0001eafc  __TI_Handler_Table_Base              
0001eb04  __TI_CINIT_Base                      
0001eb04  __TI_Handler_Table_Limit             
0001eb0c  __TI_CINIT_Limit                     
0001eb0c  __TI_CINIT_Warm                      
20200000  __start___llvm_prf_bits              
20200000  __start___llvm_prf_cnts              
20200000  __stop___llvm_prf_bits               
20200000  __stop___llvm_prf_cnts               
20200000  _ftable                              
202000f0  _lock                                
202000f4  _unlock                              
20207e00  __stack                              
20208000  __STACK_END                          
ffffffff  __TI_pprof_out_hndl                  
ffffffff  __TI_prof_data_size                  
ffffffff  __TI_prof_data_start                 
ffffffff  __binit__                            
ffffffff  binit                                
UNDEFED   __mpu_init                           
UNDEFED   _system_post_cinit                   

[123 symbols]
