******************************************************************************
            TI ARM Clang Linker PC v4.0.1                      
******************************************************************************
>> Linked Wed Jul  9 21:23:58 2025

OUTPUT FILE NAME:   <ZC008_v0.1.0.out>
ENTRY POINT SYMBOL: "_c_int00_noargs"  address: 00004da9


MEMORY CONFIGURATION

         name            origin    length      used     unused   attr    fill
----------------------  --------  ---------  --------  --------  ----  --------
  FLASH                 00000000   00020000  00005568  0001aa98  R  X
  SRAM                  20200000   00008000  00000bcf  00007431  RW X
  BCR_CONFIG            41c00000   00000080  00000000  00000080  R   
  BSL_CONFIG            41c00100   00000080  00000000  00000080  R   


SEGMENT ALLOCATION MAP

run origin  load origin   length   init length attrs members
----------  ----------- ---------- ----------- ----- -------
00000000    00000000    00005568   00005568    r-x
  00000000    00000000    000000c0   000000c0    r-- .intvecs
  000000c0    000000c0    00003490   00003490    r-- .rodata
  00003550    00003550    00001fb8   00001fb8    r-x .text
  00005508    00005508    00000060   00000060    r-- .cinit
20200000    20200000    000009d0   00000000    rw-
  20200000    20200000    00000907   00000000    rw- .data
  20200908    20200908    000000c8   00000000    rw- .bss
20207e00    20207e00    00000200   00000000    rw-
  20207e00    20207e00    00000200   00000000    rw- .stack


SECTION ALLOCATION MAP

 output                                  attributes/
section   page    origin      length       input sections
--------  ----  ----------  ----------   ----------------
.intvecs   0    00000000    000000c0     
                  00000000    000000c0     startup_mspm0g350x_ticlang.o (.intvecs)

.text      0    00003550    00001fb8     
                  00003550    00000284     libc.a : _printfi.c.obj (.text:__TI_printfi_minimal)
                  000037d4    00000214     lcd.o (.text.LCD_ShowChar)
                  000039e8    000001c4     lcd_init.o (.text.LCD_Init)
                  00003bac    00000118     lcd.o (.text.LCD_ShowIntNum)
                  00003cc4    000000e8     driverlib.a : dl_timer.o (.text.DL_Timer_initTimerMode)
                  00003dac    000000dc                 : dl_sysctl_mspm0g1x0x_g3x0x.o (.text.DL_SYSCTL_configSYSPLL)
                  00003e88    000000c4     ti_msp_dl_config.o (.text.SYSCFG_DL_GPIO_init)
                  00003f4c    000000a8     ti_msp_dl_config.o (.text.SYSCFG_DL_ADC_0_init)
                  00003ff4    00000090     key.o (.text.GROUP1_IRQHandler)
                  00004084    00000084     adc.o (.text.ADC_Init)
                  00004108    00000084     lcd.o (.text.LCD_Fill)
                  0000418c    00000084     ti_msp_dl_config.o (.text.__NVIC_SetPriority)
                  00004210    0000007c     libc.a : copy_decompress_lzss.c.obj (.text:decompress:lzss)
                  0000428c    0000007a     lcd.o (.text.LCD_ShowString)
                  00004306    00000002     lcd_init.o (.text.LCD_GPIO_Init)
                  00004308    00000078     ti_msp_dl_config.o (.text.SYSCFG_DL_initPower)
                  00004380    00000074     delay.o (.text.delay_us)
                  000043f4    00000064     driverlib.a : dl_sysctl_mspm0g1x0x_g3x0x.o (.text.DL_SYSCTL_setHFCLKSourceHFXTParams)
                  00004458    00000060     ti_msp_dl_config.o (.text.DL_ADC12_initSeqSample)
                  000044b8    00000060     ti_msp_dl_config.o (.text.SYSCFG_DL_SYSCTL_init)
                  00004518    0000005c     main.o (.text.main)
                  00004574    0000005c     libc.a : printf.c.obj (.text.printf)
                  000045d0    00000052     lcd_init.o (.text.LCD_Address_Set)
                  00004622    00000002     libclang_rt.builtins.a : aeabi_div0.c.obj (.text.__aeabi_idiv0)
                  00004624    00000050     adc.o (.text.ADC0_IRQHandler)
                  00004674    00000050     delay.o (.text.fputs)
                  000046c4    0000004c     driverlib.a : dl_dma.o (.text.DL_DMA_initChannel)
                  00004710    0000004c     ti_msp_dl_config.o (.text.DL_UART_setBaudRateDivisor)
                  0000475c    0000004a     ti_msp_dl_config.o (.text.DL_ADC12_configConversionMem)
                  000047a6    00000002     libc.a : _lock.c.obj (.text._nop)
                  000047a8    00000048     driverlib.a : dl_uart.o (.text.DL_UART_init)
                  000047f0    00000044                 : dl_spi.o (.text.DL_SPI_init)
                  00004834    00000044                 : dl_sysctl_mspm0g1x0x_g3x0x.o (.text.DL_SYSCTL_switchMCLKfromSYSOSCtoHSCLK)
                  00004878    00000044     lcd_init.o (.text.LCD_Writ_Bus)
                  000048bc    00000044     ti_msp_dl_config.o (.text.SYSCFG_DL_TIMER_ADC0_init)
                  00004900    00000040     driverlib.a : dl_adc12.o (.text.DL_ADC12_setClockConfig)
                  00004940    00000040     ti_msp_dl_config.o (.text.SYSCFG_DL_SPI_LCD_init)
                  00004980    00000040     ti_msp_dl_config.o (.text.SYSCFG_DL_UART_0_init)
                  000049c0    00000040     ti_msp_dl_config.o (.text.SYSCFG_DL_init)
                  00004a00    00000040     libclang_rt.builtins.a : aeabi_uidivmod.S.obj (.text.__aeabi_uidivmod)
                  00004a40    0000003c     libc.a : autoinit.c.obj (.text:__TI_auto_init_nobinit_nopinit)
                  00004a7c    00000038     ti_msp_dl_config.o (.text.DL_Timer_setPublisherChanID)
                  00004ab4    00000034     ti_msp_dl_config.o (.text.DL_GPIO_initDigitalInputFeatures)
                  00004ae8    00000030     adc.o (.text.DL_DMA_setTransferSize)
                  00004b18    00000030     ti_msp_dl_config.o (.text.DL_GPIO_initDigitalOutputFeatures)
                  00004b48    00000030     ti_msp_dl_config.o (.text.DL_SPI_setFIFOThreshold)
                  00004b78    00000030     lcd_init.o (.text.LCD_WR_REG)
                  00004ba8    00000030     lcd.o (.text.mypow)
                  00004bd8    0000002c     ti_msp_dl_config.o (.text.DL_ADC12_setDMASamplesCnt)
                  00004c04    0000002c     lcd.o (.text.LCD_DrawPoint)
                  00004c30    0000002c     adc.o (.text.__NVIC_ClearPendingIRQ)
                  00004c5c    0000002c     key.o (.text.__NVIC_ClearPendingIRQ)
                  00004c88    0000002c     adc.o (.text.__NVIC_EnableIRQ)
                  00004cb4    0000002c     key.o (.text.__NVIC_EnableIRQ)
                  00004ce0    00000028     ti_msp_dl_config.o (.text.DL_Common_updateReg)
                  00004d08    00000028     adc.o (.text.DL_DMA_setDestAddr)
                  00004d30    00000028     adc.o (.text.DL_DMA_setSrcAddr)
                  00004d58    00000028     ti_msp_dl_config.o (.text.DL_SYSTICK_init)
                  00004d80    00000028     ti_msp_dl_config.o (.text.DL_Timer_enableEvent)
                  00004da8    00000028     libc.a : boot_cortex_m.c.obj (.text:_c_int00_noargs)
                  00004dd0    00000026     adc.o (.text.DL_DMA_enableChannel)
                  00004df6    00000002     --HOLE-- [fill = 0]
                  00004df8    00000024     ti_msp_dl_config.o (.text.DL_SPI_setBitRateSerialClockDivider)
                  00004e1c    00000022     libc.a : memccpy.c.obj (.text.memccpy)
                  00004e3e    00000002     --HOLE-- [fill = 0]
                  00004e40    00000020     ti_msp_dl_config.o (.text.DL_GPIO_initPeripheralInputFunction)
                  00004e60    00000020     ti_msp_dl_config.o (.text.DL_SYSCTL_setFlashWaitState)
                  00004e80    00000020     ti_msp_dl_config.o (.text.DL_SYSCTL_setMFPCLKSource)
                  00004ea0    00000020     driverlib.a : dl_uart.o (.text.DL_UART_transmitDataBlocking)
                  00004ec0    0000001e     ti_msp_dl_config.o (.text.DL_ADC12_setPowerDownMode)
                  00004ede    0000001e     ti_msp_dl_config.o (.text.DL_UART_setOversampling)
                  00004efc    0000001e     lcd_init.o (.text.LCD_WR_DATA)
                  00004f1a    00000002     --HOLE-- [fill = 0]
                  00004f1c    0000001c     ti_msp_dl_config.o (.text.DL_ADC12_clearInterruptStatus)
                  00004f38    0000001c     ti_msp_dl_config.o (.text.DL_ADC12_enableDMA)
                  00004f54    0000001c     ti_msp_dl_config.o (.text.DL_ADC12_enableDMATrigger)
                  00004f70    0000001c     ti_msp_dl_config.o (.text.DL_ADC12_enableInterrupt)
                  00004f8c    0000001c     ti_msp_dl_config.o (.text.DL_GPIO_clearInterruptStatus)
                  00004fa8    0000001c     ti_msp_dl_config.o (.text.DL_GPIO_enableInterrupt)
                  00004fc4    0000001c     ti_msp_dl_config.o (.text.DL_GPIO_initPeripheralOutputFunction)
                  00004fe0    0000001c     ti_msp_dl_config.o (.text.DL_GPIO_setLowerPinsPolarity)
                  00004ffc    0000001c     key.o (.text.DL_Interrupt_getPendingGroup)
                  00005018    0000001c     ti_msp_dl_config.o (.text.DL_SYSCTL_setSYSOSCFreq)
                  00005034    0000001c     ti_msp_dl_config.o (.text.DL_SYSCTL_setULPCLKDivider)
                  00005050    0000001c     driverlib.a : dl_timer.o (.text.DL_Timer_setClockConfig)
                  0000506c    0000001c     delay.o (.text.fputc)
                  00005088    0000001a     ti_msp_dl_config.o (.text.DL_ADC12_setSubscriberChanID)
                  000050a2    00000002     --HOLE-- [fill = 0]
                  000050a4    00000018     ti_msp_dl_config.o (.text.DL_ADC12_enablePower)
                  000050bc    00000018     ti_msp_dl_config.o (.text.DL_ADC12_reset)
                  000050d4    00000018     ti_msp_dl_config.o (.text.DL_GPIO_enableOutput)
                  000050ec    00000018     ti_msp_dl_config.o (.text.DL_GPIO_enablePower)
                  00005104    00000018     ti_msp_dl_config.o (.text.DL_GPIO_initDigitalOutput)
                  0000511c    00000018     ti_msp_dl_config.o (.text.DL_GPIO_initPeripheralAnalogFunction)
                  00005134    00000018     ti_msp_dl_config.o (.text.DL_GPIO_reset)
                  0000514c    00000018     lcd_init.o (.text.DL_GPIO_setPins)
                  00005164    00000018     main.o (.text.DL_GPIO_setPins)
                  0000517c    00000018     ti_msp_dl_config.o (.text.DL_GPIO_setPins)
                  00005194    00000018     ti_msp_dl_config.o (.text.DL_SPI_enable)
                  000051ac    00000018     ti_msp_dl_config.o (.text.DL_SPI_enablePower)
                  000051c4    00000018     lcd_init.o (.text.DL_SPI_isBusy)
                  000051dc    00000018     ti_msp_dl_config.o (.text.DL_SPI_reset)
                  000051f4    00000018     ti_msp_dl_config.o (.text.DL_SYSCTL_setBORThreshold)
                  0000520c    00000018     ti_msp_dl_config.o (.text.DL_Timer_enablePower)
                  00005224    00000018     ti_msp_dl_config.o (.text.DL_Timer_reset)
                  0000523c    00000018     adc.o (.text.DL_Timer_setLoadValue)
                  00005254    00000018     key.o (.text.DL_Timer_startCounter)
                  0000526c    00000018     adc.o (.text.DL_Timer_stopCounter)
                  00005284    00000018     ti_msp_dl_config.o (.text.DL_UART_enablePower)
                  0000529c    00000018     ti_msp_dl_config.o (.text.DL_UART_reset)
                  000052b4    00000018     ti_msp_dl_config.o (.text.SYSCFG_DL_DMA_CH0_init)
                  000052cc    00000018     lcd_init.o (.text.delayLCD_ms)
                  000052e4    00000016     ti_msp_dl_config.o (.text.DL_ADC12_enableConversions)
                  000052fa    00000016     key.o (.text.DL_GPIO_readPins)
                  00005310    00000016     lcd_init.o (.text.DL_SPI_transmitData8)
                  00005326    00000016     ti_msp_dl_config.o (.text.DL_UART_enable)
                  0000533c    00000016     key.o (.text.Key_Init)
                  00005352    00000016     delay.o (.text.delay_ms)
                  00005368    00000016     libc.a : copy_zero_init.c.obj (.text:decompress:ZI:__TI_zero_init_nomemset)
                  0000537e    00000014     lcd_init.o (.text.DL_GPIO_clearPins)
                  00005392    00000014     ti_msp_dl_config.o (.text.DL_GPIO_clearPins)
                  000053a6    00000002     --HOLE-- [fill = 0]
                  000053a8    00000014     ti_msp_dl_config.o (.text.DL_SYSCTL_disableSYSPLL)
                  000053bc    00000014     ti_msp_dl_config.o (.text.DL_SYSCTL_enableMFCLK)
                  000053d0    00000014     ti_msp_dl_config.o (.text.DL_Timer_enableClock)
                  000053e4    00000014     lcd_init.o (.text.LCD_WR_DATA8)
                  000053f8    00000012     adc.o (.text.DL_ADC12_getPendingInterrupt)
                  0000540a    00000012     driverlib.a : dl_spi.o (.text.DL_SPI_setClockConfig)
                  0000541c    00000012                 : dl_uart.o (.text.DL_UART_setClockConfig)
                  0000542e    00000012     libc.a : memcpy16.S.obj (.text:TI_memcpy_small)
                  00005440    00000012            : copy_decompress_none.c.obj (.text:decompress:none)
                  00005452    00000002     --HOLE-- [fill = 0]
                  00005454    00000010     ti_msp_dl_config.o (.text.DL_SYSCTL_disableHFXT)
                  00005464    00000010     ti_msp_dl_config.o (.text.DL_SYSCTL_enableMFPCLK)
                  00005474    00000010     ti_msp_dl_config.o (.text.DL_SYSTICK_enable)
                  00005484    00000010     ti_msp_dl_config.o (.text.SYSCFG_DL_SYSTICK_init)
                  00005494    0000000e     libclang_rt.builtins.a : aeabi_memset.S.obj (.text.__aeabi_memset)
                  000054a2    0000000e     libc.a : _printfi.c.obj (.text.strlen)
                  000054b0    0000000e            : strlen.c.obj (.text.strlen)
                  000054be    0000000e            : memset16.S.obj (.text:TI_memset_small)
                  000054cc    0000000a     driverlib.a : dl_common.o (.text.DL_Common_delayCycles)
                  000054d6    00000008     ti_msp_dl_config.o (.text.SYSCFG_DL_DMA_init)
                  000054de    00000002     --HOLE-- [fill = 0]
                  000054e0    00000008     libclang_rt.builtins.a : aeabi_memcpy.S.obj (.text.__aeabi_memcpy)
                  000054e8    00000008     libc.a : printf.c.obj (.text._outc)
                  000054f0    00000008            : printf.c.obj (.text._outs)
                  000054f8    00000004     startup_mspm0g350x_ticlang.o (.text.Default_Handler)
                  000054fc    00000004     startup_mspm0g350x_ticlang.o (.text.Reset_Handler)
                  00005500    00000004     libc.a : pre_init.c.obj (.text._system_pre_init)
                  00005504    00000004            : exit.c.obj (.text:abort)

.cinit     0    00005508    00000060     
                  00005508    0000003b     (.cinit..data.load) [load image, compression = lzss]
                  00005543    00000001     --HOLE-- [fill = 0]
                  00005544    0000000c     (__TI_handler_table)
                  00005550    00000008     (.cinit..bss.load) [load image, compression = zero_init]
                  00005558    00000010     (__TI_cinit_table)

.rodata    0    000000c0    00003490     
                  000000c0    000017c0     lcd.o (.rodata.ascii_3216)
                  00001880    000011d0     lcd.o (.rodata.ascii_2412)
                  00002a50    000005f0     lcd.o (.rodata.ascii_1608)
                  00003040    00000474     lcd.o (.rodata.ascii_1206)
                  000034b4    00000028     ti_msp_dl_config.o (.rodata.gSYSPLLConfig)
                  000034dc    00000018     ti_msp_dl_config.o (.rodata.gDMA_CH0Config)
                  000034f4    00000014     ti_msp_dl_config.o (.rodata.gTIMER_ADC0TimerConfig)
                  00003508    00000011     libc.a : _printfi.c.obj (.rodata.str1.153638888446227384661)
                  00003519    0000000d     main.o (.rodata.str1.181369900268917052751)
                  00003526    0000000a     ti_msp_dl_config.o (.rodata.gSPI_LCD_config)
                  00003530    0000000a     ti_msp_dl_config.o (.rodata.gUART_0Config)
                  0000353a    00000002     ti_msp_dl_config.o (.rodata.gSPI_LCD_clockConfig)
                  0000353c    00000008     ti_msp_dl_config.o (.rodata.gADC_0ClockConfig)
                  00003544    00000006     key.o (.rodata.str1.130885104551968505001)
                  0000354a    00000003     ti_msp_dl_config.o (.rodata.gTIMER_ADC0ClockConfig)
                  0000354d    00000002     ti_msp_dl_config.o (.rodata.gUART_0ClockConfig)
                  0000354f    00000001     --HOLE-- [fill = 0]

.init_array 
*          0    00000000    00000000     UNINITIALIZED

.binit     0    00000000    00000000     

.data      0    20200000    00000907     UNINITIALIZED
                  20200000    00000800     main.o (.data.ADC_Value)
                  20200800    000000f0     libc.a : defs.c.obj (.data._ftable)
                  202008f0    0000000c     adc.o (.data.LoadValue_Set)
                  202008fc    00000004     libc.a : _lock.c.obj (.data._lock)
                  20200900    00000004            : _lock.c.obj (.data._unlock)
                  20200904    00000002     main.o (.data.LoadValue)
                  20200906    00000001     main.o (.data.ADC0_InterruptFlag)

.bss       0    20200908    000000c8     UNINITIALIZED
                  20200908    000000a0     (.common:gTIMER_ADC0Backup)
                  202009a8    00000028     (.common:gSPI_LCDBackup)

.stack     0    20207e00    00000200     UNINITIALIZED
                  20207e00    00000004     libc.a : boot_cortex_m.c.obj (.stack)
                  20207e04    000001fc     --HOLE--

__llvm_prf_cnts 
*          0    20200000    00000000     UNINITIALIZED

__llvm_prf_bits 
*          0    20200000    00000000     UNINITIALIZED

MODULE SUMMARY

       Module                         code   ro data   rw data
       ------                         ----   -------   -------
    .\
       ti_msp_dl_config.o             2688   119       200    
       main.o                         116    13        2051   
       startup_mspm0g350x_ticlang.o   8      192       0      
    +--+------------------------------+------+---------+---------+
       Total:                         2812   324       2251   
                                                              
    .\BSP\
       lcd.o                          1158   13300     0      
       lcd_init.o                     816    0         0      
       adc.o                          532    0         12     
       key.o                          328    6         0      
       delay.o                        246    0         0      
    +--+------------------------------+------+---------+---------+
       Total:                         3080   13306     12     
                                                              
    C:/ti/mspm0_sdk_2_03_00_07/source/ti/driverlib/lib/ticlang/m0p/mspm0g1x0x_g3x0x/driverlib.a
       dl_sysctl_mspm0g1x0x_g3x0x.o   388    0         0      
       dl_timer.o                     260    0         0      
       dl_uart.o                      122    0         0      
       dl_spi.o                       86     0         0      
       dl_dma.o                       76     0         0      
       dl_adc12.o                     64     0         0      
       dl_common.o                    10     0         0      
    +--+------------------------------+------+---------+---------+
       Total:                         1006   0         0      
                                                              
    C:\ti\ccs2001\ccs\tools\compiler\ti-cgt-armllvm_4.0.1.LTS\lib\armv6m-ti-none-eabi/c/libc.a
       _printfi.c.obj                 658    17        0      
       defs.c.obj                     0      0         240    
       copy_decompress_lzss.c.obj     124    0         0      
       printf.c.obj                   108    0         0      
       autoinit.c.obj                 60     0         0      
       boot_cortex_m.c.obj            40     0         0      
       memccpy.c.obj                  34     0         0      
       copy_zero_init.c.obj           22     0         0      
       copy_decompress_none.c.obj     18     0         0      
       memcpy16.S.obj                 18     0         0      
       memset16.S.obj                 14     0         0      
       strlen.c.obj                   14     0         0      
       _lock.c.obj                    2      0         8      
       exit.c.obj                     4      0         0      
       pre_init.c.obj                 4      0         0      
    +--+------------------------------+------+---------+---------+
       Total:                         1120   17        248    
                                                              
    C:\ti\ccs2001\ccs\tools\compiler\ti-cgt-armllvm_4.0.1.LTS\lib\armv6m-ti-none-eabi/libclang_rt.builtins.a
       aeabi_uidivmod.S.obj           64     0         0      
       aeabi_memset.S.obj             14     0         0      
       aeabi_memcpy.S.obj             8      0         0      
       aeabi_div0.c.obj               2      0         0      
    +--+------------------------------+------+---------+---------+
       Total:                         88     0         0      
                                                              
       Stack:                         0      0         512    
       Linker Generated:              0      95        0      
    +--+------------------------------+------+---------+---------+
       Grand Total:                   8106   13742     3023   


LINKER GENERATED COPY TABLES

__TI_cinit_table @ 00005558 records: 2, size/record: 8, table size: 16
	.data: load addr=00005508, load size=0000003b bytes, run addr=20200000, run size=00000907 bytes, compression=lzss
	.bss: load addr=00005550, load size=00000008 bytes, run addr=20200908, run size=000000c8 bytes, compression=zero_init


LINKER GENERATED HANDLER TABLE

__TI_handler_table @ 00005544 records: 3, size/record: 4, table size: 12
	index: 0, handler: __TI_decompress_lzss
	index: 1, handler: __TI_decompress_none
	index: 2, handler: __TI_zero_init


GLOBAL SYMBOLS: SORTED ALPHABETICALLY BY Name 

address   name                                 
-------   ----                                 
00004625  ADC0_IRQHandler                      
20200906  ADC0_InterruptFlag                   
000054f9  ADC1_IRQHandler                      
00004085  ADC_Init                             
20200000  ADC_Value                            
000054f9  AES_IRQHandler                       
00005504  C$$EXIT                              
000054f9  CANFD0_IRQHandler                    
000054f9  DAC0_IRQHandler                      
00004901  DL_ADC12_setClockConfig              
000054cd  DL_Common_delayCycles                
000046c5  DL_DMA_initChannel                   
000047f1  DL_SPI_init                          
0000540b  DL_SPI_setClockConfig                
00003dad  DL_SYSCTL_configSYSPLL               
000043f5  DL_SYSCTL_setHFCLKSourceHFXTParams   
00004835  DL_SYSCTL_switchMCLKfromSYSOSCtoHSCLK
00003cc5  DL_Timer_initTimerMode               
00005051  DL_Timer_setClockConfig              
000047a9  DL_UART_init                         
0000541d  DL_UART_setClockConfig               
00004ea1  DL_UART_transmitDataBlocking         
000054f9  DMA_IRQHandler                       
000054f9  Default_Handler                      
000054f9  GROUP0_IRQHandler                    
00003ff5  GROUP1_IRQHandler                    
000054f9  HardFault_Handler                    
000054f9  I2C0_IRQHandler                      
000054f9  I2C1_IRQHandler                      
0000533d  Key_Init                             
000045d1  LCD_Address_Set                      
00004c05  LCD_DrawPoint                        
00004109  LCD_Fill                             
00004307  LCD_GPIO_Init                        
000039e9  LCD_Init                             
000037d5  LCD_ShowChar                         
00003bad  LCD_ShowIntNum                       
0000428d  LCD_ShowString                       
00004efd  LCD_WR_DATA                          
000053e5  LCD_WR_DATA8                         
00004b79  LCD_WR_REG                           
00004879  LCD_Writ_Bus                         
20200904  LoadValue                            
000054f9  NMI_Handler                          
000054f9  PendSV_Handler                       
000054f9  RTC_IRQHandler                       
000054fd  Reset_Handler                        
000054f9  SPI0_IRQHandler                      
000054f9  SPI1_IRQHandler                      
000054f9  SVC_Handler                          
00003f4d  SYSCFG_DL_ADC_0_init                 
000052b5  SYSCFG_DL_DMA_CH0_init               
000054d7  SYSCFG_DL_DMA_init                   
00003e89  SYSCFG_DL_GPIO_init                  
00004941  SYSCFG_DL_SPI_LCD_init               
000044b9  SYSCFG_DL_SYSCTL_init                
00005485  SYSCFG_DL_SYSTICK_init               
000048bd  SYSCFG_DL_TIMER_ADC0_init            
00004981  SYSCFG_DL_UART_0_init                
000049c1  SYSCFG_DL_init                       
00004309  SYSCFG_DL_initPower                  
000054f9  SysTick_Handler                      
000054f9  TIMA0_IRQHandler                     
000054f9  TIMA1_IRQHandler                     
000054f9  TIMG0_IRQHandler                     
000054f9  TIMG12_IRQHandler                    
000054f9  TIMG6_IRQHandler                     
000054f9  TIMG7_IRQHandler                     
000054f9  TIMG8_IRQHandler                     
0000542f  TI_memcpy_small                      
000054bf  TI_memset_small                      
000054f9  UART0_IRQHandler                     
000054f9  UART1_IRQHandler                     
000054f9  UART2_IRQHandler                     
000054f9  UART3_IRQHandler                     
20208000  __STACK_END                          
00000200  __STACK_SIZE                         
00000000  __TI_ATRegion0_region_sz             
00000000  __TI_ATRegion0_src_addr              
00000000  __TI_ATRegion0_trg_addr              
00000000  __TI_ATRegion1_region_sz             
00000000  __TI_ATRegion1_src_addr              
00000000  __TI_ATRegion1_trg_addr              
00000000  __TI_ATRegion2_region_sz             
00000000  __TI_ATRegion2_src_addr              
00000000  __TI_ATRegion2_trg_addr              
00005558  __TI_CINIT_Base                      
00005568  __TI_CINIT_Limit                     
00005568  __TI_CINIT_Warm                      
00005544  __TI_Handler_Table_Base              
00005550  __TI_Handler_Table_Limit             
00004a41  __TI_auto_init_nobinit_nopinit       
00004211  __TI_decompress_lzss                 
00005441  __TI_decompress_none                 
ffffffff  __TI_pprof_out_hndl                  
00003551  __TI_printfi_minimal                 
ffffffff  __TI_prof_data_size                  
ffffffff  __TI_prof_data_start                 
00000000  __TI_static_base__                   
00005369  __TI_zero_init_nomemset              
00004623  __aeabi_idiv0                        
000054e1  __aeabi_memcpy                       
000054e1  __aeabi_memcpy4                      
000054e1  __aeabi_memcpy8                      
00005495  __aeabi_memset                       
00005495  __aeabi_memset4                      
00005495  __aeabi_memset8                      
00004a01  __aeabi_uidiv                        
00004a01  __aeabi_uidivmod                     
ffffffff  __binit__                            
UNDEFED   __mpu_init                           
20207e00  __stack                              
20200000  __start___llvm_prf_bits              
20200000  __start___llvm_prf_cnts              
20200000  __stop___llvm_prf_bits               
20200000  __stop___llvm_prf_cnts               
00004da9  _c_int00_noargs                      
20200800  _ftable                              
202008fc  _lock                                
000047a7  _nop                                 
UNDEFED   _system_post_cinit                   
00005501  _system_pre_init                     
20200900  _unlock                              
00005505  abort                                
00003040  ascii_1206                           
00002a50  ascii_1608                           
00001880  ascii_2412                           
000000c0  ascii_3216                           
ffffffff  binit                                
000052cd  delayLCD_ms                          
00005353  delay_ms                             
00004381  delay_us                             
0000506d  fputc                                
00004675  fputs                                
202009a8  gSPI_LCDBackup                       
20200908  gTIMER_ADC0Backup                    
00000000  interruptVectors                     
00004519  main                                 
00004e1d  memccpy                              
00004ba9  mypow                                
00004575  printf                               
000054b1  strlen                               


GLOBAL SYMBOLS: SORTED BY Symbol Address 

address   name                                 
-------   ----                                 
00000000  __TI_ATRegion0_region_sz             
00000000  __TI_ATRegion0_src_addr              
00000000  __TI_ATRegion0_trg_addr              
00000000  __TI_ATRegion1_region_sz             
00000000  __TI_ATRegion1_src_addr              
00000000  __TI_ATRegion1_trg_addr              
00000000  __TI_ATRegion2_region_sz             
00000000  __TI_ATRegion2_src_addr              
00000000  __TI_ATRegion2_trg_addr              
00000000  __TI_static_base__                   
00000000  interruptVectors                     
000000c0  ascii_3216                           
00000200  __STACK_SIZE                         
00001880  ascii_2412                           
00002a50  ascii_1608                           
00003040  ascii_1206                           
00003551  __TI_printfi_minimal                 
000037d5  LCD_ShowChar                         
000039e9  LCD_Init                             
00003bad  LCD_ShowIntNum                       
00003cc5  DL_Timer_initTimerMode               
00003dad  DL_SYSCTL_configSYSPLL               
00003e89  SYSCFG_DL_GPIO_init                  
00003f4d  SYSCFG_DL_ADC_0_init                 
00003ff5  GROUP1_IRQHandler                    
00004085  ADC_Init                             
00004109  LCD_Fill                             
00004211  __TI_decompress_lzss                 
0000428d  LCD_ShowString                       
00004307  LCD_GPIO_Init                        
00004309  SYSCFG_DL_initPower                  
00004381  delay_us                             
000043f5  DL_SYSCTL_setHFCLKSourceHFXTParams   
000044b9  SYSCFG_DL_SYSCTL_init                
00004519  main                                 
00004575  printf                               
000045d1  LCD_Address_Set                      
00004623  __aeabi_idiv0                        
00004625  ADC0_IRQHandler                      
00004675  fputs                                
000046c5  DL_DMA_initChannel                   
000047a7  _nop                                 
000047a9  DL_UART_init                         
000047f1  DL_SPI_init                          
00004835  DL_SYSCTL_switchMCLKfromSYSOSCtoHSCLK
00004879  LCD_Writ_Bus                         
000048bd  SYSCFG_DL_TIMER_ADC0_init            
00004901  DL_ADC12_setClockConfig              
00004941  SYSCFG_DL_SPI_LCD_init               
00004981  SYSCFG_DL_UART_0_init                
000049c1  SYSCFG_DL_init                       
00004a01  __aeabi_uidiv                        
00004a01  __aeabi_uidivmod                     
00004a41  __TI_auto_init_nobinit_nopinit       
00004b79  LCD_WR_REG                           
00004ba9  mypow                                
00004c05  LCD_DrawPoint                        
00004da9  _c_int00_noargs                      
00004e1d  memccpy                              
00004ea1  DL_UART_transmitDataBlocking         
00004efd  LCD_WR_DATA                          
00005051  DL_Timer_setClockConfig              
0000506d  fputc                                
000052b5  SYSCFG_DL_DMA_CH0_init               
000052cd  delayLCD_ms                          
0000533d  Key_Init                             
00005353  delay_ms                             
00005369  __TI_zero_init_nomemset              
000053e5  LCD_WR_DATA8                         
0000540b  DL_SPI_setClockConfig                
0000541d  DL_UART_setClockConfig               
0000542f  TI_memcpy_small                      
00005441  __TI_decompress_none                 
00005485  SYSCFG_DL_SYSTICK_init               
00005495  __aeabi_memset                       
00005495  __aeabi_memset4                      
00005495  __aeabi_memset8                      
000054b1  strlen                               
000054bf  TI_memset_small                      
000054cd  DL_Common_delayCycles                
000054d7  SYSCFG_DL_DMA_init                   
000054e1  __aeabi_memcpy                       
000054e1  __aeabi_memcpy4                      
000054e1  __aeabi_memcpy8                      
000054f9  ADC1_IRQHandler                      
000054f9  AES_IRQHandler                       
000054f9  CANFD0_IRQHandler                    
000054f9  DAC0_IRQHandler                      
000054f9  DMA_IRQHandler                       
000054f9  Default_Handler                      
000054f9  GROUP0_IRQHandler                    
000054f9  HardFault_Handler                    
000054f9  I2C0_IRQHandler                      
000054f9  I2C1_IRQHandler                      
000054f9  NMI_Handler                          
000054f9  PendSV_Handler                       
000054f9  RTC_IRQHandler                       
000054f9  SPI0_IRQHandler                      
000054f9  SPI1_IRQHandler                      
000054f9  SVC_Handler                          
000054f9  SysTick_Handler                      
000054f9  TIMA0_IRQHandler                     
000054f9  TIMA1_IRQHandler                     
000054f9  TIMG0_IRQHandler                     
000054f9  TIMG12_IRQHandler                    
000054f9  TIMG6_IRQHandler                     
000054f9  TIMG7_IRQHandler                     
000054f9  TIMG8_IRQHandler                     
000054f9  UART0_IRQHandler                     
000054f9  UART1_IRQHandler                     
000054f9  UART2_IRQHandler                     
000054f9  UART3_IRQHandler                     
000054fd  Reset_Handler                        
00005501  _system_pre_init                     
00005504  C$$EXIT                              
00005505  abort                                
00005544  __TI_Handler_Table_Base              
00005550  __TI_Handler_Table_Limit             
00005558  __TI_CINIT_Base                      
00005568  __TI_CINIT_Limit                     
00005568  __TI_CINIT_Warm                      
20200000  ADC_Value                            
20200000  __start___llvm_prf_bits              
20200000  __start___llvm_prf_cnts              
20200000  __stop___llvm_prf_bits               
20200000  __stop___llvm_prf_cnts               
20200800  _ftable                              
202008fc  _lock                                
20200900  _unlock                              
20200904  LoadValue                            
20200906  ADC0_InterruptFlag                   
20200908  gTIMER_ADC0Backup                    
202009a8  gSPI_LCDBackup                       
20207e00  __stack                              
20208000  __STACK_END                          
ffffffff  __TI_pprof_out_hndl                  
ffffffff  __TI_prof_data_size                  
ffffffff  __TI_prof_data_start                 
ffffffff  __binit__                            
ffffffff  binit                                
UNDEFED   __mpu_init                           
UNDEFED   _system_post_cinit                   

[142 symbols]
