******************************************************************************
            TI ARM Clang Linker PC v4.0.3                      
******************************************************************************
>> Linked Fri Jul 18 09:02:46 2025

OUTPUT FILE NAME:   <ZC008_v0.2.0.out>
ENTRY POINT SYMBOL: "_c_int00_noargs"  address: 00004d59


MEMORY CONFIGURATION

         name            origin    length      used     unused   attr    fill
----------------------  --------  ---------  --------  --------  ----  --------
  FLASH                 00000000   00020000  00005598  0001aa68  R  X
  SRAM                  20200000   00008000  000013d1  00006c2f  RW X
  BCR_CONFIG            41c00000   00000080  00000000  00000080  R   
  BSL_CONFIG            41c00100   00000080  00000000  00000080  R   


SEGMENT ALLOCATION MAP

run origin  load origin   length   init length attrs members
----------  ----------- ---------- ----------- ----- -------
00000000    00000000    00005598   00005598    r-x
  00000000    00000000    000000c0   000000c0    r-- .intvecs
  000000c0    000000c0    000034b0   000034b0    r-- .rodata
  00003570    00003570    00001fc8   00001fc8    r-x .text
  00005538    00005538    00000060   00000060    r-- .cinit
20200000    20200000    000011d4   00000000    rw-
  20200000    20200000    00001109   00000000    rw- .data
  2020110c    2020110c    000000c8   00000000    rw- .bss
20207e00    20207e00    00000200   00000000    rw-
  20207e00    20207e00    00000200   00000000    rw- .stack


SECTION ALLOCATION MAP

 output                                  attributes/
section   page    origin      length       input sections
--------  ----  ----------  ----------   ----------------
.intvecs   0    00000000    000000c0     
                  00000000    000000c0     startup_mspm0g350x_ticlang.o (.intvecs)

.text      0    00003570    00001fc8     
                  00003570    00000284     libc.a : _printfi.c.obj (.text:__TI_printfi_minimal)
                  000037f4    00000214     lcd.o (.text.LCD_ShowChar)
                  00003a08    000001c4     lcd_init.o (.text.LCD_Init)
                  00003bcc    000000e8     driverlib.a : dl_timer.o (.text.DL_Timer_initTimerMode)
                  00003cb4    000000dc                 : dl_sysctl_mspm0g1x0x_g3x0x.o (.text.DL_SYSCTL_configSYSPLL)
                  00003d90    000000c4     ti_msp_dl_config.o (.text.SYSCFG_DL_GPIO_init)
                  00003e54    000000b8     adc.o (.text.ADC_Init)
                  00003f0c    000000b0     key.o (.text.GROUP1_IRQHandler)
                  00003fbc    0000009c     main.o (.text.main)
                  00004058    00000094     ti_msp_dl_config.o (.text.SYSCFG_DL_ADC_1_init)
                  000040ec    00000090     ti_msp_dl_config.o (.text.SYSCFG_DL_ADC_0_init)
                  0000417c    0000008c     ti_msp_dl_config.o (.text.SYSCFG_DL_initPower)
                  00004208    00000084     lcd.o (.text.LCD_Fill)
                  0000428c    00000084     ti_msp_dl_config.o (.text.__NVIC_SetPriority)
                  00004310    0000007c     libc.a : copy_decompress_lzss.c.obj (.text:decompress:lzss)
                  0000438c    0000007a     lcd.o (.text.LCD_ShowString)
                  00004406    00000002     lcd_init.o (.text.LCD_GPIO_Init)
                  00004408    00000074     delay.o (.text.delay_us)
                  0000447c    00000064     driverlib.a : dl_sysctl_mspm0g1x0x_g3x0x.o (.text.DL_SYSCTL_setHFCLKSourceHFXTParams)
                  000044e0    00000060     ti_msp_dl_config.o (.text.SYSCFG_DL_SYSCTL_init)
                  00004540    0000005c     libc.a : printf.c.obj (.text.printf)
                  0000459c    00000058     ti_msp_dl_config.o (.text.SYSCFG_DL_TIMER_ADC0_init)
                  000045f4    00000052     lcd_init.o (.text.LCD_Address_Set)
                  00004646    00000002     libclang_rt.builtins.a : aeabi_div0.c.obj (.text.__aeabi_idiv0)
                  00004648    00000050     delay.o (.text.fputs)
                  00004698    0000004c     ti_msp_dl_config.o (.text.DL_ADC12_initSingleSample)
                  000046e4    0000004c     driverlib.a : dl_dma.o (.text.DL_DMA_initChannel)
                  00004730    0000004c     ti_msp_dl_config.o (.text.DL_UART_setBaudRateDivisor)
                  0000477c    0000004a     ti_msp_dl_config.o (.text.DL_ADC12_configConversionMem)
                  000047c6    00000002     libc.a : _lock.c.obj (.text._nop)
                  000047c8    00000048     driverlib.a : dl_uart.o (.text.DL_UART_init)
                  00004810    00000044                 : dl_spi.o (.text.DL_SPI_init)
                  00004854    00000044                 : dl_sysctl_mspm0g1x0x_g3x0x.o (.text.DL_SYSCTL_switchMCLKfromSYSOSCtoHSCLK)
                  00004898    00000044     lcd_init.o (.text.LCD_Writ_Bus)
                  000048dc    00000044     ti_msp_dl_config.o (.text.SYSCFG_DL_init)
                  00004920    00000040     driverlib.a : dl_adc12.o (.text.DL_ADC12_setClockConfig)
                  00004960    00000040     ti_msp_dl_config.o (.text.SYSCFG_DL_SPI_LCD_init)
                  000049a0    00000040     ti_msp_dl_config.o (.text.SYSCFG_DL_UART_0_init)
                  000049e0    00000040     libclang_rt.builtins.a : aeabi_uidivmod.S.obj (.text.__aeabi_uidivmod)
                  00004a20    0000003c     libc.a : autoinit.c.obj (.text:__TI_auto_init_nobinit_nopinit)
                  00004a5c    00000038     ti_msp_dl_config.o (.text.DL_Timer_setPublisherChanID)
                  00004a94    00000034     ti_msp_dl_config.o (.text.DL_GPIO_initDigitalInputFeatures)
                  00004ac8    00000030     adc.o (.text.DL_DMA_setTransferSize)
                  00004af8    00000030     ti_msp_dl_config.o (.text.DL_GPIO_initDigitalOutputFeatures)
                  00004b28    00000030     ti_msp_dl_config.o (.text.DL_SPI_setFIFOThreshold)
                  00004b58    00000030     lcd_init.o (.text.LCD_WR_REG)
                  00004b88    0000002c     ti_msp_dl_config.o (.text.DL_ADC12_setDMASamplesCnt)
                  00004bb4    0000002c     lcd.o (.text.LCD_DrawPoint)
                  00004be0    0000002c     adc.o (.text.__NVIC_ClearPendingIRQ)
                  00004c0c    0000002c     key.o (.text.__NVIC_ClearPendingIRQ)
                  00004c38    0000002c     adc.o (.text.__NVIC_EnableIRQ)
                  00004c64    0000002c     key.o (.text.__NVIC_EnableIRQ)
                  00004c90    00000028     ti_msp_dl_config.o (.text.DL_Common_updateReg)
                  00004cb8    00000028     adc.o (.text.DL_DMA_setDestAddr)
                  00004ce0    00000028     adc.o (.text.DL_DMA_setSrcAddr)
                  00004d08    00000028     ti_msp_dl_config.o (.text.DL_SYSTICK_init)
                  00004d30    00000028     ti_msp_dl_config.o (.text.DL_Timer_enableEvent)
                  00004d58    00000028     libc.a : boot_cortex_m.c.obj (.text:_c_int00_noargs)
                  00004d80    00000026     adc.o (.text.DL_DMA_enableChannel)
                  00004da6    00000002     --HOLE-- [fill = 0]
                  00004da8    00000024     adc.o (.text.ADC1_IRQHandler)
                  00004dcc    00000024     ti_msp_dl_config.o (.text.DL_SPI_setBitRateSerialClockDivider)
                  00004df0    00000022     libc.a : memccpy.c.obj (.text.memccpy)
                  00004e12    00000002     --HOLE-- [fill = 0]
                  00004e14    00000020     adc.o (.text.ADC0_IRQHandler)
                  00004e34    00000020     ti_msp_dl_config.o (.text.DL_GPIO_initPeripheralInputFunction)
                  00004e54    00000020     ti_msp_dl_config.o (.text.DL_SYSCTL_setFlashWaitState)
                  00004e74    00000020     ti_msp_dl_config.o (.text.DL_SYSCTL_setMFPCLKSource)
                  00004e94    00000020     driverlib.a : dl_uart.o (.text.DL_UART_transmitDataBlocking)
                  00004eb4    0000001e     ti_msp_dl_config.o (.text.DL_ADC12_setPowerDownMode)
                  00004ed2    0000001e     ti_msp_dl_config.o (.text.DL_UART_setOversampling)
                  00004ef0    0000001e     lcd_init.o (.text.LCD_WR_DATA)
                  00004f0e    00000002     --HOLE-- [fill = 0]
                  00004f10    0000001c     ti_msp_dl_config.o (.text.DL_ADC12_clearInterruptStatus)
                  00004f2c    0000001c     ti_msp_dl_config.o (.text.DL_ADC12_enableDMA)
                  00004f48    0000001c     ti_msp_dl_config.o (.text.DL_ADC12_enableDMATrigger)
                  00004f64    0000001c     ti_msp_dl_config.o (.text.DL_ADC12_enableInterrupt)
                  00004f80    0000001c     ti_msp_dl_config.o (.text.DL_GPIO_clearInterruptStatus)
                  00004f9c    0000001c     ti_msp_dl_config.o (.text.DL_GPIO_enableInterrupt)
                  00004fb8    0000001c     ti_msp_dl_config.o (.text.DL_GPIO_initPeripheralOutputFunction)
                  00004fd4    0000001c     ti_msp_dl_config.o (.text.DL_GPIO_setLowerPinsPolarity)
                  00004ff0    0000001c     key.o (.text.DL_Interrupt_getPendingGroup)
                  0000500c    0000001c     ti_msp_dl_config.o (.text.DL_SYSCTL_setSYSOSCFreq)
                  00005028    0000001c     ti_msp_dl_config.o (.text.DL_SYSCTL_setULPCLKDivider)
                  00005044    0000001c     driverlib.a : dl_timer.o (.text.DL_Timer_setClockConfig)
                  00005060    0000001c     delay.o (.text.fputc)
                  0000507c    0000001a     ti_msp_dl_config.o (.text.DL_ADC12_setSubscriberChanID)
                  00005096    00000002     --HOLE-- [fill = 0]
                  00005098    00000018     ti_msp_dl_config.o (.text.DL_ADC12_enablePower)
                  000050b0    00000018     ti_msp_dl_config.o (.text.DL_ADC12_reset)
                  000050c8    00000018     ti_msp_dl_config.o (.text.DL_GPIO_enableOutput)
                  000050e0    00000018     ti_msp_dl_config.o (.text.DL_GPIO_enablePower)
                  000050f8    00000018     ti_msp_dl_config.o (.text.DL_GPIO_initDigitalOutput)
                  00005110    00000018     ti_msp_dl_config.o (.text.DL_GPIO_initPeripheralAnalogFunction)
                  00005128    00000018     ti_msp_dl_config.o (.text.DL_GPIO_reset)
                  00005140    00000018     lcd_init.o (.text.DL_GPIO_setPins)
                  00005158    00000018     main.o (.text.DL_GPIO_setPins)
                  00005170    00000018     ti_msp_dl_config.o (.text.DL_GPIO_setPins)
                  00005188    00000018     ti_msp_dl_config.o (.text.DL_SPI_enable)
                  000051a0    00000018     ti_msp_dl_config.o (.text.DL_SPI_enablePower)
                  000051b8    00000018     lcd_init.o (.text.DL_SPI_isBusy)
                  000051d0    00000018     ti_msp_dl_config.o (.text.DL_SPI_reset)
                  000051e8    00000018     ti_msp_dl_config.o (.text.DL_SYSCTL_setBORThreshold)
                  00005200    00000018     ti_msp_dl_config.o (.text.DL_Timer_enablePower)
                  00005218    00000018     ti_msp_dl_config.o (.text.DL_Timer_reset)
                  00005230    00000018     adc.o (.text.DL_Timer_setLoadValue)
                  00005248    00000018     key.o (.text.DL_Timer_startCounter)
                  00005260    00000018     adc.o (.text.DL_Timer_stopCounter)
                  00005278    00000018     main.o (.text.DL_Timer_stopCounter)
                  00005290    00000018     ti_msp_dl_config.o (.text.DL_UART_enablePower)
                  000052a8    00000018     ti_msp_dl_config.o (.text.DL_UART_reset)
                  000052c0    00000018     ti_msp_dl_config.o (.text.SYSCFG_DL_DMA_CH0_init)
                  000052d8    00000018     ti_msp_dl_config.o (.text.SYSCFG_DL_DMA_CH1_init)
                  000052f0    00000018     lcd_init.o (.text.delayLCD_ms)
                  00005308    00000016     ti_msp_dl_config.o (.text.DL_ADC12_enableConversions)
                  0000531e    00000016     key.o (.text.DL_GPIO_readPins)
                  00005334    00000016     lcd_init.o (.text.DL_SPI_transmitData8)
                  0000534a    00000016     ti_msp_dl_config.o (.text.DL_UART_enable)
                  00005360    00000016     key.o (.text.Key_Init)
                  00005376    00000016     delay.o (.text.delay_ms)
                  0000538c    00000016     libc.a : copy_zero_init.c.obj (.text:decompress:ZI:__TI_zero_init_nomemset)
                  000053a2    00000014     lcd_init.o (.text.DL_GPIO_clearPins)
                  000053b6    00000014     ti_msp_dl_config.o (.text.DL_GPIO_clearPins)
                  000053ca    00000002     --HOLE-- [fill = 0]
                  000053cc    00000014     ti_msp_dl_config.o (.text.DL_SYSCTL_disableSYSPLL)
                  000053e0    00000014     ti_msp_dl_config.o (.text.DL_SYSCTL_enableMFCLK)
                  000053f4    00000014     ti_msp_dl_config.o (.text.DL_Timer_enableClock)
                  00005408    00000014     lcd_init.o (.text.LCD_WR_DATA8)
                  0000541c    00000012     adc.o (.text.DL_ADC12_getPendingInterrupt)
                  0000542e    00000012     driverlib.a : dl_spi.o (.text.DL_SPI_setClockConfig)
                  00005440    00000012                 : dl_uart.o (.text.DL_UART_setClockConfig)
                  00005452    00000012     libc.a : memcpy16.S.obj (.text:TI_memcpy_small)
                  00005464    00000012            : copy_decompress_none.c.obj (.text:decompress:none)
                  00005476    00000002     --HOLE-- [fill = 0]
                  00005478    00000010     ti_msp_dl_config.o (.text.DL_SYSCTL_disableHFXT)
                  00005488    00000010     ti_msp_dl_config.o (.text.DL_SYSCTL_enableMFPCLK)
                  00005498    00000010     ti_msp_dl_config.o (.text.DL_SYSTICK_enable)
                  000054a8    00000010     ti_msp_dl_config.o (.text.SYSCFG_DL_SYSTICK_init)
                  000054b8    0000000e     libclang_rt.builtins.a : aeabi_memset.S.obj (.text.__aeabi_memset)
                  000054c6    0000000e     libc.a : _printfi.c.obj (.text.strlen)
                  000054d4    0000000e            : strlen.c.obj (.text.strlen)
                  000054e2    0000000e            : memset16.S.obj (.text:TI_memset_small)
                  000054f0    0000000c     ti_msp_dl_config.o (.text.SYSCFG_DL_DMA_init)
                  000054fc    0000000a     driverlib.a : dl_common.o (.text.DL_Common_delayCycles)
                  00005506    00000002     --HOLE-- [fill = 0]
                  00005508    00000008     libclang_rt.builtins.a : aeabi_memcpy.S.obj (.text.__aeabi_memcpy)
                  00005510    00000008     libc.a : printf.c.obj (.text._outc)
                  00005518    00000008            : printf.c.obj (.text._outs)
                  00005520    00000006            : exit.c.obj (.text:abort)
                  00005526    00000004     startup_mspm0g350x_ticlang.o (.text.Default_Handler)
                  0000552a    00000004     libsysbm.a : hostexit.c.obj (.text.HOSTexit)
                  0000552e    00000004     startup_mspm0g350x_ticlang.o (.text.Reset_Handler)
                  00005532    00000004     libc.a : pre_init.c.obj (.text._system_pre_init)
                  00005536    00000002     --HOLE-- [fill = 0]

.cinit     0    00005538    00000060     
                  00005538    0000003b     (.cinit..data.load) [load image, compression = lzss]
                  00005573    00000001     --HOLE-- [fill = 0]
                  00005574    0000000c     (__TI_handler_table)
                  00005580    00000008     (.cinit..bss.load) [load image, compression = zero_init]
                  00005588    00000010     (__TI_cinit_table)

.rodata    0    000000c0    000034b0     
                  000000c0    000017c0     lcd.o (.rodata.ascii_3216)
                  00001880    000011d0     lcd.o (.rodata.ascii_2412)
                  00002a50    000005f0     lcd.o (.rodata.ascii_1608)
                  00003040    00000474     lcd.o (.rodata.ascii_1206)
                  000034b4    00000028     ti_msp_dl_config.o (.rodata.gSYSPLLConfig)
                  000034dc    00000018     ti_msp_dl_config.o (.rodata.gDMA_CH0Config)
                  000034f4    00000018     ti_msp_dl_config.o (.rodata.gDMA_CH1Config)
                  0000350c    00000014     ti_msp_dl_config.o (.rodata.gTIMER_ADC0TimerConfig)
                  00003520    00000011     libc.a : _printfi.c.obj (.rodata.str1.15363888844622738466.1)
                  00003531    0000000d     main.o (.rodata.str1.15159059442110792349.1)
                  0000353e    0000000a     ti_msp_dl_config.o (.rodata.gSPI_LCD_config)
                  00003548    0000000a     ti_msp_dl_config.o (.rodata.gUART_0Config)
                  00003552    00000002     ti_msp_dl_config.o (.rodata.gSPI_LCD_clockConfig)
                  00003554    00000008     ti_msp_dl_config.o (.rodata.gADC_0ClockConfig)
                  0000355c    00000008     ti_msp_dl_config.o (.rodata.gADC_1ClockConfig)
                  00003564    00000006     key.o (.rodata.str1.4934454146666290590.1)
                  0000356a    00000003     ti_msp_dl_config.o (.rodata.gTIMER_ADC0ClockConfig)
                  0000356d    00000002     ti_msp_dl_config.o (.rodata.gUART_0ClockConfig)
                  0000356f    00000001     --HOLE-- [fill = 0]

.init_array 
*          0    00000000    00000000     UNINITIALIZED

.binit     0    00000000    00000000     

.data      0    20200000    00001109     UNINITIALIZED
                  20200000    00000800     main.o (.data.ADC_Value0)
                  20200800    00000800     main.o (.data.ADC_Value1)
                  20201000    000000f0     libc.a : defs.c.obj (.data._ftable)
                  202010f0    0000000c     adc.o (.data.LoadValue_Set)
                  202010fc    00000004     libc.a : _lock.c.obj (.data._lock)
                  20201100    00000004            : _lock.c.obj (.data._unlock)
                  20201104    00000002     main.o (.data.LoadValue)
                  20201106    00000001     main.o (.data.ADC0_BusyFlag)
                  20201107    00000001     main.o (.data.ADC1_BusyFlag)
                  20201108    00000001     main.o (.data.TimerADC_BusyFlag)

.bss       0    2020110c    000000c8     UNINITIALIZED
                  2020110c    000000a0     (.common:gTIMER_ADC0Backup)
                  202011ac    00000028     (.common:gSPI_LCDBackup)

.stack     0    20207e00    00000200     UNINITIALIZED
                  20207e00    00000004     libc.a : boot_cortex_m.c.obj (.stack)
                  20207e04    000001fc     --HOLE--

__llvm_prf_cnts 
*          0    20200000    00000000     UNINITIALIZED

__llvm_prf_bits 
*          0    20200000    00000000     UNINITIALIZED

MODULE SUMMARY

       Module                         code   ro data   rw data
       ------                         ----   -------   -------
    .\
       main.o                         204    13        4101   
       ti_msp_dl_config.o             2864   151       200    
       startup_mspm0g350x_ticlang.o   8      192       0      
    +--+------------------------------+------+---------+---------+
       Total:                         3076   356       4301   
                                                              
    .\BSP\
       lcd.o                          830    13300     0      
       lcd_init.o                     816    0         0      
       adc.o                          572    0         12     
       key.o                          360    6         0      
       delay.o                        246    0         0      
    +--+------------------------------+------+---------+---------+
       Total:                         2824   13306     12     
                                                              
    C:/ti/mspm0_sdk_2_03_00_07/source/ti/driverlib/lib/ticlang/m0p/mspm0g1x0x_g3x0x/driverlib.a
       dl_sysctl_mspm0g1x0x_g3x0x.o   388    0         0      
       dl_timer.o                     260    0         0      
       dl_uart.o                      122    0         0      
       dl_spi.o                       86     0         0      
       dl_dma.o                       76     0         0      
       dl_adc12.o                     64     0         0      
       dl_common.o                    10     0         0      
    +--+------------------------------+------+---------+---------+
       Total:                         1006   0         0      
                                                              
    C:\ti\ccs2020\ccs\tools\compiler\ti-cgt-armllvm_4.0.3.LTS\lib\armv6m-ti-none-eabi/c/libc.a
       _printfi.c.obj                 658    17        0      
       defs.c.obj                     0      0         240    
       copy_decompress_lzss.c.obj     124    0         0      
       printf.c.obj                   108    0         0      
       autoinit.c.obj                 60     0         0      
       boot_cortex_m.c.obj            40     0         0      
       memccpy.c.obj                  34     0         0      
       copy_zero_init.c.obj           22     0         0      
       copy_decompress_none.c.obj     18     0         0      
       memcpy16.S.obj                 18     0         0      
       memset16.S.obj                 14     0         0      
       strlen.c.obj                   14     0         0      
       _lock.c.obj                    2      0         8      
       exit.c.obj                     6      0         0      
       pre_init.c.obj                 4      0         0      
    +--+------------------------------+------+---------+---------+
       Total:                         1122   17        248    
                                                              
    C:\ti\ccs2020\ccs\tools\compiler\ti-cgt-armllvm_4.0.3.LTS\lib\armv6m-ti-none-eabi/c/libsysbm.a
       hostexit.c.obj                 4      0         0      
    +--+------------------------------+------+---------+---------+
       Total:                         4      0         0      
                                                              
    C:\ti\ccs2020\ccs\tools\compiler\ti-cgt-armllvm_4.0.3.LTS\lib\armv6m-ti-none-eabi/libclang_rt.builtins.a
       aeabi_uidivmod.S.obj           64     0         0      
       aeabi_memset.S.obj             14     0         0      
       aeabi_memcpy.S.obj             8      0         0      
       aeabi_div0.c.obj               2      0         0      
    +--+------------------------------+------+---------+---------+
       Total:                         88     0         0      
                                                              
       Stack:                         0      0         512    
       Linker Generated:              0      95        0      
    +--+------------------------------+------+---------+---------+
       Grand Total:                   8120   13774     5073   


LINKER GENERATED COPY TABLES

__TI_cinit_table @ 00005588 records: 2, size/record: 8, table size: 16
	.data: load addr=00005538, load size=0000003b bytes, run addr=20200000, run size=00001109 bytes, compression=lzss
	.bss: load addr=00005580, load size=00000008 bytes, run addr=2020110c, run size=000000c8 bytes, compression=zero_init


LINKER GENERATED HANDLER TABLE

__TI_handler_table @ 00005574 records: 3, size/record: 4, table size: 12
	index: 0, handler: __TI_decompress_lzss
	index: 1, handler: __TI_decompress_none
	index: 2, handler: __TI_zero_init


GLOBAL SYMBOLS: SORTED ALPHABETICALLY BY Name 

address   name                                 
-------   ----                                 
20201106  ADC0_BusyFlag                        
00004e15  ADC0_IRQHandler                      
20201107  ADC1_BusyFlag                        
00004da9  ADC1_IRQHandler                      
00003e55  ADC_Init                             
20200000  ADC_Value0                           
20200800  ADC_Value1                           
00005527  AES_IRQHandler                       
0000552a  C$$EXIT                              
00005527  CANFD0_IRQHandler                    
00005527  DAC0_IRQHandler                      
00004921  DL_ADC12_setClockConfig              
000054fd  DL_Common_delayCycles                
000046e5  DL_DMA_initChannel                   
00004811  DL_SPI_init                          
0000542f  DL_SPI_setClockConfig                
00003cb5  DL_SYSCTL_configSYSPLL               
0000447d  DL_SYSCTL_setHFCLKSourceHFXTParams   
00004855  DL_SYSCTL_switchMCLKfromSYSOSCtoHSCLK
00003bcd  DL_Timer_initTimerMode               
00005045  DL_Timer_setClockConfig              
000047c9  DL_UART_init                         
00005441  DL_UART_setClockConfig               
00004e95  DL_UART_transmitDataBlocking         
00005527  DMA_IRQHandler                       
00005527  Default_Handler                      
00005527  GROUP0_IRQHandler                    
00003f0d  GROUP1_IRQHandler                    
0000552b  HOSTexit                             
00005527  HardFault_Handler                    
00005527  I2C0_IRQHandler                      
00005527  I2C1_IRQHandler                      
00005361  Key_Init                             
000045f5  LCD_Address_Set                      
00004bb5  LCD_DrawPoint                        
00004209  LCD_Fill                             
00004407  LCD_GPIO_Init                        
00003a09  LCD_Init                             
000037f5  LCD_ShowChar                         
0000438d  LCD_ShowString                       
00004ef1  LCD_WR_DATA                          
00005409  LCD_WR_DATA8                         
00004b59  LCD_WR_REG                           
00004899  LCD_Writ_Bus                         
20201104  LoadValue                            
00005527  NMI_Handler                          
00005527  PendSV_Handler                       
00005527  RTC_IRQHandler                       
0000552f  Reset_Handler                        
00005527  SPI0_IRQHandler                      
00005527  SPI1_IRQHandler                      
00005527  SVC_Handler                          
000040ed  SYSCFG_DL_ADC_0_init                 
00004059  SYSCFG_DL_ADC_1_init                 
000052c1  SYSCFG_DL_DMA_CH0_init               
000052d9  SYSCFG_DL_DMA_CH1_init               
000054f1  SYSCFG_DL_DMA_init                   
00003d91  SYSCFG_DL_GPIO_init                  
00004961  SYSCFG_DL_SPI_LCD_init               
000044e1  SYSCFG_DL_SYSCTL_init                
000054a9  SYSCFG_DL_SYSTICK_init               
0000459d  SYSCFG_DL_TIMER_ADC0_init            
000049a1  SYSCFG_DL_UART_0_init                
000048dd  SYSCFG_DL_init                       
0000417d  SYSCFG_DL_initPower                  
00005527  SysTick_Handler                      
00005527  TIMA0_IRQHandler                     
00005527  TIMA1_IRQHandler                     
00005527  TIMG0_IRQHandler                     
00005527  TIMG12_IRQHandler                    
00005527  TIMG6_IRQHandler                     
00005527  TIMG7_IRQHandler                     
00005527  TIMG8_IRQHandler                     
00005453  TI_memcpy_small                      
000054e3  TI_memset_small                      
20201108  TimerADC_BusyFlag                    
00005527  UART0_IRQHandler                     
00005527  UART1_IRQHandler                     
00005527  UART2_IRQHandler                     
00005527  UART3_IRQHandler                     
20208000  __STACK_END                          
00000200  __STACK_SIZE                         
00000000  __TI_ATRegion0_region_sz             
00000000  __TI_ATRegion0_src_addr              
00000000  __TI_ATRegion0_trg_addr              
00000000  __TI_ATRegion1_region_sz             
00000000  __TI_ATRegion1_src_addr              
00000000  __TI_ATRegion1_trg_addr              
00000000  __TI_ATRegion2_region_sz             
00000000  __TI_ATRegion2_src_addr              
00000000  __TI_ATRegion2_trg_addr              
00005588  __TI_CINIT_Base                      
00005598  __TI_CINIT_Limit                     
00005598  __TI_CINIT_Warm                      
00005574  __TI_Handler_Table_Base              
00005580  __TI_Handler_Table_Limit             
00004a21  __TI_auto_init_nobinit_nopinit       
00004311  __TI_decompress_lzss                 
00005465  __TI_decompress_none                 
ffffffff  __TI_pprof_out_hndl                  
00003571  __TI_printfi_minimal                 
ffffffff  __TI_prof_data_size                  
ffffffff  __TI_prof_data_start                 
00000000  __TI_static_base__                   
0000538d  __TI_zero_init_nomemset              
00004647  __aeabi_idiv0                        
00005509  __aeabi_memcpy                       
00005509  __aeabi_memcpy4                      
00005509  __aeabi_memcpy8                      
000054b9  __aeabi_memset                       
000054b9  __aeabi_memset4                      
000054b9  __aeabi_memset8                      
000049e1  __aeabi_uidiv                        
000049e1  __aeabi_uidivmod                     
ffffffff  __binit__                            
UNDEFED   __mpu_init                           
20207e00  __stack                              
20200000  __start___llvm_prf_bits              
20200000  __start___llvm_prf_cnts              
20200000  __stop___llvm_prf_bits               
20200000  __stop___llvm_prf_cnts               
00004d59  _c_int00_noargs                      
20201000  _ftable                              
202010fc  _lock                                
000047c7  _nop                                 
UNDEFED   _system_post_cinit                   
00005533  _system_pre_init                     
20201100  _unlock                              
00005521  abort                                
00003040  ascii_1206                           
00002a50  ascii_1608                           
00001880  ascii_2412                           
000000c0  ascii_3216                           
ffffffff  binit                                
000052f1  delayLCD_ms                          
00005377  delay_ms                             
00004409  delay_us                             
00005061  fputc                                
00004649  fputs                                
202011ac  gSPI_LCDBackup                       
2020110c  gTIMER_ADC0Backup                    
00000000  interruptVectors                     
00003fbd  main                                 
00004df1  memccpy                              
00004541  printf                               
000054d5  strlen                               


GLOBAL SYMBOLS: SORTED BY Symbol Address 

address   name                                 
-------   ----                                 
00000000  __TI_ATRegion0_region_sz             
00000000  __TI_ATRegion0_src_addr              
00000000  __TI_ATRegion0_trg_addr              
00000000  __TI_ATRegion1_region_sz             
00000000  __TI_ATRegion1_src_addr              
00000000  __TI_ATRegion1_trg_addr              
00000000  __TI_ATRegion2_region_sz             
00000000  __TI_ATRegion2_src_addr              
00000000  __TI_ATRegion2_trg_addr              
00000000  __TI_static_base__                   
00000000  interruptVectors                     
000000c0  ascii_3216                           
00000200  __STACK_SIZE                         
00001880  ascii_2412                           
00002a50  ascii_1608                           
00003040  ascii_1206                           
00003571  __TI_printfi_minimal                 
000037f5  LCD_ShowChar                         
00003a09  LCD_Init                             
00003bcd  DL_Timer_initTimerMode               
00003cb5  DL_SYSCTL_configSYSPLL               
00003d91  SYSCFG_DL_GPIO_init                  
00003e55  ADC_Init                             
00003f0d  GROUP1_IRQHandler                    
00003fbd  main                                 
00004059  SYSCFG_DL_ADC_1_init                 
000040ed  SYSCFG_DL_ADC_0_init                 
0000417d  SYSCFG_DL_initPower                  
00004209  LCD_Fill                             
00004311  __TI_decompress_lzss                 
0000438d  LCD_ShowString                       
00004407  LCD_GPIO_Init                        
00004409  delay_us                             
0000447d  DL_SYSCTL_setHFCLKSourceHFXTParams   
000044e1  SYSCFG_DL_SYSCTL_init                
00004541  printf                               
0000459d  SYSCFG_DL_TIMER_ADC0_init            
000045f5  LCD_Address_Set                      
00004647  __aeabi_idiv0                        
00004649  fputs                                
000046e5  DL_DMA_initChannel                   
000047c7  _nop                                 
000047c9  DL_UART_init                         
00004811  DL_SPI_init                          
00004855  DL_SYSCTL_switchMCLKfromSYSOSCtoHSCLK
00004899  LCD_Writ_Bus                         
000048dd  SYSCFG_DL_init                       
00004921  DL_ADC12_setClockConfig              
00004961  SYSCFG_DL_SPI_LCD_init               
000049a1  SYSCFG_DL_UART_0_init                
000049e1  __aeabi_uidiv                        
000049e1  __aeabi_uidivmod                     
00004a21  __TI_auto_init_nobinit_nopinit       
00004b59  LCD_WR_REG                           
00004bb5  LCD_DrawPoint                        
00004d59  _c_int00_noargs                      
00004da9  ADC1_IRQHandler                      
00004df1  memccpy                              
00004e15  ADC0_IRQHandler                      
00004e95  DL_UART_transmitDataBlocking         
00004ef1  LCD_WR_DATA                          
00005045  DL_Timer_setClockConfig              
00005061  fputc                                
000052c1  SYSCFG_DL_DMA_CH0_init               
000052d9  SYSCFG_DL_DMA_CH1_init               
000052f1  delayLCD_ms                          
00005361  Key_Init                             
00005377  delay_ms                             
0000538d  __TI_zero_init_nomemset              
00005409  LCD_WR_DATA8                         
0000542f  DL_SPI_setClockConfig                
00005441  DL_UART_setClockConfig               
00005453  TI_memcpy_small                      
00005465  __TI_decompress_none                 
000054a9  SYSCFG_DL_SYSTICK_init               
000054b9  __aeabi_memset                       
000054b9  __aeabi_memset4                      
000054b9  __aeabi_memset8                      
000054d5  strlen                               
000054e3  TI_memset_small                      
000054f1  SYSCFG_DL_DMA_init                   
000054fd  DL_Common_delayCycles                
00005509  __aeabi_memcpy                       
00005509  __aeabi_memcpy4                      
00005509  __aeabi_memcpy8                      
00005521  abort                                
00005527  AES_IRQHandler                       
00005527  CANFD0_IRQHandler                    
00005527  DAC0_IRQHandler                      
00005527  DMA_IRQHandler                       
00005527  Default_Handler                      
00005527  GROUP0_IRQHandler                    
00005527  HardFault_Handler                    
00005527  I2C0_IRQHandler                      
00005527  I2C1_IRQHandler                      
00005527  NMI_Handler                          
00005527  PendSV_Handler                       
00005527  RTC_IRQHandler                       
00005527  SPI0_IRQHandler                      
00005527  SPI1_IRQHandler                      
00005527  SVC_Handler                          
00005527  SysTick_Handler                      
00005527  TIMA0_IRQHandler                     
00005527  TIMA1_IRQHandler                     
00005527  TIMG0_IRQHandler                     
00005527  TIMG12_IRQHandler                    
00005527  TIMG6_IRQHandler                     
00005527  TIMG7_IRQHandler                     
00005527  TIMG8_IRQHandler                     
00005527  UART0_IRQHandler                     
00005527  UART1_IRQHandler                     
00005527  UART2_IRQHandler                     
00005527  UART3_IRQHandler                     
0000552a  C$$EXIT                              
0000552b  HOSTexit                             
0000552f  Reset_Handler                        
00005533  _system_pre_init                     
00005574  __TI_Handler_Table_Base              
00005580  __TI_Handler_Table_Limit             
00005588  __TI_CINIT_Base                      
00005598  __TI_CINIT_Limit                     
00005598  __TI_CINIT_Warm                      
20200000  ADC_Value0                           
20200000  __start___llvm_prf_bits              
20200000  __start___llvm_prf_cnts              
20200000  __stop___llvm_prf_bits               
20200000  __stop___llvm_prf_cnts               
20200800  ADC_Value1                           
20201000  _ftable                              
202010fc  _lock                                
20201100  _unlock                              
20201104  LoadValue                            
20201106  ADC0_BusyFlag                        
20201107  ADC1_BusyFlag                        
20201108  TimerADC_BusyFlag                    
2020110c  gTIMER_ADC0Backup                    
202011ac  gSPI_LCDBackup                       
20207e00  __stack                              
20208000  __STACK_END                          
ffffffff  __TI_pprof_out_hndl                  
ffffffff  __TI_prof_data_size                  
ffffffff  __TI_prof_data_start                 
ffffffff  __binit__                            
ffffffff  binit                                
UNDEFED   __mpu_init                           
UNDEFED   _system_post_cinit                   

[146 symbols]
