******************************************************************************
            TI ARM Clang Linker PC v4.0.3                      
******************************************************************************
>> Linked Sun Jul 27 19:53:01 2025

OUTPUT FILE NAME:   <ZC008_v0.5.0.out>
ENTRY POINT SYMBOL: "_c_int00_noargs"  address: 00002691


MEMORY CONFIGURATION

         name            origin    length      used     unused   attr    fill
----------------------  --------  ---------  --------  --------  ----  --------
  FLASH                 00000000   00020000  00002f38  0001d0c8  R  X
  SRAM                  20200000   00008000  00001966  0000669a  RW X
  BCR_CONFIG            41c00000   00000080  00000000  00000080  R   
  BSL_CONFIG            41c00100   00000080  00000000  00000080  R   


SEGMENT ALLOCATION MAP

run origin  load origin   length   init length attrs members
----------  ----------- ---------- ----------- ----- -------
00000000    00000000    00002f38   00002f38    r-x
  00000000    00000000    000000c0   000000c0    r-- .intvecs
  000000c0    000000c0    00002d00   00002d00    r-x .text
  00002dc0    00002dc0    00000110   00000110    r-- .rodata
  00002ed0    00002ed0    00000068   00000068    r-- .cinit
20200000    20200000    0000176d   00000000    rw-
  20200000    20200000    00001121   00000000    rw- .data
  20201128    20201128    00000400   00000000    rw- .sysmem
  20201528    20201528    00000245   00000000    rw- .bss
20207e00    20207e00    00000200   00000000    rw-
  20207e00    20207e00    00000200   00000000    rw- .stack


SECTION ALLOCATION MAP

 output                                  attributes/
section   page    origin      length       input sections
--------  ----  ----------  ----------   ----------------
.intvecs   0    00000000    000000c0     
                  00000000    000000c0     startup_mspm0g350x_ticlang.o (.intvecs)

.text      0    000000c0    00002d00     
                  000000c0    000002c8     main.o (.text.main)
                  00000388    00000284     libc.a : _printfi.c.obj (.text:__TI_printfi_minimal)
                  0000060c    000001ac     adc.o (.text.Find_ValidTriggerPairs)
                  000007b8    00000192     libclang_rt.builtins.a : adddf3.S.obj (.text.adddf3_subdf3)
                  0000094a    00000002                            : aeabi_div0.c.obj (.text.__aeabi_idiv0)
                  0000094c    00000170     adc.o (.text.Result_Calculate)
                  00000abc    00000134     adc.o (.text.Calculate_Freq_Final)
                  00000bf0    00000134     libc.a : qsort.c.obj (.text.qsort)
                  00000d24    00000114            : memory.c.obj (.text.aligned_alloc)
                  00000e38    0000010c     libclang_rt.builtins.a : divdf3.S.obj (.text.__divdf3)
                  00000f44    000000ec     adc.o (.text.Calculate_Freq)
                  00001030    000000e8     driverlib.a : dl_timer.o (.text.DL_Timer_initTimerMode)
                  00001118    000000e8     libc.a : memory.c.obj (.text.free)
                  00001200    000000e4     libclang_rt.builtins.a : muldf3.S.obj (.text.__muldf3)
                  000012e4    000000dc     driverlib.a : dl_sysctl_mspm0g1x0x_g3x0x.o (.text.DL_SYSCTL_configSYSPLL)
                  000013c0    000000d8     libclang_rt.builtins.a : addsf3.S.obj (.text)
                  00001498    000000bc     adc.o (.text.Calculate_Final)
                  00001554    000000b8     adc.o (.text.ADC_Init)
                  0000160c    000000a8     bsp_uart.o (.text.UART_Callback)
                  000016b4    000000a0     adc.o (.text.Find_TriggerPoint)
                  00001754    00000090     ti_msp_dl_config.o (.text.SYSCFG_DL_ADC_0_init)
                  000017e4    0000008e     filter.o (.text.Smooth_Filter)
                  00001872    00000002     libc.a : _lock.c.obj (.text._nop)
                  00001874    00000084     ti_msp_dl_config.o (.text.__NVIC_SetPriority)
                  000018f8    00000082     libclang_rt.builtins.a : divsf3.S.obj (.text.__divsf3)
                  0000197a    00000002     --HOLE-- [fill = 0]
                  0000197c    0000007c     libc.a : copy_decompress_lzss.c.obj (.text:decompress:lzss)
                  000019f8    00000078     ti_msp_dl_config.o (.text.SYSCFG_DL_ADC_1_init)
                  00001a70    00000078     ti_msp_dl_config.o (.text.SYSCFG_DL_GPIO_init)
                  00001ae8    00000078     ti_msp_dl_config.o (.text.SYSCFG_DL_initPower)
                  00001b60    00000074     libclang_rt.builtins.a : truncdfsf2.S.obj (.text.__truncdfsf2)
                  00001bd4    00000074     bsp_delay.o (.text.delay_us)
                  00001c48    00000064     driverlib.a : dl_sysctl_mspm0g1x0x_g3x0x.o (.text.DL_SYSCTL_setHFCLKSourceHFXTParams)
                  00001cac    00000064     libc.a : memory.c.obj (.text.split)
                  00001d10    0000005c            : printf.c.obj (.text.printf)
                  00001d6c    00000058     ti_msp_dl_config.o (.text.SYSCFG_DL_SYSCTL_init)
                  00001dc4    00000058     ti_msp_dl_config.o (.text.SYSCFG_DL_TIMER_ADC0_init)
                  00001e1c    00000056     libclang_rt.builtins.a : aeabi_idivmod.S.obj (.text.__aeabi_idivmod)
                  00001e72    00000002     --HOLE-- [fill = 0]
                  00001e74    00000050     ti_msp_dl_config.o (.text.SYSCFG_DL_UART_0_init)
                  00001ec4    00000050     bsp_uart.o (.text.fputs)
                  00001f14    0000004c     ti_msp_dl_config.o (.text.DL_ADC12_initSingleSample)
                  00001f60    0000004c     driverlib.a : dl_dma.o (.text.DL_DMA_initChannel)
                  00001fac    0000004c     ti_msp_dl_config.o (.text.DL_UART_setBaudRateDivisor)
                  00001ff8    0000004a     ti_msp_dl_config.o (.text.DL_ADC12_configConversionMem)
                  00002042    00000002     --HOLE-- [fill = 0]
                  00002044    0000004a     libclang_rt.builtins.a : fixdfsi.S.obj (.text.__fixdfsi)
                  0000208e    00000002     --HOLE-- [fill = 0]
                  00002090    00000048     driverlib.a : dl_uart.o (.text.DL_UART_init)
                  000020d8    00000044                 : dl_sysctl_mspm0g1x0x_g3x0x.o (.text.DL_SYSCTL_switchMCLKfromSYSOSCtoHSCLK)
                  0000211c    00000042     libclang_rt.builtins.a : fixunsdfsi.S.obj (.text.__fixunsdfsi)
                  0000215e    00000002     --HOLE-- [fill = 0]
                  00002160    00000040     driverlib.a : dl_adc12.o (.text.DL_ADC12_setClockConfig)
                  000021a0    00000040     libclang_rt.builtins.a : aeabi_uidivmod.S.obj (.text.__aeabi_uidivmod)
                  000021e0    00000040                            : extendsfdf2.S.obj (.text.__extendsfdf2)
                  00002220    0000003c     adc.o (.text.Adjust_LoadValue)
                  0000225c    0000003c     libclang_rt.builtins.a : floatsisf.S.obj (.text.__floatsisf)
                  00002298    0000003c     libc.a : autoinit.c.obj (.text:__TI_auto_init_nobinit_nopinit)
                  000022d4    0000003a     libclang_rt.builtins.a : muldsi3.S.obj (.text.__muldsi3)
                  0000230e    00000002     --HOLE-- [fill = 0]
                  00002310    00000038     ti_msp_dl_config.o (.text.DL_Timer_setPublisherChanID)
                  00002348    00000038     libclang_rt.builtins.a : fixsfsi.S.obj (.text.__fixsfsi)
                  00002380    00000034     ti_msp_dl_config.o (.text.SYSCFG_DL_init)
                  000023b4    00000030     adc.o (.text.DL_DMA_setTransferSize)
                  000023e4    00000030     ti_msp_dl_config.o (.text.DL_GPIO_initDigitalOutputFeatures)
                  00002414    00000030     bsp_uart.o (.text.UART0_IRQHandler)
                  00002444    0000002c     adc.o (.text.ADC0_IRQHandler)
                  00002470    0000002c     ti_msp_dl_config.o (.text.DL_ADC12_setDMASamplesCnt)
                  0000249c    0000002c     adc.o (.text.__NVIC_ClearPendingIRQ)
                  000024c8    0000002c     bsp_uart.o (.text.__NVIC_ClearPendingIRQ)
                  000024f4    0000002c     adc.o (.text.__NVIC_EnableIRQ)
                  00002520    0000002c     bsp_uart.o (.text.__NVIC_EnableIRQ)
                  0000254c    0000002c     libclang_rt.builtins.a : floatsidf.S.obj (.text.__floatsidf)
                  00002578    00000028     ti_msp_dl_config.o (.text.DL_Common_updateReg)
                  000025a0    00000028     adc.o (.text.DL_DMA_setDestAddr)
                  000025c8    00000028     adc.o (.text.DL_DMA_setSrcAddr)
                  000025f0    00000028     ti_msp_dl_config.o (.text.DL_SYSTICK_init)
                  00002618    00000028     ti_msp_dl_config.o (.text.DL_Timer_enableEvent)
                  00002640    00000028     libclang_rt.builtins.a : floatunsisf.S.obj (.text.__floatunsisf)
                  00002668    00000028     libc.a : memory.c.obj (.text.free_list_insert)
                  00002690    00000028            : boot_cortex_m.c.obj (.text:_c_int00_noargs)
                  000026b8    00000026     adc.o (.text.DL_DMA_enableChannel)
                  000026de    00000002     --HOLE-- [fill = 0]
                  000026e0    00000024     libclang_rt.builtins.a : floatunsidf.S.obj (.text.__floatunsidf)
                  00002704    00000022     libc.a : memccpy.c.obj (.text.memccpy)
                  00002726    00000002     --HOLE-- [fill = 0]
                  00002728    00000020     ti_msp_dl_config.o (.text.DL_GPIO_initPeripheralInputFunction)
                  00002748    00000020     ti_msp_dl_config.o (.text.DL_SYSCTL_setFlashWaitState)
                  00002768    00000020     ti_msp_dl_config.o (.text.DL_SYSCTL_setMFPCLKSource)
                  00002788    00000020     driverlib.a : dl_uart.o (.text.DL_UART_transmitDataBlocking)
                  000027a8    0000001e     ti_msp_dl_config.o (.text.DL_ADC12_setPowerDownMode)
                  000027c6    0000001e     ti_msp_dl_config.o (.text.DL_UART_setOversampling)
                  000027e4    0000001c     ti_msp_dl_config.o (.text.DL_ADC12_clearInterruptStatus)
                  00002800    0000001c     ti_msp_dl_config.o (.text.DL_ADC12_enableDMA)
                  0000281c    0000001c     ti_msp_dl_config.o (.text.DL_ADC12_enableDMATrigger)
                  00002838    0000001c     ti_msp_dl_config.o (.text.DL_ADC12_enableInterrupt)
                  00002854    0000001c     ti_msp_dl_config.o (.text.DL_GPIO_initPeripheralOutputFunction)
                  00002870    0000001c     ti_msp_dl_config.o (.text.DL_SYSCTL_setSYSOSCFreq)
                  0000288c    0000001c     ti_msp_dl_config.o (.text.DL_SYSCTL_setULPCLKDivider)
                  000028a8    0000001c     driverlib.a : dl_timer.o (.text.DL_Timer_setClockConfig)
                  000028c4    0000001c     ti_msp_dl_config.o (.text.DL_UART_enableInterrupt)
                  000028e0    0000001c     bsp_uart.o (.text.fputc)
                  000028fc    0000001c     libc.a : memory.c.obj (.text.free_list_remove)
                  00002918    0000001a     ti_msp_dl_config.o (.text.DL_ADC12_setSubscriberChanID)
                  00002932    00000002     --HOLE-- [fill = 0]
                  00002934    00000018     ti_msp_dl_config.o (.text.DL_ADC12_enablePower)
                  0000294c    00000018     ti_msp_dl_config.o (.text.DL_ADC12_reset)
                  00002964    00000018     ti_msp_dl_config.o (.text.DL_GPIO_enableOutput)
                  0000297c    00000018     ti_msp_dl_config.o (.text.DL_GPIO_enablePower)
                  00002994    00000018     ti_msp_dl_config.o (.text.DL_GPIO_initDigitalOutput)
                  000029ac    00000018     ti_msp_dl_config.o (.text.DL_GPIO_initPeripheralAnalogFunction)
                  000029c4    00000018     ti_msp_dl_config.o (.text.DL_GPIO_reset)
                  000029dc    00000018     main.o (.text.DL_GPIO_setPins)
                  000029f4    00000018     ti_msp_dl_config.o (.text.DL_GPIO_setPins)
                  00002a0c    00000018     ti_msp_dl_config.o (.text.DL_SYSCTL_setBORThreshold)
                  00002a24    00000018     ti_msp_dl_config.o (.text.DL_Timer_enablePower)
                  00002a3c    00000018     ti_msp_dl_config.o (.text.DL_Timer_reset)
                  00002a54    00000018     adc.o (.text.DL_Timer_setLoadValue)
                  00002a6c    00000018     main.o (.text.DL_Timer_setLoadValue)
                  00002a84    00000018     adc.o (.text.DL_Timer_startCounter)
                  00002a9c    00000018     main.o (.text.DL_Timer_startCounter)
                  00002ab4    00000018     adc.o (.text.DL_Timer_stopCounter)
                  00002acc    00000018     ti_msp_dl_config.o (.text.DL_UART_enablePower)
                  00002ae4    00000018     ti_msp_dl_config.o (.text.DL_UART_reset)
                  00002afc    00000018     ti_msp_dl_config.o (.text.SYSCFG_DL_DMA_CH0_init)
                  00002b14    00000018     ti_msp_dl_config.o (.text.SYSCFG_DL_DMA_CH1_init)
                  00002b2c    00000016     ti_msp_dl_config.o (.text.DL_ADC12_enableConversions)
                  00002b42    00000016     ti_msp_dl_config.o (.text.DL_UART_enable)
                  00002b58    00000016     bsp_uart.o (.text.UART_Init)
                  00002b6e    00000016     bsp_delay.o (.text.delay_ms)
                  00002b84    00000016     libc.a : copy_zero_init.c.obj (.text:decompress:ZI:__TI_zero_init_nomemset)
                  00002b9a    00000014     ti_msp_dl_config.o (.text.DL_GPIO_clearPins)
                  00002bae    00000002     --HOLE-- [fill = 0]
                  00002bb0    00000014     ti_msp_dl_config.o (.text.DL_SYSCTL_disableSYSPLL)
                  00002bc4    00000014     ti_msp_dl_config.o (.text.DL_SYSCTL_enableMFCLK)
                  00002bd8    00000014     ti_msp_dl_config.o (.text.DL_Timer_enableClock)
                  00002bec    00000014     bsp_uart.o (.text.DL_UART_receiveData)
                  00002c00    00000014     adc.o (.text.compare)
                  00002c14    00000012     adc.o (.text.DL_ADC12_getPendingInterrupt)
                  00002c26    00000012     bsp_uart.o (.text.DL_UART_getPendingInterrupt)
                  00002c38    00000012     driverlib.a : dl_uart.o (.text.DL_UART_setClockConfig)
                  00002c4a    00000012     libc.a : memcpy16.S.obj (.text:TI_memcpy_small)
                  00002c5c    00000012            : copy_decompress_none.c.obj (.text:decompress:none)
                  00002c6e    00000002     --HOLE-- [fill = 0]
                  00002c70    00000010     ti_msp_dl_config.o (.text.DL_SYSCTL_disableHFXT)
                  00002c80    00000010     ti_msp_dl_config.o (.text.DL_SYSCTL_enableMFPCLK)
                  00002c90    00000010     ti_msp_dl_config.o (.text.DL_SYSTICK_enable)
                  00002ca0    00000010     ti_msp_dl_config.o (.text.SYSCFG_DL_SYSTICK_init)
                  00002cb0    0000000e     libc.a : memory.c.obj (.text.OUTLINED_FUNCTION_0)
                  00002cbe    00000002     --HOLE-- [fill = 0]
                  00002cc0    0000000e     libclang_rt.builtins.a : aeabi_memset.S.obj (.text.__aeabi_memset)
                  00002cce    0000000e     libc.a : _printfi.c.obj (.text.strlen)
                  00002cdc    0000000e            : strlen.c.obj (.text.strlen)
                  00002cea    0000000e            : memset16.S.obj (.text:TI_memset_small)
                  00002cf8    0000000c     ti_msp_dl_config.o (.text.SYSCFG_DL_DMA_init)
                  00002d04    0000000c     libclang_rt.builtins.a : aeabi_memset.S.obj (.text.__aeabi_memclr)
                  00002d10    0000000c     libc.a : memory.c.obj (.text.malloc)
                  00002d1c    0000000a     driverlib.a : dl_common.o (.text.DL_Common_delayCycles)
                  00002d26    00000002     --HOLE-- [fill = 0]
                  00002d28    00000008     libclang_rt.builtins.a : aeabi_memcpy.S.obj (.text.__aeabi_memcpy)
                  00002d30    00000008     libc.a : printf.c.obj (.text._outc)
                  00002d38    00000008            : printf.c.obj (.text._outs)
                  00002d40    00000006            : exit.c.obj (.text:abort)
                  00002d46    00000004     main.o (.text.ADC1_IRQHandler)
                  00002d4a    00000004     main.o (.text.AES_IRQHandler)
                  00002d4e    00000004     main.o (.text.CANFD0_IRQHandler)
                  00002d52    00000004     main.o (.text.DAC0_IRQHandler)
                  00002d56    00000004     main.o (.text.DMA_IRQHandler)
                  00002d5a    00000004     main.o (.text.GROUP0_IRQHandler)
                  00002d5e    00000004     main.o (.text.GROUP1_IRQHandler)
                  00002d62    00000004     libsysbm.a : hostexit.c.obj (.text.HOSTexit)
                  00002d66    00000004     main.o (.text.HardFault_Handler)
                  00002d6a    00000004     main.o (.text.I2C0_IRQHandler)
                  00002d6e    00000004     main.o (.text.I2C1_IRQHandler)
                  00002d72    00000004     main.o (.text.NMI_Handler)
                  00002d76    00000004     main.o (.text.PendSV_Handler)
                  00002d7a    00000004     main.o (.text.RTC_IRQHandler)
                  00002d7e    00000004     startup_mspm0g350x_ticlang.o (.text.Reset_Handler)
                  00002d82    00000004     main.o (.text.SPI0_IRQHandler)
                  00002d86    00000004     main.o (.text.SPI1_IRQHandler)
                  00002d8a    00000004     main.o (.text.SVC_Handler)
                  00002d8e    00000004     main.o (.text.SysTick_Handler)
                  00002d92    00000004     main.o (.text.TIMA0_IRQHandler)
                  00002d96    00000004     main.o (.text.TIMA1_IRQHandler)
                  00002d9a    00000004     main.o (.text.TIMG0_IRQHandler)
                  00002d9e    00000004     main.o (.text.TIMG12_IRQHandler)
                  00002da2    00000004     main.o (.text.TIMG6_IRQHandler)
                  00002da6    00000004     main.o (.text.TIMG7_IRQHandler)
                  00002daa    00000004     main.o (.text.TIMG8_IRQHandler)
                  00002dae    00000004     main.o (.text.UART1_IRQHandler)
                  00002db2    00000004     main.o (.text.UART2_IRQHandler)
                  00002db6    00000004     main.o (.text.UART3_IRQHandler)
                  00002dba    00000004     libc.a : pre_init.c.obj (.text._system_pre_init)
                  00002dbe    00000002     --HOLE-- [fill = 0]

.cinit     0    00002ed0    00000068     
                  00002ed0    0000003d     (.cinit..data.load) [load image, compression = lzss]
                  00002f0d    00000003     --HOLE-- [fill = 0]
                  00002f10    0000000c     (__TI_handler_table)
                  00002f1c    00000008     (.cinit..bss.load) [load image, compression = zero_init]
                  00002f24    00000010     (__TI_cinit_table)
                  00002f34    00000004     --HOLE-- [fill = 0]

.rodata    0    00002dc0    00000110     
                  00002dc0    00000028     ti_msp_dl_config.o (.rodata.gSYSPLLConfig)
                  00002de8    00000019     main.o (.rodata.str1.2846389346932560359.1)
                  00002e01    00000003     ti_msp_dl_config.o (.rodata.gTIMER_ADC0ClockConfig)
                  00002e04    00000018     ti_msp_dl_config.o (.rodata.gDMA_CH0Config)
                  00002e1c    00000018     ti_msp_dl_config.o (.rodata.gDMA_CH1Config)
                  00002e34    00000018     main.o (.rodata.str1.12180500075719773345.1)
                  00002e4c    00000014     ti_msp_dl_config.o (.rodata.gTIMER_ADC0TimerConfig)
                  00002e60    00000012     main.o (.rodata.str1.17100691992556644108.1)
                  00002e72    00000012     main.o (.rodata.str1.8154729771448623357.1)
                  00002e84    00000011     libc.a : _printfi.c.obj (.rodata.str1.15363888844622738466.1)
                  00002e95    0000000d     main.o (.rodata.str1.15159059442110792349.1)
                  00002ea2    0000000d     main.o (.rodata.str1.18227636981041470289.1)
                  00002eaf    00000001     --HOLE-- [fill = 0]
                  00002eb0    0000000a     ti_msp_dl_config.o (.rodata.gUART_0Config)
                  00002eba    00000002     ti_msp_dl_config.o (.rodata.gUART_0ClockConfig)
                  00002ebc    00000008     ti_msp_dl_config.o (.rodata.gADC_0ClockConfig)
                  00002ec4    00000008     ti_msp_dl_config.o (.rodata.gADC_1ClockConfig)
                  00002ecc    00000004     --HOLE-- [fill = 0]

.init_array 
*          0    00000000    00000000     UNINITIALIZED

.binit     0    00000000    00000000     

.data      0    20200000    00001121     UNINITIALIZED
                  20200000    00000800     main.o (.data.ADC_Value0)
                  20200800    00000800     main.o (.data.ADC_Value1)
                  20201000    000000f0     libc.a : defs.c.obj (.data._ftable)
                  202010f0    0000000c     main.o (.data.LoadValue_Set)
                  202010fc    00000004     main.o (.data.Freq)
                  20201100    00000004     main.o (.data.UART0_RxSTA)
                  20201104    00000004     libc.a : _lock.c.obj (.data._lock)
                  20201108    00000004            : _lock.c.obj (.data._unlock)
                  2020110c    00000002     adc.o (.data.ADC_Trigger)
                  2020110e    00000002     adc.o (.data.IndexDiff_Final)
                  20201110    00000002     main.o (.data.LoadValue)
                  20201112    00000002     main.o (.data.LoadValue_Index)
                  20201114    00000002     adc.o (.data.PeriodCount)
                  20201116    00000002     adc.o (.data.StartIndex)
                  20201118    00000002     adc.o (.data.TriggerCount)
                  2020111a    00000001     main.o (.data.ADC_BusyFlag)
                  2020111b    00000001     main.o (.data.FinalSample_Flag)
                  2020111c    00000001     main.o (.data.Freq_FoundFlag)
                  2020111d    00000001     main.o (.data.TimerADC_BusyFlag)
                  2020111e    00000001     main.o (.data.TimerStart_Flag)
                  2020111f    00000001     adc.o (.data.TriggerFlag)
                  20201120    00000001     libc.a : memory.c.obj (.data.memory_is_initialized)

.sysmem    0    20201128    00000400     UNINITIALIZED
                  20201128    00000010     libc.a : memory.c.obj (.sysmem)
                  20201138    000003f0     --HOLE--

.bss       0    20201528    00000245     UNINITIALIZED
                  20201528    00000100     (.common:UART0_RxBuff)
                  20201628    000000a0     (.common:gTIMER_ADC0Backup)
                  202016c8    00000050     (.common:ValidPairs)
                  20201718    00000028     (.common:IndexDiff)
                  20201740    00000028     (.common:TriggerIndex)
                  20201768    00000004     libc.a : memory.c.obj (.bss.sys_free)
                  2020176c    00000001     (.common:UART0_len)

.stack     0    20207e00    00000200     UNINITIALIZED
                  20207e00    00000004     libc.a : boot_cortex_m.c.obj (.stack)
                  20207e04    000001fc     --HOLE--

__llvm_prf_cnts 
*          0    20200000    00000000     UNINITIALIZED

__llvm_prf_bits 
*          0    20200000    00000000     UNINITIALIZED

MODULE SUMMARY

       Module                         code    ro data   rw data
       ------                         ----    -------   -------
    .\
       main.o                         892     111       4382   
       ti_msp_dl_config.o             2404    139       160    
       startup_mspm0g350x_ticlang.o   4       192       0      
    +--+------------------------------+-------+---------+---------+
       Total:                         3300    442       4542   
                                                               
    .\BSP\
       adc.o                          2340    0         171    
    +--+------------------------------+-------+---------+---------+
       Total:                         2340    0         171    
                                                               
    .\BSP\delay\
       bsp_delay.o                    138     0         0      
    +--+------------------------------+-------+---------+---------+
       Total:                         138     0         0      
                                                               
    .\BSP\uart\
       bsp_uart.o                     472     0         0      
    +--+------------------------------+-------+---------+---------+
       Total:                         472     0         0      
                                                               
    .\User\
       filter.o                       142     0         0      
    +--+------------------------------+-------+---------+---------+
       Total:                         142     0         0      
                                                               
    C:/ti/mspm0_sdk_2_03_00_07/source/ti/driverlib/lib/ticlang/m0p/mspm0g1x0x_g3x0x/driverlib.a
       dl_sysctl_mspm0g1x0x_g3x0x.o   388     0         0      
       dl_timer.o                     260     0         0      
       dl_uart.o                      122     0         0      
       dl_dma.o                       76      0         0      
       dl_adc12.o                     64      0         0      
       dl_common.o                    10      0         0      
    +--+------------------------------+-------+---------+---------+
       Total:                         920     0         0      
                                                               
    C:\ti\ccs2020\ccs\tools\compiler\ti-cgt-armllvm_4.0.3.LTS\lib\armv6m-ti-none-eabi/c/libc.a
       memory.c.obj                   702     0         5      
       _printfi.c.obj                 658     17        0      
       qsort.c.obj                    308     0         0      
       defs.c.obj                     0       0         240    
       copy_decompress_lzss.c.obj     124     0         0      
       printf.c.obj                   108     0         0      
       autoinit.c.obj                 60      0         0      
       boot_cortex_m.c.obj            40      0         0      
       memccpy.c.obj                  34      0         0      
       copy_zero_init.c.obj           22      0         0      
       copy_decompress_none.c.obj     18      0         0      
       memcpy16.S.obj                 18      0         0      
       memset16.S.obj                 14      0         0      
       strlen.c.obj                   14      0         0      
       _lock.c.obj                    2       0         8      
       exit.c.obj                     6       0         0      
       pre_init.c.obj                 4       0         0      
    +--+------------------------------+-------+---------+---------+
       Total:                         2132    17        253    
                                                               
    C:\ti\ccs2020\ccs\tools\compiler\ti-cgt-armllvm_4.0.3.LTS\lib\armv6m-ti-none-eabi/c/libsysbm.a
       hostexit.c.obj                 4       0         0      
    +--+------------------------------+-------+---------+---------+
       Total:                         4       0         0      
                                                               
    C:\ti\ccs2020\ccs\tools\compiler\ti-cgt-armllvm_4.0.3.LTS\lib\armv6m-ti-none-eabi/libclang_rt.builtins.a
       adddf3.S.obj                   402     0         0      
       divdf3.S.obj                   268     0         0      
       muldf3.S.obj                   228     0         0      
       addsf3.S.obj                   216     0         0      
       divsf3.S.obj                   130     0         0      
       truncdfsf2.S.obj               116     0         0      
       aeabi_idivmod.S.obj            86      0         0      
       fixdfsi.S.obj                  74      0         0      
       fixunsdfsi.S.obj               66      0         0      
       aeabi_uidivmod.S.obj           64      0         0      
       extendsfdf2.S.obj              64      0         0      
       floatsisf.S.obj                60      0         0      
       muldsi3.S.obj                  58      0         0      
       fixsfsi.S.obj                  56      0         0      
       floatsidf.S.obj                44      0         0      
       floatunsisf.S.obj              40      0         0      
       floatunsidf.S.obj              36      0         0      
       aeabi_memset.S.obj             26      0         0      
       aeabi_memcpy.S.obj             8       0         0      
       aeabi_div0.c.obj               2       0         0      
    +--+------------------------------+-------+---------+---------+
       Total:                         2044    0         0      
                                                               
       Heap:                          0       0         1024   
       Stack:                         0       0         512    
       Linker Generated:              0       97        0      
    +--+------------------------------+-------+---------+---------+
       Grand Total:                   11492   556       6502   


LINKER GENERATED COPY TABLES

__TI_cinit_table @ 00002f24 records: 2, size/record: 8, table size: 16
	.data: load addr=00002ed0, load size=0000003d bytes, run addr=20200000, run size=00001121 bytes, compression=lzss
	.bss: load addr=00002f1c, load size=00000008 bytes, run addr=20201528, run size=00000245 bytes, compression=zero_init


LINKER GENERATED HANDLER TABLE

__TI_handler_table @ 00002f10 records: 3, size/record: 4, table size: 12
	index: 0, handler: __TI_decompress_lzss
	index: 1, handler: __TI_decompress_none
	index: 2, handler: __TI_zero_init


GLOBAL SYMBOLS: SORTED ALPHABETICALLY BY Name 

address   name                                 
-------   ----                                 
00002445  ADC0_IRQHandler                      
00002d47  ADC1_IRQHandler                      
2020111a  ADC_BusyFlag                         
00001555  ADC_Init                             
2020110c  ADC_Trigger                          
20200000  ADC_Value0                           
20200800  ADC_Value1                           
00002d4b  AES_IRQHandler                       
00002221  Adjust_LoadValue                     
00002d62  C$$EXIT                              
00002d4f  CANFD0_IRQHandler                    
00001499  Calculate_Final                      
00000f45  Calculate_Freq                       
00000abd  Calculate_Freq_Final                 
00002d53  DAC0_IRQHandler                      
00002161  DL_ADC12_setClockConfig              
00002d1d  DL_Common_delayCycles                
00001f61  DL_DMA_initChannel                   
000012e5  DL_SYSCTL_configSYSPLL               
00001c49  DL_SYSCTL_setHFCLKSourceHFXTParams   
000020d9  DL_SYSCTL_switchMCLKfromSYSOSCtoHSCLK
00001031  DL_Timer_initTimerMode               
000028a9  DL_Timer_setClockConfig              
00002091  DL_UART_init                         
00002c39  DL_UART_setClockConfig               
00002789  DL_UART_transmitDataBlocking         
00002d57  DMA_IRQHandler                       
2020111b  FinalSample_Flag                     
000016b5  Find_TriggerPoint                    
0000060d  Find_ValidTriggerPairs               
202010fc  Freq                                 
2020111c  Freq_FoundFlag                       
00002d5b  GROUP0_IRQHandler                    
00002d5f  GROUP1_IRQHandler                    
00002d63  HOSTexit                             
00002d67  HardFault_Handler                    
00002d6b  I2C0_IRQHandler                      
00002d6f  I2C1_IRQHandler                      
20201718  IndexDiff                            
2020110e  IndexDiff_Final                      
20201110  LoadValue                            
20201112  LoadValue_Index                      
202010f0  LoadValue_Set                        
00002d73  NMI_Handler                          
00002d77  PendSV_Handler                       
20201114  PeriodCount                          
00002d7b  RTC_IRQHandler                       
00002d7f  Reset_Handler                        
0000094d  Result_Calculate                     
00002d83  SPI0_IRQHandler                      
00002d87  SPI1_IRQHandler                      
00002d8b  SVC_Handler                          
00001755  SYSCFG_DL_ADC_0_init                 
000019f9  SYSCFG_DL_ADC_1_init                 
00002afd  SYSCFG_DL_DMA_CH0_init               
00002b15  SYSCFG_DL_DMA_CH1_init               
00002cf9  SYSCFG_DL_DMA_init                   
00001a71  SYSCFG_DL_GPIO_init                  
00001d6d  SYSCFG_DL_SYSCTL_init                
00002ca1  SYSCFG_DL_SYSTICK_init               
00001dc5  SYSCFG_DL_TIMER_ADC0_init            
00001e75  SYSCFG_DL_UART_0_init                
00002381  SYSCFG_DL_init                       
00001ae9  SYSCFG_DL_initPower                  
000017e5  Smooth_Filter                        
20201116  StartIndex                           
00002d8f  SysTick_Handler                      
00002d93  TIMA0_IRQHandler                     
00002d97  TIMA1_IRQHandler                     
00002d9b  TIMG0_IRQHandler                     
00002d9f  TIMG12_IRQHandler                    
00002da3  TIMG6_IRQHandler                     
00002da7  TIMG7_IRQHandler                     
00002dab  TIMG8_IRQHandler                     
00002c4b  TI_memcpy_small                      
00002ceb  TI_memset_small                      
2020111d  TimerADC_BusyFlag                    
2020111e  TimerStart_Flag                      
20201118  TriggerCount                         
2020111f  TriggerFlag                          
20201740  TriggerIndex                         
00002415  UART0_IRQHandler                     
20201528  UART0_RxBuff                         
20201100  UART0_RxSTA                          
2020176c  UART0_len                            
00002daf  UART1_IRQHandler                     
00002db3  UART2_IRQHandler                     
00002db7  UART3_IRQHandler                     
0000160d  UART_Callback                        
00002b59  UART_Init                            
202016c8  ValidPairs                           
20208000  __STACK_END                          
00000200  __STACK_SIZE                         
00000400  __SYSMEM_SIZE                        
00000000  __TI_ATRegion0_region_sz             
00000000  __TI_ATRegion0_src_addr              
00000000  __TI_ATRegion0_trg_addr              
00000000  __TI_ATRegion1_region_sz             
00000000  __TI_ATRegion1_src_addr              
00000000  __TI_ATRegion1_trg_addr              
00000000  __TI_ATRegion2_region_sz             
00000000  __TI_ATRegion2_src_addr              
00000000  __TI_ATRegion2_trg_addr              
00002f24  __TI_CINIT_Base                      
00002f34  __TI_CINIT_Limit                     
00002f34  __TI_CINIT_Warm                      
00002f10  __TI_Handler_Table_Base              
00002f1c  __TI_Handler_Table_Limit             
00002299  __TI_auto_init_nobinit_nopinit       
0000197d  __TI_decompress_lzss                 
00002c5d  __TI_decompress_none                 
ffffffff  __TI_pprof_out_hndl                  
00000389  __TI_printfi_minimal                 
ffffffff  __TI_prof_data_size                  
ffffffff  __TI_prof_data_start                 
00000000  __TI_static_base__                   
00002b85  __TI_zero_init_nomemset              
000007c3  __adddf3                             
000013cb  __addsf3                             
00001b61  __aeabi_d2f                          
00002045  __aeabi_d2iz                         
0000211d  __aeabi_d2uiz                        
000007c3  __aeabi_dadd                         
00000e39  __aeabi_ddiv                         
00001201  __aeabi_dmul                         
000007b9  __aeabi_dsub                         
000021e1  __aeabi_f2d                          
00002349  __aeabi_f2iz                         
000013cb  __aeabi_fadd                         
000018f9  __aeabi_fdiv                         
000013c1  __aeabi_fsub                         
0000254d  __aeabi_i2d                          
0000225d  __aeabi_i2f                          
00001e1d  __aeabi_idiv                         
0000094b  __aeabi_idiv0                        
00001e1d  __aeabi_idivmod                      
00002d05  __aeabi_memclr                       
00002d05  __aeabi_memclr4                      
00002d05  __aeabi_memclr8                      
00002d29  __aeabi_memcpy                       
00002d29  __aeabi_memcpy4                      
00002d29  __aeabi_memcpy8                      
00002cc1  __aeabi_memset                       
00002cc1  __aeabi_memset4                      
00002cc1  __aeabi_memset8                      
000026e1  __aeabi_ui2d                         
00002641  __aeabi_ui2f                         
000021a1  __aeabi_uidiv                        
000021a1  __aeabi_uidivmod                     
ffffffff  __binit__                            
00000e39  __divdf3                             
000018f9  __divsf3                             
000021e1  __extendsfdf2                        
00002045  __fixdfsi                            
00002349  __fixsfsi                            
0000211d  __fixunsdfsi                         
0000254d  __floatsidf                          
0000225d  __floatsisf                          
000026e1  __floatunsidf                        
00002641  __floatunsisf                        
UNDEFED   __mpu_init                           
00001201  __muldf3                             
000022d5  __muldsi3                            
20207e00  __stack                              
20200000  __start___llvm_prf_bits              
20200000  __start___llvm_prf_cnts              
20200000  __stop___llvm_prf_bits               
20200000  __stop___llvm_prf_cnts               
000007b9  __subdf3                             
000013c1  __subsf3                             
00001b61  __truncdfsf2                         
00002691  _c_int00_noargs                      
20201000  _ftable                              
20201104  _lock                                
00001873  _nop                                 
20201128  _sys_memory                          
UNDEFED   _system_post_cinit                   
00002dbb  _system_pre_init                     
20201108  _unlock                              
00002d41  abort                                
00000d25  aligned_alloc                        
ffffffff  binit                                
00002c01  compare                              
00002b6f  delay_ms                             
00001bd5  delay_us                             
000028e1  fputc                                
00001ec5  fputs                                
00001119  free                                 
20201628  gTIMER_ADC0Backup                    
00000000  interruptVectors                     
000000c1  main                                 
00002d11  malloc                               
00000d25  memalign                             
00002705  memccpy                              
00001d11  printf                               
00000bf1  qsort                                
00002cdd  strlen                               


GLOBAL SYMBOLS: SORTED BY Symbol Address 

address   name                                 
-------   ----                                 
00000000  __TI_ATRegion0_region_sz             
00000000  __TI_ATRegion0_src_addr              
00000000  __TI_ATRegion0_trg_addr              
00000000  __TI_ATRegion1_region_sz             
00000000  __TI_ATRegion1_src_addr              
00000000  __TI_ATRegion1_trg_addr              
00000000  __TI_ATRegion2_region_sz             
00000000  __TI_ATRegion2_src_addr              
00000000  __TI_ATRegion2_trg_addr              
00000000  __TI_static_base__                   
00000000  interruptVectors                     
000000c1  main                                 
00000200  __STACK_SIZE                         
00000389  __TI_printfi_minimal                 
00000400  __SYSMEM_SIZE                        
0000060d  Find_ValidTriggerPairs               
000007b9  __aeabi_dsub                         
000007b9  __subdf3                             
000007c3  __adddf3                             
000007c3  __aeabi_dadd                         
0000094b  __aeabi_idiv0                        
0000094d  Result_Calculate                     
00000abd  Calculate_Freq_Final                 
00000bf1  qsort                                
00000d25  aligned_alloc                        
00000d25  memalign                             
00000e39  __aeabi_ddiv                         
00000e39  __divdf3                             
00000f45  Calculate_Freq                       
00001031  DL_Timer_initTimerMode               
00001119  free                                 
00001201  __aeabi_dmul                         
00001201  __muldf3                             
000012e5  DL_SYSCTL_configSYSPLL               
000013c1  __aeabi_fsub                         
000013c1  __subsf3                             
000013cb  __addsf3                             
000013cb  __aeabi_fadd                         
00001499  Calculate_Final                      
00001555  ADC_Init                             
0000160d  UART_Callback                        
000016b5  Find_TriggerPoint                    
00001755  SYSCFG_DL_ADC_0_init                 
000017e5  Smooth_Filter                        
00001873  _nop                                 
000018f9  __aeabi_fdiv                         
000018f9  __divsf3                             
0000197d  __TI_decompress_lzss                 
000019f9  SYSCFG_DL_ADC_1_init                 
00001a71  SYSCFG_DL_GPIO_init                  
00001ae9  SYSCFG_DL_initPower                  
00001b61  __aeabi_d2f                          
00001b61  __truncdfsf2                         
00001bd5  delay_us                             
00001c49  DL_SYSCTL_setHFCLKSourceHFXTParams   
00001d11  printf                               
00001d6d  SYSCFG_DL_SYSCTL_init                
00001dc5  SYSCFG_DL_TIMER_ADC0_init            
00001e1d  __aeabi_idiv                         
00001e1d  __aeabi_idivmod                      
00001e75  SYSCFG_DL_UART_0_init                
00001ec5  fputs                                
00001f61  DL_DMA_initChannel                   
00002045  __aeabi_d2iz                         
00002045  __fixdfsi                            
00002091  DL_UART_init                         
000020d9  DL_SYSCTL_switchMCLKfromSYSOSCtoHSCLK
0000211d  __aeabi_d2uiz                        
0000211d  __fixunsdfsi                         
00002161  DL_ADC12_setClockConfig              
000021a1  __aeabi_uidiv                        
000021a1  __aeabi_uidivmod                     
000021e1  __aeabi_f2d                          
000021e1  __extendsfdf2                        
00002221  Adjust_LoadValue                     
0000225d  __aeabi_i2f                          
0000225d  __floatsisf                          
00002299  __TI_auto_init_nobinit_nopinit       
000022d5  __muldsi3                            
00002349  __aeabi_f2iz                         
00002349  __fixsfsi                            
00002381  SYSCFG_DL_init                       
00002415  UART0_IRQHandler                     
00002445  ADC0_IRQHandler                      
0000254d  __aeabi_i2d                          
0000254d  __floatsidf                          
00002641  __aeabi_ui2f                         
00002641  __floatunsisf                        
00002691  _c_int00_noargs                      
000026e1  __aeabi_ui2d                         
000026e1  __floatunsidf                        
00002705  memccpy                              
00002789  DL_UART_transmitDataBlocking         
000028a9  DL_Timer_setClockConfig              
000028e1  fputc                                
00002afd  SYSCFG_DL_DMA_CH0_init               
00002b15  SYSCFG_DL_DMA_CH1_init               
00002b59  UART_Init                            
00002b6f  delay_ms                             
00002b85  __TI_zero_init_nomemset              
00002c01  compare                              
00002c39  DL_UART_setClockConfig               
00002c4b  TI_memcpy_small                      
00002c5d  __TI_decompress_none                 
00002ca1  SYSCFG_DL_SYSTICK_init               
00002cc1  __aeabi_memset                       
00002cc1  __aeabi_memset4                      
00002cc1  __aeabi_memset8                      
00002cdd  strlen                               
00002ceb  TI_memset_small                      
00002cf9  SYSCFG_DL_DMA_init                   
00002d05  __aeabi_memclr                       
00002d05  __aeabi_memclr4                      
00002d05  __aeabi_memclr8                      
00002d11  malloc                               
00002d1d  DL_Common_delayCycles                
00002d29  __aeabi_memcpy                       
00002d29  __aeabi_memcpy4                      
00002d29  __aeabi_memcpy8                      
00002d41  abort                                
00002d47  ADC1_IRQHandler                      
00002d4b  AES_IRQHandler                       
00002d4f  CANFD0_IRQHandler                    
00002d53  DAC0_IRQHandler                      
00002d57  DMA_IRQHandler                       
00002d5b  GROUP0_IRQHandler                    
00002d5f  GROUP1_IRQHandler                    
00002d62  C$$EXIT                              
00002d63  HOSTexit                             
00002d67  HardFault_Handler                    
00002d6b  I2C0_IRQHandler                      
00002d6f  I2C1_IRQHandler                      
00002d73  NMI_Handler                          
00002d77  PendSV_Handler                       
00002d7b  RTC_IRQHandler                       
00002d7f  Reset_Handler                        
00002d83  SPI0_IRQHandler                      
00002d87  SPI1_IRQHandler                      
00002d8b  SVC_Handler                          
00002d8f  SysTick_Handler                      
00002d93  TIMA0_IRQHandler                     
00002d97  TIMA1_IRQHandler                     
00002d9b  TIMG0_IRQHandler                     
00002d9f  TIMG12_IRQHandler                    
00002da3  TIMG6_IRQHandler                     
00002da7  TIMG7_IRQHandler                     
00002dab  TIMG8_IRQHandler                     
00002daf  UART1_IRQHandler                     
00002db3  UART2_IRQHandler                     
00002db7  UART3_IRQHandler                     
00002dbb  _system_pre_init                     
00002f10  __TI_Handler_Table_Base              
00002f1c  __TI_Handler_Table_Limit             
00002f24  __TI_CINIT_Base                      
00002f34  __TI_CINIT_Limit                     
00002f34  __TI_CINIT_Warm                      
20200000  ADC_Value0                           
20200000  __start___llvm_prf_bits              
20200000  __start___llvm_prf_cnts              
20200000  __stop___llvm_prf_bits               
20200000  __stop___llvm_prf_cnts               
20200800  ADC_Value1                           
20201000  _ftable                              
202010f0  LoadValue_Set                        
202010fc  Freq                                 
20201100  UART0_RxSTA                          
20201104  _lock                                
20201108  _unlock                              
2020110c  ADC_Trigger                          
2020110e  IndexDiff_Final                      
20201110  LoadValue                            
20201112  LoadValue_Index                      
20201114  PeriodCount                          
20201116  StartIndex                           
20201118  TriggerCount                         
2020111a  ADC_BusyFlag                         
2020111b  FinalSample_Flag                     
2020111c  Freq_FoundFlag                       
2020111d  TimerADC_BusyFlag                    
2020111e  TimerStart_Flag                      
2020111f  TriggerFlag                          
20201128  _sys_memory                          
20201528  UART0_RxBuff                         
20201628  gTIMER_ADC0Backup                    
202016c8  ValidPairs                           
20201718  IndexDiff                            
20201740  TriggerIndex                         
2020176c  UART0_len                            
20207e00  __stack                              
20208000  __STACK_END                          
ffffffff  __TI_pprof_out_hndl                  
ffffffff  __TI_prof_data_size                  
ffffffff  __TI_prof_data_start                 
ffffffff  __binit__                            
ffffffff  binit                                
UNDEFED   __mpu_init                           
UNDEFED   _system_post_cinit                   

[197 symbols]
