******************************************************************************
            TI ARM Clang Linker PC v4.0.3                      
******************************************************************************
>> Linked Thu Jul 24 22:28:26 2025

OUTPUT FILE NAME:   <ZC008_v0.3.0.out>
ENTRY POINT SYMBOL: "_c_int00_noargs"  address: 00005d61


MEMORY CONFIGURATION

         name            origin    length      used     unused   attr    fill
----------------------  --------  ---------  --------  --------  ----  --------
  FLASH                 00000000   00020000  000066c0  00019940  R  X
  SRAM                  20200000   00008000  00001839  000067c7  RW X
  BCR_CONFIG            41c00000   00000080  00000000  00000080  R   
  BSL_CONFIG            41c00100   00000080  00000000  00000080  R   


SEGMENT ALLOCATION MAP

run origin  load origin   length   init length attrs members
----------  ----------- ---------- ----------- ----- -------
00000000    00000000    000066c0   000066c0    r-x
  00000000    00000000    000000c0   000000c0    r-- .intvecs
  000000c0    000000c0    000034b0   000034b0    r-- .rodata
  00003570    00003570    000030f0   000030f0    r-x .text
  00006660    00006660    00000060   00000060    r-- .cinit
20200000    20200000    0000163c   00000000    rw-
  20200000    20200000    0000111d   00000000    rw- .data
  20201120    20201120    00000400   00000000    rw- .sysmem
  20201520    20201520    0000011c   00000000    rw- .bss
20207e00    20207e00    00000200   00000000    rw-
  20207e00    20207e00    00000200   00000000    rw- .stack


SECTION ALLOCATION MAP

 output                                  attributes/
section   page    origin      length       input sections
--------  ----  ----------  ----------   ----------------
.intvecs   0    00000000    000000c0     
                  00000000    000000c0     startup_mspm0g350x_ticlang.o (.intvecs)

.text      0    00003570    000030f0     
                  00003570    00000284     libc.a : _printfi.c.obj (.text:__TI_printfi_minimal)
                  000037f4    00000214     lcd.o (.text.LCD_ShowChar)
                  00003a08    000001fc     main.o (.text.main)
                  00003c04    000001c4     lcd_init.o (.text.LCD_Init)
                  00003dc8    00000192     libclang_rt.builtins.a : adddf3.S.obj (.text.adddf3_subdf3)
                  00003f5a    00000002     lcd_init.o (.text.LCD_GPIO_Init)
                  00003f5c    00000170     adc.o (.text.Result_Calculate)
                  000040cc    00000134     libc.a : qsort.c.obj (.text.qsort)
                  00004200    00000114            : memory.c.obj (.text.aligned_alloc)
                  00004314    0000010c     libclang_rt.builtins.a : divdf3.S.obj (.text.__divdf3)
                  00004420    000000f4     adc.o (.text.Calculate_Freq)
                  00004514    000000e8     driverlib.a : dl_timer.o (.text.DL_Timer_initTimerMode)
                  000045fc    000000e8     libc.a : memory.c.obj (.text.free)
                  000046e4    000000e4     libclang_rt.builtins.a : muldf3.S.obj (.text.__muldf3)
                  000047c8    000000dc     driverlib.a : dl_sysctl_mspm0g1x0x_g3x0x.o (.text.DL_SYSCTL_configSYSPLL)
                  000048a4    000000d8     libclang_rt.builtins.a : addsf3.S.obj (.text)
                  0000497c    000000c4     ti_msp_dl_config.o (.text.SYSCFG_DL_GPIO_init)
                  00004a40    000000bc     adc.o (.text.Calculate_Final)
                  00004afc    000000b8     adc.o (.text.ADC_Init)
                  00004bb4    0000009c     adc.o (.text.Find_TriggerPoint)
                  00004c50    00000094     ti_msp_dl_config.o (.text.SYSCFG_DL_ADC_1_init)
                  00004ce4    00000090     ti_msp_dl_config.o (.text.SYSCFG_DL_ADC_0_init)
                  00004d74    0000008c     ti_msp_dl_config.o (.text.SYSCFG_DL_initPower)
                  00004e00    00000084     lcd.o (.text.LCD_Fill)
                  00004e84    00000084     ti_msp_dl_config.o (.text.__NVIC_SetPriority)
                  00004f08    00000082     libclang_rt.builtins.a : divsf3.S.obj (.text.__divsf3)
                  00004f8a    00000002                            : aeabi_div0.c.obj (.text.__aeabi_idiv0)
                  00004f8c    0000007c     key.o (.text.GROUP1_IRQHandler)
                  00005008    0000007c     libc.a : copy_decompress_lzss.c.obj (.text:decompress:lzss)
                  00005084    0000007a     lcd.o (.text.LCD_ShowString)
                  000050fe    00000002     libc.a : _lock.c.obj (.text._nop)
                  00005100    00000074     libclang_rt.builtins.a : truncdfsf2.S.obj (.text.__truncdfsf2)
                  00005174    00000074     delay.o (.text.delay_us)
                  000051e8    00000064     driverlib.a : dl_sysctl_mspm0g1x0x_g3x0x.o (.text.DL_SYSCTL_setHFCLKSourceHFXTParams)
                  0000524c    00000064     libc.a : memory.c.obj (.text.split)
                  000052b0    00000060     ti_msp_dl_config.o (.text.SYSCFG_DL_SYSCTL_init)
                  00005310    0000005c     libc.a : printf.c.obj (.text.printf)
                  0000536c    00000058     ti_msp_dl_config.o (.text.SYSCFG_DL_TIMER_ADC0_init)
                  000053c4    00000052     lcd_init.o (.text.LCD_Address_Set)
                  00005416    00000002     --HOLE-- [fill = 0]
                  00005418    00000050     delay.o (.text.fputs)
                  00005468    0000004c     ti_msp_dl_config.o (.text.DL_ADC12_initSingleSample)
                  000054b4    0000004c     driverlib.a : dl_dma.o (.text.DL_DMA_initChannel)
                  00005500    0000004c     ti_msp_dl_config.o (.text.DL_UART_setBaudRateDivisor)
                  0000554c    0000004a     ti_msp_dl_config.o (.text.DL_ADC12_configConversionMem)
                  00005596    00000002     --HOLE-- [fill = 0]
                  00005598    0000004a     libclang_rt.builtins.a : fixdfsi.S.obj (.text.__fixdfsi)
                  000055e2    00000002     --HOLE-- [fill = 0]
                  000055e4    00000048     driverlib.a : dl_uart.o (.text.DL_UART_init)
                  0000562c    00000044                 : dl_spi.o (.text.DL_SPI_init)
                  00005670    00000044                 : dl_sysctl_mspm0g1x0x_g3x0x.o (.text.DL_SYSCTL_switchMCLKfromSYSOSCtoHSCLK)
                  000056b4    00000044     lcd_init.o (.text.LCD_Writ_Bus)
                  000056f8    00000044     ti_msp_dl_config.o (.text.SYSCFG_DL_init)
                  0000573c    00000042     libclang_rt.builtins.a : fixunsdfsi.S.obj (.text.__fixunsdfsi)
                  0000577e    00000002     --HOLE-- [fill = 0]
                  00005780    00000040     driverlib.a : dl_adc12.o (.text.DL_ADC12_setClockConfig)
                  000057c0    00000040     ti_msp_dl_config.o (.text.SYSCFG_DL_SPI_LCD_init)
                  00005800    00000040     ti_msp_dl_config.o (.text.SYSCFG_DL_UART_0_init)
                  00005840    00000040     libclang_rt.builtins.a : aeabi_uidivmod.S.obj (.text.__aeabi_uidivmod)
                  00005880    00000040                            : extendsfdf2.S.obj (.text.__extendsfdf2)
                  000058c0    0000003c     adc.o (.text.Adjust_LoadValue)
                  000058fc    0000003c     libclang_rt.builtins.a : floatsisf.S.obj (.text.__floatsisf)
                  00005938    0000003c     libc.a : autoinit.c.obj (.text:__TI_auto_init_nobinit_nopinit)
                  00005974    0000003a     libclang_rt.builtins.a : muldsi3.S.obj (.text.__muldsi3)
                  000059ae    00000002     --HOLE-- [fill = 0]
                  000059b0    00000038     ti_msp_dl_config.o (.text.DL_Timer_setPublisherChanID)
                  000059e8    00000038     libclang_rt.builtins.a : fixsfsi.S.obj (.text.__fixsfsi)
                  00005a20    00000034     ti_msp_dl_config.o (.text.DL_GPIO_initDigitalInputFeatures)
                  00005a54    00000030     adc.o (.text.DL_DMA_setTransferSize)
                  00005a84    00000030     ti_msp_dl_config.o (.text.DL_GPIO_initDigitalOutputFeatures)
                  00005ab4    00000030     ti_msp_dl_config.o (.text.DL_SPI_setFIFOThreshold)
                  00005ae4    00000030     lcd_init.o (.text.LCD_WR_REG)
                  00005b14    0000002c     ti_msp_dl_config.o (.text.DL_ADC12_setDMASamplesCnt)
                  00005b40    0000002c     lcd.o (.text.LCD_DrawPoint)
                  00005b6c    0000002c     adc.o (.text.__NVIC_ClearPendingIRQ)
                  00005b98    0000002c     key.o (.text.__NVIC_ClearPendingIRQ)
                  00005bc4    0000002c     adc.o (.text.__NVIC_EnableIRQ)
                  00005bf0    0000002c     key.o (.text.__NVIC_EnableIRQ)
                  00005c1c    0000002c     libclang_rt.builtins.a : floatsidf.S.obj (.text.__floatsidf)
                  00005c48    00000028     ti_msp_dl_config.o (.text.DL_Common_updateReg)
                  00005c70    00000028     adc.o (.text.DL_DMA_setDestAddr)
                  00005c98    00000028     adc.o (.text.DL_DMA_setSrcAddr)
                  00005cc0    00000028     ti_msp_dl_config.o (.text.DL_SYSTICK_init)
                  00005ce8    00000028     ti_msp_dl_config.o (.text.DL_Timer_enableEvent)
                  00005d10    00000028     libclang_rt.builtins.a : floatunsisf.S.obj (.text.__floatunsisf)
                  00005d38    00000028     libc.a : memory.c.obj (.text.free_list_insert)
                  00005d60    00000028            : boot_cortex_m.c.obj (.text:_c_int00_noargs)
                  00005d88    00000026     adc.o (.text.DL_DMA_enableChannel)
                  00005dae    00000002     --HOLE-- [fill = 0]
                  00005db0    00000024     adc.o (.text.ADC1_IRQHandler)
                  00005dd4    00000024     ti_msp_dl_config.o (.text.DL_SPI_setBitRateSerialClockDivider)
                  00005df8    00000024     libclang_rt.builtins.a : floatunsidf.S.obj (.text.__floatunsidf)
                  00005e1c    00000022     libc.a : memccpy.c.obj (.text.memccpy)
                  00005e3e    00000002     --HOLE-- [fill = 0]
                  00005e40    00000020     adc.o (.text.ADC0_IRQHandler)
                  00005e60    00000020     ti_msp_dl_config.o (.text.DL_GPIO_initPeripheralInputFunction)
                  00005e80    00000020     ti_msp_dl_config.o (.text.DL_SYSCTL_setFlashWaitState)
                  00005ea0    00000020     ti_msp_dl_config.o (.text.DL_SYSCTL_setMFPCLKSource)
                  00005ec0    00000020     driverlib.a : dl_uart.o (.text.DL_UART_transmitDataBlocking)
                  00005ee0    0000001e     ti_msp_dl_config.o (.text.DL_ADC12_setPowerDownMode)
                  00005efe    0000001e     ti_msp_dl_config.o (.text.DL_UART_setOversampling)
                  00005f1c    0000001e     lcd_init.o (.text.LCD_WR_DATA)
                  00005f3a    00000002     --HOLE-- [fill = 0]
                  00005f3c    0000001c     ti_msp_dl_config.o (.text.DL_ADC12_clearInterruptStatus)
                  00005f58    0000001c     ti_msp_dl_config.o (.text.DL_ADC12_enableDMA)
                  00005f74    0000001c     ti_msp_dl_config.o (.text.DL_ADC12_enableDMATrigger)
                  00005f90    0000001c     ti_msp_dl_config.o (.text.DL_ADC12_enableInterrupt)
                  00005fac    0000001c     ti_msp_dl_config.o (.text.DL_GPIO_clearInterruptStatus)
                  00005fc8    0000001c     ti_msp_dl_config.o (.text.DL_GPIO_enableInterrupt)
                  00005fe4    0000001c     ti_msp_dl_config.o (.text.DL_GPIO_initPeripheralOutputFunction)
                  00006000    0000001c     ti_msp_dl_config.o (.text.DL_GPIO_setLowerPinsPolarity)
                  0000601c    0000001c     key.o (.text.DL_Interrupt_getPendingGroup)
                  00006038    0000001c     ti_msp_dl_config.o (.text.DL_SYSCTL_setSYSOSCFreq)
                  00006054    0000001c     ti_msp_dl_config.o (.text.DL_SYSCTL_setULPCLKDivider)
                  00006070    0000001c     driverlib.a : dl_timer.o (.text.DL_Timer_setClockConfig)
                  0000608c    0000001c     delay.o (.text.fputc)
                  000060a8    0000001c     libc.a : memory.c.obj (.text.free_list_remove)
                  000060c4    0000001a     ti_msp_dl_config.o (.text.DL_ADC12_setSubscriberChanID)
                  000060de    00000002     --HOLE-- [fill = 0]
                  000060e0    00000018     ti_msp_dl_config.o (.text.DL_ADC12_enablePower)
                  000060f8    00000018     ti_msp_dl_config.o (.text.DL_ADC12_reset)
                  00006110    00000018     ti_msp_dl_config.o (.text.DL_GPIO_enableOutput)
                  00006128    00000018     ti_msp_dl_config.o (.text.DL_GPIO_enablePower)
                  00006140    00000018     ti_msp_dl_config.o (.text.DL_GPIO_initDigitalOutput)
                  00006158    00000018     ti_msp_dl_config.o (.text.DL_GPIO_initPeripheralAnalogFunction)
                  00006170    00000018     ti_msp_dl_config.o (.text.DL_GPIO_reset)
                  00006188    00000018     lcd_init.o (.text.DL_GPIO_setPins)
                  000061a0    00000018     main.o (.text.DL_GPIO_setPins)
                  000061b8    00000018     ti_msp_dl_config.o (.text.DL_GPIO_setPins)
                  000061d0    00000018     ti_msp_dl_config.o (.text.DL_SPI_enable)
                  000061e8    00000018     ti_msp_dl_config.o (.text.DL_SPI_enablePower)
                  00006200    00000018     lcd_init.o (.text.DL_SPI_isBusy)
                  00006218    00000018     ti_msp_dl_config.o (.text.DL_SPI_reset)
                  00006230    00000018     ti_msp_dl_config.o (.text.DL_SYSCTL_setBORThreshold)
                  00006248    00000018     ti_msp_dl_config.o (.text.DL_Timer_enablePower)
                  00006260    00000018     ti_msp_dl_config.o (.text.DL_Timer_reset)
                  00006278    00000018     adc.o (.text.DL_Timer_setLoadValue)
                  00006290    00000018     main.o (.text.DL_Timer_setLoadValue)
                  000062a8    00000018     adc.o (.text.DL_Timer_startCounter)
                  000062c0    00000018     main.o (.text.DL_Timer_startCounter)
                  000062d8    00000018     adc.o (.text.DL_Timer_stopCounter)
                  000062f0    00000018     main.o (.text.DL_Timer_stopCounter)
                  00006308    00000018     ti_msp_dl_config.o (.text.DL_UART_enablePower)
                  00006320    00000018     ti_msp_dl_config.o (.text.DL_UART_reset)
                  00006338    00000018     ti_msp_dl_config.o (.text.SYSCFG_DL_DMA_CH0_init)
                  00006350    00000018     ti_msp_dl_config.o (.text.SYSCFG_DL_DMA_CH1_init)
                  00006368    00000018     lcd_init.o (.text.delayLCD_ms)
                  00006380    00000016     ti_msp_dl_config.o (.text.DL_ADC12_enableConversions)
                  00006396    00000016     key.o (.text.DL_GPIO_readPins)
                  000063ac    00000016     lcd_init.o (.text.DL_SPI_transmitData8)
                  000063c2    00000016     ti_msp_dl_config.o (.text.DL_UART_enable)
                  000063d8    00000016     key.o (.text.Key_Init)
                  000063ee    00000016     delay.o (.text.delay_ms)
                  00006404    00000016     libc.a : copy_zero_init.c.obj (.text:decompress:ZI:__TI_zero_init_nomemset)
                  0000641a    00000014     lcd_init.o (.text.DL_GPIO_clearPins)
                  0000642e    00000014     ti_msp_dl_config.o (.text.DL_GPIO_clearPins)
                  00006442    00000002     --HOLE-- [fill = 0]
                  00006444    00000014     ti_msp_dl_config.o (.text.DL_SYSCTL_disableSYSPLL)
                  00006458    00000014     ti_msp_dl_config.o (.text.DL_SYSCTL_enableMFCLK)
                  0000646c    00000014     ti_msp_dl_config.o (.text.DL_Timer_enableClock)
                  00006480    00000014     lcd_init.o (.text.LCD_WR_DATA8)
                  00006494    00000014     adc.o (.text.compare)
                  000064a8    00000012     adc.o (.text.DL_ADC12_getPendingInterrupt)
                  000064ba    00000012     driverlib.a : dl_spi.o (.text.DL_SPI_setClockConfig)
                  000064cc    00000012                 : dl_uart.o (.text.DL_UART_setClockConfig)
                  000064de    00000012     libc.a : memcpy16.S.obj (.text:TI_memcpy_small)
                  000064f0    00000012            : copy_decompress_none.c.obj (.text:decompress:none)
                  00006502    00000002     --HOLE-- [fill = 0]
                  00006504    00000010     ti_msp_dl_config.o (.text.DL_SYSCTL_disableHFXT)
                  00006514    00000010     ti_msp_dl_config.o (.text.DL_SYSCTL_enableMFPCLK)
                  00006524    00000010     ti_msp_dl_config.o (.text.DL_SYSTICK_enable)
                  00006534    00000010     ti_msp_dl_config.o (.text.SYSCFG_DL_SYSTICK_init)
                  00006544    0000000e     libc.a : memory.c.obj (.text.OUTLINED_FUNCTION_0)
                  00006552    00000002     --HOLE-- [fill = 0]
                  00006554    0000000e     libclang_rt.builtins.a : aeabi_memset.S.obj (.text.__aeabi_memset)
                  00006562    0000000e     libc.a : _printfi.c.obj (.text.strlen)
                  00006570    0000000e            : strlen.c.obj (.text.strlen)
                  0000657e    0000000e            : memset16.S.obj (.text:TI_memset_small)
                  0000658c    0000000c     ti_msp_dl_config.o (.text.SYSCFG_DL_DMA_init)
                  00006598    0000000c     libc.a : memory.c.obj (.text.malloc)
                  000065a4    0000000a     driverlib.a : dl_common.o (.text.DL_Common_delayCycles)
                  000065ae    00000002     --HOLE-- [fill = 0]
                  000065b0    00000008     libclang_rt.builtins.a : aeabi_memcpy.S.obj (.text.__aeabi_memcpy)
                  000065b8    00000008     libc.a : printf.c.obj (.text._outc)
                  000065c0    00000008            : printf.c.obj (.text._outs)
                  000065c8    00000006            : exit.c.obj (.text:abort)
                  000065ce    00000004     main.o (.text.AES_IRQHandler)
                  000065d2    00000004     main.o (.text.CANFD0_IRQHandler)
                  000065d6    00000004     main.o (.text.DAC0_IRQHandler)
                  000065da    00000004     main.o (.text.DMA_IRQHandler)
                  000065de    00000004     main.o (.text.GROUP0_IRQHandler)
                  000065e2    00000004     libsysbm.a : hostexit.c.obj (.text.HOSTexit)
                  000065e6    00000004     main.o (.text.HardFault_Handler)
                  000065ea    00000004     main.o (.text.I2C0_IRQHandler)
                  000065ee    00000004     main.o (.text.I2C1_IRQHandler)
                  000065f2    00000004     main.o (.text.NMI_Handler)
                  000065f6    00000004     main.o (.text.PendSV_Handler)
                  000065fa    00000004     main.o (.text.RTC_IRQHandler)
                  000065fe    00000004     startup_mspm0g350x_ticlang.o (.text.Reset_Handler)
                  00006602    00000002     --HOLE-- [fill = 0]
                  00006604    00000010     libc.a : boot_cortex_m.c.obj (.tramp._c_int00_noargs.1)
                  00006614    00000004     main.o (.text.SPI0_IRQHandler)
                  00006618    00000004     main.o (.text.SPI1_IRQHandler)
                  0000661c    00000004     main.o (.text.SVC_Handler)
                  00006620    00000004     main.o (.text.SysTick_Handler)
                  00006624    00000004     main.o (.text.TIMA0_IRQHandler)
                  00006628    00000004     main.o (.text.TIMA1_IRQHandler)
                  0000662c    00000004     main.o (.text.TIMG0_IRQHandler)
                  00006630    00000004     main.o (.text.TIMG12_IRQHandler)
                  00006634    00000004     main.o (.text.TIMG6_IRQHandler)
                  00006638    00000004     main.o (.text.TIMG7_IRQHandler)
                  0000663c    00000004     main.o (.text.TIMG8_IRQHandler)
                  00006640    00000004     main.o (.text.UART0_IRQHandler)
                  00006644    00000004     main.o (.text.UART1_IRQHandler)
                  00006648    00000004     main.o (.text.UART2_IRQHandler)
                  0000664c    00000004     main.o (.text.UART3_IRQHandler)
                  00006650    00000004     libc.a : pre_init.c.obj (.text._system_pre_init)
                  00006654    0000000c     --HOLE-- [fill = 0]

.cinit     0    00006660    00000060     
                  00006660    0000003c     (.cinit..data.load) [load image, compression = lzss]
                  0000669c    0000000c     (__TI_handler_table)
                  000066a8    00000008     (.cinit..bss.load) [load image, compression = zero_init]
                  000066b0    00000010     (__TI_cinit_table)

.rodata    0    000000c0    000034b0     
                  000000c0    000017c0     lcd.o (.rodata.ascii_3216)
                  00001880    000011d0     lcd.o (.rodata.ascii_2412)
                  00002a50    000005f0     lcd.o (.rodata.ascii_1608)
                  00003040    00000474     lcd.o (.rodata.ascii_1206)
                  000034b4    00000028     ti_msp_dl_config.o (.rodata.gSYSPLLConfig)
                  000034dc    00000018     ti_msp_dl_config.o (.rodata.gDMA_CH0Config)
                  000034f4    00000018     ti_msp_dl_config.o (.rodata.gDMA_CH1Config)
                  0000350c    00000014     ti_msp_dl_config.o (.rodata.gTIMER_ADC0TimerConfig)
                  00003520    00000011     libc.a : _printfi.c.obj (.rodata.str1.15363888844622738466.1)
                  00003531    0000000d     main.o (.rodata.str1.15159059442110792349.1)
                  0000353e    0000000a     ti_msp_dl_config.o (.rodata.gSPI_LCD_config)
                  00003548    0000000a     ti_msp_dl_config.o (.rodata.gUART_0Config)
                  00003552    00000002     ti_msp_dl_config.o (.rodata.gSPI_LCD_clockConfig)
                  00003554    00000008     ti_msp_dl_config.o (.rodata.gADC_0ClockConfig)
                  0000355c    00000008     ti_msp_dl_config.o (.rodata.gADC_1ClockConfig)
                  00003564    00000006     main.o (.rodata.str1.8154729771448623357.1)
                  0000356a    00000003     ti_msp_dl_config.o (.rodata.gTIMER_ADC0ClockConfig)
                  0000356d    00000002     ti_msp_dl_config.o (.rodata.gUART_0ClockConfig)
                  0000356f    00000001     --HOLE-- [fill = 0]

.init_array 
*          0    00000000    00000000     UNINITIALIZED

.binit     0    00000000    00000000     

.data      0    20200000    0000111d     UNINITIALIZED
                  20200000    00000800     main.o (.data.ADC_Value0)
                  20200800    00000800     main.o (.data.ADC_Value1)
                  20201000    000000f0     libc.a : defs.c.obj (.data._ftable)
                  202010f0    0000000e     main.o (.data.LoadValue_Set)
                  202010fe    00000002     adc.o (.data.IndexDiff_Final)
                  20201100    00000004     main.o (.data.Freq)
                  20201104    00000004     libc.a : _lock.c.obj (.data._lock)
                  20201108    00000004            : _lock.c.obj (.data._unlock)
                  2020110c    00000002     main.o (.data.LoadValue)
                  2020110e    00000002     main.o (.data.LoadValue_Index)
                  20201110    00000002     adc.o (.data.StartIndex)
                  20201112    00000002     adc.o (.data.TriggerCount)
                  20201114    00000001     main.o (.data.ADC0_BusyFlag)
                  20201115    00000001     main.o (.data.ADC1_BusyFlag)
                  20201116    00000001     main.o (.data.FinalSample_Flag)
                  20201117    00000001     main.o (.data.Freq_FoundFlag)
                  20201118    00000001     main.o (.data.TimerADC_BusyFlag)
                  20201119    00000001     main.o (.data.TimerStart_Flag)
                  2020111a    00000001     adc.o (.data.TriggerFlag)
                  2020111b    00000001     --HOLE--
                  2020111c    00000001     libc.a : memory.c.obj (.data.memory_is_initialized)

.sysmem    0    20201120    00000400     UNINITIALIZED
                  20201120    00000010     libc.a : memory.c.obj (.sysmem)
                  20201130    000003f0     --HOLE--

.bss       0    20201520    0000011c     UNINITIALIZED
                  20201520    000000a0     (.common:gTIMER_ADC0Backup)
                  202015c0    00000028     (.common:IndexDiff)
                  202015e8    00000028     (.common:TriggerIndex)
                  20201610    00000028     (.common:gSPI_LCDBackup)
                  20201638    00000004     libc.a : memory.c.obj (.bss.sys_free)

.stack     0    20207e00    00000200     UNINITIALIZED
                  20207e00    00000004     libc.a : boot_cortex_m.c.obj (.stack)
                  20207e04    000001fc     --HOLE--

__llvm_prf_cnts 
*          0    20200000    00000000     UNINITIALIZED

__llvm_prf_bits 
*          0    20200000    00000000     UNINITIALIZED

MODULE SUMMARY

       Module                         code    ro data   rw data
       ------                         ----    -------   -------
    .\
       main.o                         708     19        4124   
       ti_msp_dl_config.o             2864    151       200    
       startup_mspm0g350x_ticlang.o   4       192       0      
    +--+------------------------------+-------+---------+---------+
       Total:                         3576    362       4324   
                                                               
    .\BSP\
       adc.o                          1632    0         87     
       key.o                          284     0         0      
    +--+------------------------------+-------+---------+---------+
       Total:                         1916    0         87     
                                                               
    .\BSP\delay\
       delay.o                        246     0         0      
    +--+------------------------------+-------+---------+---------+
       Total:                         246     0         0      
                                                               
    .\BSP\lcd\
       lcd.o                          830     13300     0      
       lcd_init.o                     816     0         0      
    +--+------------------------------+-------+---------+---------+
       Total:                         1646    13300     0      
                                                               
    C:/ti/mspm0_sdk_2_03_00_07/source/ti/driverlib/lib/ticlang/m0p/mspm0g1x0x_g3x0x/driverlib.a
       dl_sysctl_mspm0g1x0x_g3x0x.o   388     0         0      
       dl_timer.o                     260     0         0      
       dl_uart.o                      122     0         0      
       dl_spi.o                       86      0         0      
       dl_dma.o                       76      0         0      
       dl_adc12.o                     64      0         0      
       dl_common.o                    10      0         0      
    +--+------------------------------+-------+---------+---------+
       Total:                         1006    0         0      
                                                               
    C:\ti\ccs2020\ccs\tools\compiler\ti-cgt-armllvm_4.0.3.LTS\lib\armv6m-ti-none-eabi/c/libc.a
       memory.c.obj                   702     0         5      
       _printfi.c.obj                 658     17        0      
       qsort.c.obj                    308     0         0      
       defs.c.obj                     0       0         240    
       copy_decompress_lzss.c.obj     124     0         0      
       printf.c.obj                   108     0         0      
       autoinit.c.obj                 60      0         0      
       boot_cortex_m.c.obj            56      0         0      
       memccpy.c.obj                  34      0         0      
       copy_zero_init.c.obj           22      0         0      
       copy_decompress_none.c.obj     18      0         0      
       memcpy16.S.obj                 18      0         0      
       memset16.S.obj                 14      0         0      
       strlen.c.obj                   14      0         0      
       _lock.c.obj                    2       0         8      
       exit.c.obj                     6       0         0      
       pre_init.c.obj                 4       0         0      
    +--+------------------------------+-------+---------+---------+
       Total:                         2148    17        253    
                                                               
    C:\ti\ccs2020\ccs\tools\compiler\ti-cgt-armllvm_4.0.3.LTS\lib\armv6m-ti-none-eabi/c/libsysbm.a
       hostexit.c.obj                 4       0         0      
    +--+------------------------------+-------+---------+---------+
       Total:                         4       0         0      
                                                               
    C:\ti\ccs2020\ccs\tools\compiler\ti-cgt-armllvm_4.0.3.LTS\lib\armv6m-ti-none-eabi/libclang_rt.builtins.a
       adddf3.S.obj                   402     0         0      
       divdf3.S.obj                   268     0         0      
       muldf3.S.obj                   228     0         0      
       addsf3.S.obj                   216     0         0      
       divsf3.S.obj                   130     0         0      
       truncdfsf2.S.obj               116     0         0      
       fixdfsi.S.obj                  74      0         0      
       fixunsdfsi.S.obj               66      0         0      
       aeabi_uidivmod.S.obj           64      0         0      
       extendsfdf2.S.obj              64      0         0      
       floatsisf.S.obj                60      0         0      
       muldsi3.S.obj                  58      0         0      
       fixsfsi.S.obj                  56      0         0      
       floatsidf.S.obj                44      0         0      
       floatunsisf.S.obj              40      0         0      
       floatunsidf.S.obj              36      0         0      
       aeabi_memset.S.obj             14      0         0      
       aeabi_memcpy.S.obj             8       0         0      
       aeabi_div0.c.obj               2       0         0      
    +--+------------------------------+-------+---------+---------+
       Total:                         1946    0         0      
                                                               
       Heap:                          0       0         1024   
       Stack:                         0       0         512    
       Linker Generated:              0       96        0      
    +--+------------------------------+-------+---------+---------+
       Grand Total:                   12488   13775     6200   


LINKER GENERATED COPY TABLES

__TI_cinit_table @ 000066b0 records: 2, size/record: 8, table size: 16
	.data: load addr=00006660, load size=0000003c bytes, run addr=20200000, run size=0000111d bytes, compression=lzss
	.bss: load addr=000066a8, load size=00000008 bytes, run addr=20201520, run size=0000011c bytes, compression=zero_init


LINKER GENERATED HANDLER TABLE

__TI_handler_table @ 0000669c records: 3, size/record: 4, table size: 12
	index: 0, handler: __TI_decompress_lzss
	index: 1, handler: __TI_decompress_none
	index: 2, handler: __TI_zero_init


FAR CALL TRAMPOLINES

callee name               trampoline name
   callee addr  tramp addr   call addr  call info
--------------  -----------  ---------  ----------------
_c_int00_noargs           $Tramp$TT$L$PI$$_c_int00_noargs
   00005d61     00006604     000065fe   startup_mspm0g350x_ticlang.o (.text.Reset_Handler)

[1 trampolines]
[1 trampoline calls]


GLOBAL SYMBOLS: SORTED ALPHABETICALLY BY Name 

address   name                                 
-------   ----                                 
20201114  ADC0_BusyFlag                        
00005e41  ADC0_IRQHandler                      
20201115  ADC1_BusyFlag                        
00005db1  ADC1_IRQHandler                      
00004afd  ADC_Init                             
20200000  ADC_Value0                           
20200800  ADC_Value1                           
000065cf  AES_IRQHandler                       
000058c1  Adjust_LoadValue                     
000065e2  C$$EXIT                              
000065d3  CANFD0_IRQHandler                    
00004a41  Calculate_Final                      
00004421  Calculate_Freq                       
000065d7  DAC0_IRQHandler                      
00005781  DL_ADC12_setClockConfig              
000065a5  DL_Common_delayCycles                
000054b5  DL_DMA_initChannel                   
0000562d  DL_SPI_init                          
000064bb  DL_SPI_setClockConfig                
000047c9  DL_SYSCTL_configSYSPLL               
000051e9  DL_SYSCTL_setHFCLKSourceHFXTParams   
00005671  DL_SYSCTL_switchMCLKfromSYSOSCtoHSCLK
00004515  DL_Timer_initTimerMode               
00006071  DL_Timer_setClockConfig              
000055e5  DL_UART_init                         
000064cd  DL_UART_setClockConfig               
00005ec1  DL_UART_transmitDataBlocking         
000065db  DMA_IRQHandler                       
20201116  FinalSample_Flag                     
00004bb5  Find_TriggerPoint                    
20201100  Freq                                 
20201117  Freq_FoundFlag                       
000065df  GROUP0_IRQHandler                    
00004f8d  GROUP1_IRQHandler                    
000065e3  HOSTexit                             
000065e7  HardFault_Handler                    
000065eb  I2C0_IRQHandler                      
000065ef  I2C1_IRQHandler                      
202015c0  IndexDiff                            
202010fe  IndexDiff_Final                      
000063d9  Key_Init                             
000053c5  LCD_Address_Set                      
00005b41  LCD_DrawPoint                        
00004e01  LCD_Fill                             
00003f5b  LCD_GPIO_Init                        
00003c05  LCD_Init                             
000037f5  LCD_ShowChar                         
00005085  LCD_ShowString                       
00005f1d  LCD_WR_DATA                          
00006481  LCD_WR_DATA8                         
00005ae5  LCD_WR_REG                           
000056b5  LCD_Writ_Bus                         
2020110c  LoadValue                            
2020110e  LoadValue_Index                      
202010f0  LoadValue_Set                        
000065f3  NMI_Handler                          
000065f7  PendSV_Handler                       
000065fb  RTC_IRQHandler                       
000065ff  Reset_Handler                        
00003f5d  Result_Calculate                     
00006615  SPI0_IRQHandler                      
00006619  SPI1_IRQHandler                      
0000661d  SVC_Handler                          
00004ce5  SYSCFG_DL_ADC_0_init                 
00004c51  SYSCFG_DL_ADC_1_init                 
00006339  SYSCFG_DL_DMA_CH0_init               
00006351  SYSCFG_DL_DMA_CH1_init               
0000658d  SYSCFG_DL_DMA_init                   
0000497d  SYSCFG_DL_GPIO_init                  
000057c1  SYSCFG_DL_SPI_LCD_init               
000052b1  SYSCFG_DL_SYSCTL_init                
00006535  SYSCFG_DL_SYSTICK_init               
0000536d  SYSCFG_DL_TIMER_ADC0_init            
00005801  SYSCFG_DL_UART_0_init                
000056f9  SYSCFG_DL_init                       
00004d75  SYSCFG_DL_initPower                  
20201110  StartIndex                           
00006621  SysTick_Handler                      
00006625  TIMA0_IRQHandler                     
00006629  TIMA1_IRQHandler                     
0000662d  TIMG0_IRQHandler                     
00006631  TIMG12_IRQHandler                    
00006635  TIMG6_IRQHandler                     
00006639  TIMG7_IRQHandler                     
0000663d  TIMG8_IRQHandler                     
000064df  TI_memcpy_small                      
0000657f  TI_memset_small                      
20201118  TimerADC_BusyFlag                    
20201119  TimerStart_Flag                      
20201112  TriggerCount                         
2020111a  TriggerFlag                          
202015e8  TriggerIndex                         
00006641  UART0_IRQHandler                     
00006645  UART1_IRQHandler                     
00006649  UART2_IRQHandler                     
0000664d  UART3_IRQHandler                     
20208000  __STACK_END                          
00000200  __STACK_SIZE                         
00000400  __SYSMEM_SIZE                        
00000000  __TI_ATRegion0_region_sz             
00000000  __TI_ATRegion0_src_addr              
00000000  __TI_ATRegion0_trg_addr              
00000000  __TI_ATRegion1_region_sz             
00000000  __TI_ATRegion1_src_addr              
00000000  __TI_ATRegion1_trg_addr              
00000000  __TI_ATRegion2_region_sz             
00000000  __TI_ATRegion2_src_addr              
00000000  __TI_ATRegion2_trg_addr              
000066b0  __TI_CINIT_Base                      
000066c0  __TI_CINIT_Limit                     
000066c0  __TI_CINIT_Warm                      
0000669c  __TI_Handler_Table_Base              
000066a8  __TI_Handler_Table_Limit             
00005939  __TI_auto_init_nobinit_nopinit       
00005009  __TI_decompress_lzss                 
000064f1  __TI_decompress_none                 
ffffffff  __TI_pprof_out_hndl                  
00003571  __TI_printfi_minimal                 
ffffffff  __TI_prof_data_size                  
ffffffff  __TI_prof_data_start                 
00000000  __TI_static_base__                   
00006405  __TI_zero_init_nomemset              
00003dd3  __adddf3                             
000048af  __addsf3                             
00005101  __aeabi_d2f                          
00005599  __aeabi_d2iz                         
0000573d  __aeabi_d2uiz                        
00003dd3  __aeabi_dadd                         
00004315  __aeabi_ddiv                         
000046e5  __aeabi_dmul                         
00003dc9  __aeabi_dsub                         
00005881  __aeabi_f2d                          
000059e9  __aeabi_f2iz                         
000048af  __aeabi_fadd                         
00004f09  __aeabi_fdiv                         
000048a5  __aeabi_fsub                         
00005c1d  __aeabi_i2d                          
000058fd  __aeabi_i2f                          
00004f8b  __aeabi_idiv0                        
000065b1  __aeabi_memcpy                       
000065b1  __aeabi_memcpy4                      
000065b1  __aeabi_memcpy8                      
00006555  __aeabi_memset                       
00006555  __aeabi_memset4                      
00006555  __aeabi_memset8                      
00005df9  __aeabi_ui2d                         
00005d11  __aeabi_ui2f                         
00005841  __aeabi_uidiv                        
00005841  __aeabi_uidivmod                     
ffffffff  __binit__                            
00004315  __divdf3                             
00004f09  __divsf3                             
00005881  __extendsfdf2                        
00005599  __fixdfsi                            
000059e9  __fixsfsi                            
0000573d  __fixunsdfsi                         
00005c1d  __floatsidf                          
000058fd  __floatsisf                          
00005df9  __floatunsidf                        
00005d11  __floatunsisf                        
UNDEFED   __mpu_init                           
000046e5  __muldf3                             
00005975  __muldsi3                            
20207e00  __stack                              
20200000  __start___llvm_prf_bits              
20200000  __start___llvm_prf_cnts              
20200000  __stop___llvm_prf_bits               
20200000  __stop___llvm_prf_cnts               
00003dc9  __subdf3                             
000048a5  __subsf3                             
00005101  __truncdfsf2                         
00005d61  _c_int00_noargs                      
20201000  _ftable                              
20201104  _lock                                
000050ff  _nop                                 
20201120  _sys_memory                          
UNDEFED   _system_post_cinit                   
00006651  _system_pre_init                     
20201108  _unlock                              
000065c9  abort                                
00004201  aligned_alloc                        
00003040  ascii_1206                           
00002a50  ascii_1608                           
00001880  ascii_2412                           
000000c0  ascii_3216                           
ffffffff  binit                                
00006495  compare                              
00006369  delayLCD_ms                          
000063ef  delay_ms                             
00005175  delay_us                             
0000608d  fputc                                
00005419  fputs                                
000045fd  free                                 
20201610  gSPI_LCDBackup                       
20201520  gTIMER_ADC0Backup                    
00000000  interruptVectors                     
00003a09  main                                 
00006599  malloc                               
00004201  memalign                             
00005e1d  memccpy                              
00005311  printf                               
000040cd  qsort                                
00006571  strlen                               


GLOBAL SYMBOLS: SORTED BY Symbol Address 

address   name                                 
-------   ----                                 
00000000  __TI_ATRegion0_region_sz             
00000000  __TI_ATRegion0_src_addr              
00000000  __TI_ATRegion0_trg_addr              
00000000  __TI_ATRegion1_region_sz             
00000000  __TI_ATRegion1_src_addr              
00000000  __TI_ATRegion1_trg_addr              
00000000  __TI_ATRegion2_region_sz             
00000000  __TI_ATRegion2_src_addr              
00000000  __TI_ATRegion2_trg_addr              
00000000  __TI_static_base__                   
00000000  interruptVectors                     
000000c0  ascii_3216                           
00000200  __STACK_SIZE                         
00000400  __SYSMEM_SIZE                        
00001880  ascii_2412                           
00002a50  ascii_1608                           
00003040  ascii_1206                           
00003571  __TI_printfi_minimal                 
000037f5  LCD_ShowChar                         
00003a09  main                                 
00003c05  LCD_Init                             
00003dc9  __aeabi_dsub                         
00003dc9  __subdf3                             
00003dd3  __adddf3                             
00003dd3  __aeabi_dadd                         
00003f5b  LCD_GPIO_Init                        
00003f5d  Result_Calculate                     
000040cd  qsort                                
00004201  aligned_alloc                        
00004201  memalign                             
00004315  __aeabi_ddiv                         
00004315  __divdf3                             
00004421  Calculate_Freq                       
00004515  DL_Timer_initTimerMode               
000045fd  free                                 
000046e5  __aeabi_dmul                         
000046e5  __muldf3                             
000047c9  DL_SYSCTL_configSYSPLL               
000048a5  __aeabi_fsub                         
000048a5  __subsf3                             
000048af  __addsf3                             
000048af  __aeabi_fadd                         
0000497d  SYSCFG_DL_GPIO_init                  
00004a41  Calculate_Final                      
00004afd  ADC_Init                             
00004bb5  Find_TriggerPoint                    
00004c51  SYSCFG_DL_ADC_1_init                 
00004ce5  SYSCFG_DL_ADC_0_init                 
00004d75  SYSCFG_DL_initPower                  
00004e01  LCD_Fill                             
00004f09  __aeabi_fdiv                         
00004f09  __divsf3                             
00004f8b  __aeabi_idiv0                        
00004f8d  GROUP1_IRQHandler                    
00005009  __TI_decompress_lzss                 
00005085  LCD_ShowString                       
000050ff  _nop                                 
00005101  __aeabi_d2f                          
00005101  __truncdfsf2                         
00005175  delay_us                             
000051e9  DL_SYSCTL_setHFCLKSourceHFXTParams   
000052b1  SYSCFG_DL_SYSCTL_init                
00005311  printf                               
0000536d  SYSCFG_DL_TIMER_ADC0_init            
000053c5  LCD_Address_Set                      
00005419  fputs                                
000054b5  DL_DMA_initChannel                   
00005599  __aeabi_d2iz                         
00005599  __fixdfsi                            
000055e5  DL_UART_init                         
0000562d  DL_SPI_init                          
00005671  DL_SYSCTL_switchMCLKfromSYSOSCtoHSCLK
000056b5  LCD_Writ_Bus                         
000056f9  SYSCFG_DL_init                       
0000573d  __aeabi_d2uiz                        
0000573d  __fixunsdfsi                         
00005781  DL_ADC12_setClockConfig              
000057c1  SYSCFG_DL_SPI_LCD_init               
00005801  SYSCFG_DL_UART_0_init                
00005841  __aeabi_uidiv                        
00005841  __aeabi_uidivmod                     
00005881  __aeabi_f2d                          
00005881  __extendsfdf2                        
000058c1  Adjust_LoadValue                     
000058fd  __aeabi_i2f                          
000058fd  __floatsisf                          
00005939  __TI_auto_init_nobinit_nopinit       
00005975  __muldsi3                            
000059e9  __aeabi_f2iz                         
000059e9  __fixsfsi                            
00005ae5  LCD_WR_REG                           
00005b41  LCD_DrawPoint                        
00005c1d  __aeabi_i2d                          
00005c1d  __floatsidf                          
00005d11  __aeabi_ui2f                         
00005d11  __floatunsisf                        
00005d61  _c_int00_noargs                      
00005db1  ADC1_IRQHandler                      
00005df9  __aeabi_ui2d                         
00005df9  __floatunsidf                        
00005e1d  memccpy                              
00005e41  ADC0_IRQHandler                      
00005ec1  DL_UART_transmitDataBlocking         
00005f1d  LCD_WR_DATA                          
00006071  DL_Timer_setClockConfig              
0000608d  fputc                                
00006339  SYSCFG_DL_DMA_CH0_init               
00006351  SYSCFG_DL_DMA_CH1_init               
00006369  delayLCD_ms                          
000063d9  Key_Init                             
000063ef  delay_ms                             
00006405  __TI_zero_init_nomemset              
00006481  LCD_WR_DATA8                         
00006495  compare                              
000064bb  DL_SPI_setClockConfig                
000064cd  DL_UART_setClockConfig               
000064df  TI_memcpy_small                      
000064f1  __TI_decompress_none                 
00006535  SYSCFG_DL_SYSTICK_init               
00006555  __aeabi_memset                       
00006555  __aeabi_memset4                      
00006555  __aeabi_memset8                      
00006571  strlen                               
0000657f  TI_memset_small                      
0000658d  SYSCFG_DL_DMA_init                   
00006599  malloc                               
000065a5  DL_Common_delayCycles                
000065b1  __aeabi_memcpy                       
000065b1  __aeabi_memcpy4                      
000065b1  __aeabi_memcpy8                      
000065c9  abort                                
000065cf  AES_IRQHandler                       
000065d3  CANFD0_IRQHandler                    
000065d7  DAC0_IRQHandler                      
000065db  DMA_IRQHandler                       
000065df  GROUP0_IRQHandler                    
000065e2  C$$EXIT                              
000065e3  HOSTexit                             
000065e7  HardFault_Handler                    
000065eb  I2C0_IRQHandler                      
000065ef  I2C1_IRQHandler                      
000065f3  NMI_Handler                          
000065f7  PendSV_Handler                       
000065fb  RTC_IRQHandler                       
000065ff  Reset_Handler                        
00006615  SPI0_IRQHandler                      
00006619  SPI1_IRQHandler                      
0000661d  SVC_Handler                          
00006621  SysTick_Handler                      
00006625  TIMA0_IRQHandler                     
00006629  TIMA1_IRQHandler                     
0000662d  TIMG0_IRQHandler                     
00006631  TIMG12_IRQHandler                    
00006635  TIMG6_IRQHandler                     
00006639  TIMG7_IRQHandler                     
0000663d  TIMG8_IRQHandler                     
00006641  UART0_IRQHandler                     
00006645  UART1_IRQHandler                     
00006649  UART2_IRQHandler                     
0000664d  UART3_IRQHandler                     
00006651  _system_pre_init                     
0000669c  __TI_Handler_Table_Base              
000066a8  __TI_Handler_Table_Limit             
000066b0  __TI_CINIT_Base                      
000066c0  __TI_CINIT_Limit                     
000066c0  __TI_CINIT_Warm                      
20200000  ADC_Value0                           
20200000  __start___llvm_prf_bits              
20200000  __start___llvm_prf_cnts              
20200000  __stop___llvm_prf_bits               
20200000  __stop___llvm_prf_cnts               
20200800  ADC_Value1                           
20201000  _ftable                              
202010f0  LoadValue_Set                        
202010fe  IndexDiff_Final                      
20201100  Freq                                 
20201104  _lock                                
20201108  _unlock                              
2020110c  LoadValue                            
2020110e  LoadValue_Index                      
20201110  StartIndex                           
20201112  TriggerCount                         
20201114  ADC0_BusyFlag                        
20201115  ADC1_BusyFlag                        
20201116  FinalSample_Flag                     
20201117  Freq_FoundFlag                       
20201118  TimerADC_BusyFlag                    
20201119  TimerStart_Flag                      
2020111a  TriggerFlag                          
20201120  _sys_memory                          
20201520  gTIMER_ADC0Backup                    
202015c0  IndexDiff                            
202015e8  TriggerIndex                         
20201610  gSPI_LCDBackup                       
20207e00  __stack                              
20208000  __STACK_END                          
ffffffff  __TI_pprof_out_hndl                  
ffffffff  __TI_prof_data_size                  
ffffffff  __TI_prof_data_start                 
ffffffff  __binit__                            
ffffffff  binit                                
UNDEFED   __mpu_init                           
UNDEFED   _system_post_cinit                   

[203 symbols]
