******************************************************************************
            TI ARM Clang Linker PC v4.0.3                      
******************************************************************************
>> Linked Fri Jul 25 16:09:28 2025

OUTPUT FILE NAME:   <ZC008_v0.4.0.out>
ENTRY POINT SYMBOL: "_c_int00_noargs"  address: 0000229d


MEMORY CONFIGURATION

         name            origin    length      used     unused   attr    fill
----------------------  --------  ---------  --------  --------  ----  --------
  FLASH                 00000000   00020000  00002b70  0001d490  R  X
  SRAM                  20200000   00008000  00001912  000066ee  RW X
  BCR_CONFIG            41c00000   00000080  00000000  00000080  R   
  BSL_CONFIG            41c00100   00000080  00000000  00000080  R   


SEGMENT ALLOCATION MAP

run origin  load origin   length   init length attrs members
----------  ----------- ---------- ----------- ----- -------
00000000    00000000    00002b70   00002b70    r-x
  00000000    00000000    000000c0   000000c0    r-- .intvecs
  000000c0    000000c0    00002940   00002940    r-x .text
  00002a00    00002a00    00000110   00000110    r-- .rodata
  00002b10    00002b10    00000060   00000060    r-- .cinit
20200000    20200000    00001715   00000000    rw-
  20200000    20200000    0000111d   00000000    rw- .data
  20201120    20201120    00000400   00000000    rw- .sysmem
  20201520    20201520    000001f5   00000000    rw- .bss
20207e00    20207e00    00000200   00000000    rw-
  20207e00    20207e00    00000200   00000000    rw- .stack


SECTION ALLOCATION MAP

 output                                  attributes/
section   page    origin      length       input sections
--------  ----  ----------  ----------   ----------------
.intvecs   0    00000000    000000c0     
                  00000000    000000c0     startup_mspm0g350x_ticlang.o (.intvecs)

.text      0    000000c0    00002940     
                  000000c0    000002c4     main.o (.text.main)
                  00000384    00000284     libc.a : _printfi.c.obj (.text:__TI_printfi_minimal)
                  00000608    00000192     libclang_rt.builtins.a : adddf3.S.obj (.text.adddf3_subdf3)
                  0000079a    00000002                            : aeabi_div0.c.obj (.text.__aeabi_idiv0)
                  0000079c    00000170     adc.o (.text.Result_Calculate)
                  0000090c    00000134     libc.a : qsort.c.obj (.text.qsort)
                  00000a40    00000114            : memory.c.obj (.text.aligned_alloc)
                  00000b54    0000010c     libclang_rt.builtins.a : divdf3.S.obj (.text.__divdf3)
                  00000c60    000000ec     adc.o (.text.Calculate_Freq)
                  00000d4c    000000e8     driverlib.a : dl_timer.o (.text.DL_Timer_initTimerMode)
                  00000e34    000000e8     libc.a : memory.c.obj (.text.free)
                  00000f1c    000000e4     libclang_rt.builtins.a : muldf3.S.obj (.text.__muldf3)
                  00001000    000000dc     driverlib.a : dl_sysctl_mspm0g1x0x_g3x0x.o (.text.DL_SYSCTL_configSYSPLL)
                  000010dc    000000d8     libclang_rt.builtins.a : addsf3.S.obj (.text)
                  000011b4    000000bc     adc.o (.text.Calculate_Final)
                  00001270    000000b8     adc.o (.text.ADC_Init)
                  00001328    000000a8     bsp_uart.o (.text.UART_Callback)
                  000013d0    0000009c     adc.o (.text.Find_TriggerPoint)
                  0000146c    00000090     ti_msp_dl_config.o (.text.SYSCFG_DL_ADC_0_init)
                  000014fc    00000084     ti_msp_dl_config.o (.text.__NVIC_SetPriority)
                  00001580    00000082     libclang_rt.builtins.a : divsf3.S.obj (.text.__divsf3)
                  00001602    00000002     libc.a : _lock.c.obj (.text._nop)
                  00001604    0000007c            : copy_decompress_lzss.c.obj (.text:decompress:lzss)
                  00001680    00000078     ti_msp_dl_config.o (.text.SYSCFG_DL_ADC_1_init)
                  000016f8    00000078     ti_msp_dl_config.o (.text.SYSCFG_DL_GPIO_init)
                  00001770    00000078     ti_msp_dl_config.o (.text.SYSCFG_DL_initPower)
                  000017e8    00000008     libclang_rt.builtins.a : aeabi_memcpy.S.obj (.text.__aeabi_memcpy)
                  000017f0    00000074                            : truncdfsf2.S.obj (.text.__truncdfsf2)
                  00001864    00000074     bsp_delay.o (.text.delay_us)
                  000018d8    00000064     driverlib.a : dl_sysctl_mspm0g1x0x_g3x0x.o (.text.DL_SYSCTL_setHFCLKSourceHFXTParams)
                  0000193c    00000064     libc.a : memory.c.obj (.text.split)
                  000019a0    0000005c            : printf.c.obj (.text.printf)
                  000019fc    00000058     ti_msp_dl_config.o (.text.SYSCFG_DL_SYSCTL_init)
                  00001a54    00000058     ti_msp_dl_config.o (.text.SYSCFG_DL_TIMER_ADC0_init)
                  00001aac    00000050     ti_msp_dl_config.o (.text.SYSCFG_DL_UART_0_init)
                  00001afc    00000050     bsp_uart.o (.text.fputs)
                  00001b4c    0000004c     ti_msp_dl_config.o (.text.DL_ADC12_initSingleSample)
                  00001b98    0000004c     driverlib.a : dl_dma.o (.text.DL_DMA_initChannel)
                  00001be4    0000004c     ti_msp_dl_config.o (.text.DL_UART_setBaudRateDivisor)
                  00001c30    0000004a     ti_msp_dl_config.o (.text.DL_ADC12_configConversionMem)
                  00001c7a    00000002     --HOLE-- [fill = 0]
                  00001c7c    0000004a     libclang_rt.builtins.a : fixdfsi.S.obj (.text.__fixdfsi)
                  00001cc6    00000002     --HOLE-- [fill = 0]
                  00001cc8    00000048     driverlib.a : dl_uart.o (.text.DL_UART_init)
                  00001d10    00000044                 : dl_sysctl_mspm0g1x0x_g3x0x.o (.text.DL_SYSCTL_switchMCLKfromSYSOSCtoHSCLK)
                  00001d54    00000042     libclang_rt.builtins.a : fixunsdfsi.S.obj (.text.__fixunsdfsi)
                  00001d96    00000002     --HOLE-- [fill = 0]
                  00001d98    00000040     driverlib.a : dl_adc12.o (.text.DL_ADC12_setClockConfig)
                  00001dd8    00000040     libclang_rt.builtins.a : aeabi_uidivmod.S.obj (.text.__aeabi_uidivmod)
                  00001e18    00000040                            : extendsfdf2.S.obj (.text.__extendsfdf2)
                  00001e58    0000003c     adc.o (.text.Adjust_LoadValue)
                  00001e94    0000003c     libclang_rt.builtins.a : floatsisf.S.obj (.text.__floatsisf)
                  00001ed0    0000003c     libc.a : autoinit.c.obj (.text:__TI_auto_init_nobinit_nopinit)
                  00001f0c    0000003a     libclang_rt.builtins.a : muldsi3.S.obj (.text.__muldsi3)
                  00001f46    00000002     --HOLE-- [fill = 0]
                  00001f48    00000038     ti_msp_dl_config.o (.text.DL_Timer_setPublisherChanID)
                  00001f80    00000038     libclang_rt.builtins.a : fixsfsi.S.obj (.text.__fixsfsi)
                  00001fb8    00000034     ti_msp_dl_config.o (.text.SYSCFG_DL_init)
                  00001fec    00000030     adc.o (.text.DL_DMA_setTransferSize)
                  0000201c    00000030     ti_msp_dl_config.o (.text.DL_GPIO_initDigitalOutputFeatures)
                  0000204c    00000030     bsp_uart.o (.text.UART0_IRQHandler)
                  0000207c    0000002c     ti_msp_dl_config.o (.text.DL_ADC12_setDMASamplesCnt)
                  000020a8    0000002c     adc.o (.text.__NVIC_ClearPendingIRQ)
                  000020d4    0000002c     bsp_uart.o (.text.__NVIC_ClearPendingIRQ)
                  00002100    0000002c     adc.o (.text.__NVIC_EnableIRQ)
                  0000212c    0000002c     bsp_uart.o (.text.__NVIC_EnableIRQ)
                  00002158    0000002c     libclang_rt.builtins.a : floatsidf.S.obj (.text.__floatsidf)
                  00002184    00000028     ti_msp_dl_config.o (.text.DL_Common_updateReg)
                  000021ac    00000028     adc.o (.text.DL_DMA_setDestAddr)
                  000021d4    00000028     adc.o (.text.DL_DMA_setSrcAddr)
                  000021fc    00000028     ti_msp_dl_config.o (.text.DL_SYSTICK_init)
                  00002224    00000028     ti_msp_dl_config.o (.text.DL_Timer_enableEvent)
                  0000224c    00000028     libclang_rt.builtins.a : floatunsisf.S.obj (.text.__floatunsisf)
                  00002274    00000028     libc.a : memory.c.obj (.text.free_list_insert)
                  0000229c    00000028            : boot_cortex_m.c.obj (.text:_c_int00_noargs)
                  000022c4    00000026     adc.o (.text.DL_DMA_enableChannel)
                  000022ea    00000002     --HOLE-- [fill = 0]
                  000022ec    00000024     libclang_rt.builtins.a : floatunsidf.S.obj (.text.__floatunsidf)
                  00002310    00000022     libc.a : memccpy.c.obj (.text.memccpy)
                  00002332    00000002     --HOLE-- [fill = 0]
                  00002334    00000020     adc.o (.text.ADC0_IRQHandler)
                  00002354    00000020     ti_msp_dl_config.o (.text.DL_GPIO_initPeripheralInputFunction)
                  00002374    00000020     ti_msp_dl_config.o (.text.DL_SYSCTL_setFlashWaitState)
                  00002394    00000020     ti_msp_dl_config.o (.text.DL_SYSCTL_setMFPCLKSource)
                  000023b4    00000020     driverlib.a : dl_uart.o (.text.DL_UART_transmitDataBlocking)
                  000023d4    0000001e     ti_msp_dl_config.o (.text.DL_ADC12_setPowerDownMode)
                  000023f2    0000001e     ti_msp_dl_config.o (.text.DL_UART_setOversampling)
                  00002410    0000001c     ti_msp_dl_config.o (.text.DL_ADC12_clearInterruptStatus)
                  0000242c    0000001c     ti_msp_dl_config.o (.text.DL_ADC12_enableDMA)
                  00002448    0000001c     ti_msp_dl_config.o (.text.DL_ADC12_enableDMATrigger)
                  00002464    0000001c     ti_msp_dl_config.o (.text.DL_ADC12_enableInterrupt)
                  00002480    0000001c     ti_msp_dl_config.o (.text.DL_GPIO_initPeripheralOutputFunction)
                  0000249c    0000001c     ti_msp_dl_config.o (.text.DL_SYSCTL_setSYSOSCFreq)
                  000024b8    0000001c     ti_msp_dl_config.o (.text.DL_SYSCTL_setULPCLKDivider)
                  000024d4    0000001c     driverlib.a : dl_timer.o (.text.DL_Timer_setClockConfig)
                  000024f0    0000001c     ti_msp_dl_config.o (.text.DL_UART_enableInterrupt)
                  0000250c    0000001c     bsp_uart.o (.text.fputc)
                  00002528    0000001c     libc.a : memory.c.obj (.text.free_list_remove)
                  00002544    0000001a     ti_msp_dl_config.o (.text.DL_ADC12_setSubscriberChanID)
                  0000255e    00000002     --HOLE-- [fill = 0]
                  00002560    00000018     ti_msp_dl_config.o (.text.DL_ADC12_enablePower)
                  00002578    00000018     ti_msp_dl_config.o (.text.DL_ADC12_reset)
                  00002590    00000018     ti_msp_dl_config.o (.text.DL_GPIO_enableOutput)
                  000025a8    00000018     ti_msp_dl_config.o (.text.DL_GPIO_enablePower)
                  000025c0    00000018     ti_msp_dl_config.o (.text.DL_GPIO_initDigitalOutput)
                  000025d8    00000018     ti_msp_dl_config.o (.text.DL_GPIO_initPeripheralAnalogFunction)
                  000025f0    00000018     ti_msp_dl_config.o (.text.DL_GPIO_reset)
                  00002608    00000018     main.o (.text.DL_GPIO_setPins)
                  00002620    00000018     ti_msp_dl_config.o (.text.DL_GPIO_setPins)
                  00002638    00000018     ti_msp_dl_config.o (.text.DL_SYSCTL_setBORThreshold)
                  00002650    00000018     ti_msp_dl_config.o (.text.DL_Timer_enablePower)
                  00002668    00000018     ti_msp_dl_config.o (.text.DL_Timer_reset)
                  00002680    00000018     adc.o (.text.DL_Timer_setLoadValue)
                  00002698    00000018     main.o (.text.DL_Timer_setLoadValue)
                  000026b0    00000018     adc.o (.text.DL_Timer_startCounter)
                  000026c8    00000018     main.o (.text.DL_Timer_startCounter)
                  000026e0    00000018     adc.o (.text.DL_Timer_stopCounter)
                  000026f8    00000018     main.o (.text.DL_Timer_stopCounter)
                  00002710    00000018     ti_msp_dl_config.o (.text.DL_UART_enablePower)
                  00002728    00000018     ti_msp_dl_config.o (.text.DL_UART_reset)
                  00002740    00000018     ti_msp_dl_config.o (.text.SYSCFG_DL_DMA_CH0_init)
                  00002758    00000018     ti_msp_dl_config.o (.text.SYSCFG_DL_DMA_CH1_init)
                  00002770    00000016     ti_msp_dl_config.o (.text.DL_ADC12_enableConversions)
                  00002786    00000016     ti_msp_dl_config.o (.text.DL_UART_enable)
                  0000279c    00000016     bsp_uart.o (.text.UART_Init)
                  000027b2    00000016     bsp_delay.o (.text.delay_ms)
                  000027c8    00000016     libc.a : copy_zero_init.c.obj (.text:decompress:ZI:__TI_zero_init_nomemset)
                  000027de    00000014     ti_msp_dl_config.o (.text.DL_GPIO_clearPins)
                  000027f2    00000002     --HOLE-- [fill = 0]
                  000027f4    00000014     ti_msp_dl_config.o (.text.DL_SYSCTL_disableSYSPLL)
                  00002808    00000014     ti_msp_dl_config.o (.text.DL_SYSCTL_enableMFCLK)
                  0000281c    00000014     ti_msp_dl_config.o (.text.DL_Timer_enableClock)
                  00002830    00000014     bsp_uart.o (.text.DL_UART_receiveData)
                  00002844    00000014     adc.o (.text.compare)
                  00002858    00000012     adc.o (.text.DL_ADC12_getPendingInterrupt)
                  0000286a    00000012     bsp_uart.o (.text.DL_UART_getPendingInterrupt)
                  0000287c    00000012     driverlib.a : dl_uart.o (.text.DL_UART_setClockConfig)
                  0000288e    00000012     libc.a : memcpy16.S.obj (.text:TI_memcpy_small)
                  000028a0    00000012            : copy_decompress_none.c.obj (.text:decompress:none)
                  000028b2    00000002     --HOLE-- [fill = 0]
                  000028b4    00000010     ti_msp_dl_config.o (.text.DL_SYSCTL_disableHFXT)
                  000028c4    00000010     ti_msp_dl_config.o (.text.DL_SYSCTL_enableMFPCLK)
                  000028d4    00000010     ti_msp_dl_config.o (.text.DL_SYSTICK_enable)
                  000028e4    00000010     ti_msp_dl_config.o (.text.SYSCFG_DL_SYSTICK_init)
                  000028f4    0000000e     libc.a : memory.c.obj (.text.OUTLINED_FUNCTION_0)
                  00002902    00000002     --HOLE-- [fill = 0]
                  00002904    0000000e     libclang_rt.builtins.a : aeabi_memset.S.obj (.text.__aeabi_memset)
                  00002912    0000000e     libc.a : _printfi.c.obj (.text.strlen)
                  00002920    0000000e            : strlen.c.obj (.text.strlen)
                  0000292e    0000000e            : memset16.S.obj (.text:TI_memset_small)
                  0000293c    0000000c     ti_msp_dl_config.o (.text.SYSCFG_DL_DMA_init)
                  00002948    0000000c     libclang_rt.builtins.a : aeabi_memset.S.obj (.text.__aeabi_memclr)
                  00002954    0000000c     libc.a : memory.c.obj (.text.malloc)
                  00002960    0000000a     driverlib.a : dl_common.o (.text.DL_Common_delayCycles)
                  0000296a    00000008     libc.a : printf.c.obj (.text._outc)
                  00002972    00000008            : printf.c.obj (.text._outs)
                  0000297a    00000006            : exit.c.obj (.text:abort)
                  00002980    00000004     main.o (.text.ADC1_IRQHandler)
                  00002984    00000004     main.o (.text.AES_IRQHandler)
                  00002988    00000004     main.o (.text.CANFD0_IRQHandler)
                  0000298c    00000004     main.o (.text.DAC0_IRQHandler)
                  00002990    00000004     main.o (.text.DMA_IRQHandler)
                  00002994    00000004     main.o (.text.GROUP0_IRQHandler)
                  00002998    00000004     main.o (.text.GROUP1_IRQHandler)
                  0000299c    00000004     libsysbm.a : hostexit.c.obj (.text.HOSTexit)
                  000029a0    00000004     main.o (.text.HardFault_Handler)
                  000029a4    00000004     main.o (.text.I2C0_IRQHandler)
                  000029a8    00000004     main.o (.text.I2C1_IRQHandler)
                  000029ac    00000004     main.o (.text.NMI_Handler)
                  000029b0    00000004     main.o (.text.PendSV_Handler)
                  000029b4    00000004     main.o (.text.RTC_IRQHandler)
                  000029b8    00000004     startup_mspm0g350x_ticlang.o (.text.Reset_Handler)
                  000029bc    00000004     main.o (.text.SPI0_IRQHandler)
                  000029c0    00000004     main.o (.text.SPI1_IRQHandler)
                  000029c4    00000004     main.o (.text.SVC_Handler)
                  000029c8    00000004     main.o (.text.SysTick_Handler)
                  000029cc    00000004     main.o (.text.TIMA0_IRQHandler)
                  000029d0    00000004     main.o (.text.TIMA1_IRQHandler)
                  000029d4    00000004     main.o (.text.TIMG0_IRQHandler)
                  000029d8    00000004     main.o (.text.TIMG12_IRQHandler)
                  000029dc    00000004     main.o (.text.TIMG6_IRQHandler)
                  000029e0    00000004     main.o (.text.TIMG7_IRQHandler)
                  000029e4    00000004     main.o (.text.TIMG8_IRQHandler)
                  000029e8    00000004     main.o (.text.UART1_IRQHandler)
                  000029ec    00000004     main.o (.text.UART2_IRQHandler)
                  000029f0    00000004     main.o (.text.UART3_IRQHandler)
                  000029f4    00000004     libc.a : pre_init.c.obj (.text._system_pre_init)
                  000029f8    00000008     --HOLE-- [fill = 0]

.cinit     0    00002b10    00000060     
                  00002b10    0000003a     (.cinit..data.load) [load image, compression = lzss]
                  00002b4a    00000002     --HOLE-- [fill = 0]
                  00002b4c    0000000c     (__TI_handler_table)
                  00002b58    00000008     (.cinit..bss.load) [load image, compression = zero_init]
                  00002b60    00000010     (__TI_cinit_table)

.rodata    0    00002a00    00000110     
                  00002a00    00000028     ti_msp_dl_config.o (.rodata.gSYSPLLConfig)
                  00002a28    00000019     main.o (.rodata.str1.2846389346932560359.1)
                  00002a41    00000003     ti_msp_dl_config.o (.rodata.gTIMER_ADC0ClockConfig)
                  00002a44    00000018     ti_msp_dl_config.o (.rodata.gDMA_CH0Config)
                  00002a5c    00000018     ti_msp_dl_config.o (.rodata.gDMA_CH1Config)
                  00002a74    00000018     main.o (.rodata.str1.12180500075719773345.1)
                  00002a8c    00000014     ti_msp_dl_config.o (.rodata.gTIMER_ADC0TimerConfig)
                  00002aa0    00000012     main.o (.rodata.str1.17100691992556644108.1)
                  00002ab2    00000012     main.o (.rodata.str1.8154729771448623357.1)
                  00002ac4    00000011     libc.a : _printfi.c.obj (.rodata.str1.15363888844622738466.1)
                  00002ad5    0000000d     main.o (.rodata.str1.15159059442110792349.1)
                  00002ae2    0000000d     main.o (.rodata.str1.18227636981041470289.1)
                  00002aef    00000001     --HOLE-- [fill = 0]
                  00002af0    0000000a     ti_msp_dl_config.o (.rodata.gUART_0Config)
                  00002afa    00000002     ti_msp_dl_config.o (.rodata.gUART_0ClockConfig)
                  00002afc    00000008     ti_msp_dl_config.o (.rodata.gADC_0ClockConfig)
                  00002b04    00000008     ti_msp_dl_config.o (.rodata.gADC_1ClockConfig)
                  00002b0c    00000004     --HOLE-- [fill = 0]

.init_array 
*          0    00000000    00000000     UNINITIALIZED

.binit     0    00000000    00000000     

.data      0    20200000    0000111d     UNINITIALIZED
                  20200000    00000800     main.o (.data.ADC_Value0)
                  20200800    00000800     main.o (.data.ADC_Value1)
                  20201000    000000f0     libc.a : defs.c.obj (.data._ftable)
                  202010f0    0000000c     main.o (.data.LoadValue_Set)
                  202010fc    00000004     main.o (.data.Freq)
                  20201100    00000004     main.o (.data.UART0_RxSTA)
                  20201104    00000004     libc.a : _lock.c.obj (.data._lock)
                  20201108    00000004            : _lock.c.obj (.data._unlock)
                  2020110c    00000002     adc.o (.data.IndexDiff_Final)
                  2020110e    00000002     main.o (.data.LoadValue)
                  20201110    00000002     main.o (.data.LoadValue_Index)
                  20201112    00000002     adc.o (.data.StartIndex)
                  20201114    00000002     adc.o (.data.TriggerCount)
                  20201116    00000001     main.o (.data.ADC_BusyFlag)
                  20201117    00000001     main.o (.data.FinalSample_Flag)
                  20201118    00000001     main.o (.data.Freq_FoundFlag)
                  20201119    00000001     main.o (.data.TimerADC_BusyFlag)
                  2020111a    00000001     main.o (.data.TimerStart_Flag)
                  2020111b    00000001     adc.o (.data.TriggerFlag)
                  2020111c    00000001     libc.a : memory.c.obj (.data.memory_is_initialized)

.sysmem    0    20201120    00000400     UNINITIALIZED
                  20201120    00000010     libc.a : memory.c.obj (.sysmem)
                  20201130    000003f0     --HOLE--

.bss       0    20201520    000001f5     UNINITIALIZED
                  20201520    00000100     (.common:UART0_RxBuff)
                  20201620    000000a0     (.common:gTIMER_ADC0Backup)
                  202016c0    00000028     (.common:IndexDiff)
                  202016e8    00000028     (.common:TriggerIndex)
                  20201710    00000004     libc.a : memory.c.obj (.bss.sys_free)
                  20201714    00000001     (.common:UART0_len)

.stack     0    20207e00    00000200     UNINITIALIZED
                  20207e00    00000004     libc.a : boot_cortex_m.c.obj (.stack)
                  20207e04    000001fc     --HOLE--

__llvm_prf_cnts 
*          0    20200000    00000000     UNINITIALIZED

__llvm_prf_bits 
*          0    20200000    00000000     UNINITIALIZED

MODULE SUMMARY

       Module                         code    ro data   rw data
       ------                         ----    -------   -------
    .\
       main.o                         912     111       4382   
       ti_msp_dl_config.o             2404    139       160    
       startup_mspm0g350x_ticlang.o   4       192       0      
    +--+------------------------------+-------+---------+---------+
       Total:                         3320    442       4542   
                                                               
    .\BSP\
       adc.o                          1588    0         87     
    +--+------------------------------+-------+---------+---------+
       Total:                         1588    0         87     
                                                               
    .\BSP\delay\
       bsp_delay.o                    138     0         0      
    +--+------------------------------+-------+---------+---------+
       Total:                         138     0         0      
                                                               
    .\BSP\uart\
       bsp_uart.o                     472     0         0      
    +--+------------------------------+-------+---------+---------+
       Total:                         472     0         0      
                                                               
    C:/ti/mspm0_sdk_2_03_00_07/source/ti/driverlib/lib/ticlang/m0p/mspm0g1x0x_g3x0x/driverlib.a
       dl_sysctl_mspm0g1x0x_g3x0x.o   388     0         0      
       dl_timer.o                     260     0         0      
       dl_uart.o                      122     0         0      
       dl_dma.o                       76      0         0      
       dl_adc12.o                     64      0         0      
       dl_common.o                    10      0         0      
    +--+------------------------------+-------+---------+---------+
       Total:                         920     0         0      
                                                               
    C:\ti\ccs2020\ccs\tools\compiler\ti-cgt-armllvm_4.0.3.LTS\lib\armv6m-ti-none-eabi/c/libc.a
       memory.c.obj                   702     0         5      
       _printfi.c.obj                 658     17        0      
       qsort.c.obj                    308     0         0      
       defs.c.obj                     0       0         240    
       copy_decompress_lzss.c.obj     124     0         0      
       printf.c.obj                   108     0         0      
       autoinit.c.obj                 60      0         0      
       boot_cortex_m.c.obj            40      0         0      
       memccpy.c.obj                  34      0         0      
       copy_zero_init.c.obj           22      0         0      
       copy_decompress_none.c.obj     18      0         0      
       memcpy16.S.obj                 18      0         0      
       memset16.S.obj                 14      0         0      
       strlen.c.obj                   14      0         0      
       _lock.c.obj                    2       0         8      
       exit.c.obj                     6       0         0      
       pre_init.c.obj                 4       0         0      
    +--+------------------------------+-------+---------+---------+
       Total:                         2132    17        253    
                                                               
    C:\ti\ccs2020\ccs\tools\compiler\ti-cgt-armllvm_4.0.3.LTS\lib\armv6m-ti-none-eabi/c/libsysbm.a
       hostexit.c.obj                 4       0         0      
    +--+------------------------------+-------+---------+---------+
       Total:                         4       0         0      
                                                               
    C:\ti\ccs2020\ccs\tools\compiler\ti-cgt-armllvm_4.0.3.LTS\lib\armv6m-ti-none-eabi/libclang_rt.builtins.a
       adddf3.S.obj                   402     0         0      
       divdf3.S.obj                   268     0         0      
       muldf3.S.obj                   228     0         0      
       addsf3.S.obj                   216     0         0      
       divsf3.S.obj                   130     0         0      
       truncdfsf2.S.obj               116     0         0      
       fixdfsi.S.obj                  74      0         0      
       fixunsdfsi.S.obj               66      0         0      
       aeabi_uidivmod.S.obj           64      0         0      
       extendsfdf2.S.obj              64      0         0      
       floatsisf.S.obj                60      0         0      
       muldsi3.S.obj                  58      0         0      
       fixsfsi.S.obj                  56      0         0      
       floatsidf.S.obj                44      0         0      
       floatunsisf.S.obj              40      0         0      
       floatunsidf.S.obj              36      0         0      
       aeabi_memset.S.obj             26      0         0      
       aeabi_memcpy.S.obj             8       0         0      
       aeabi_div0.c.obj               2       0         0      
    +--+------------------------------+-------+---------+---------+
       Total:                         1958    0         0      
                                                               
       Heap:                          0       0         1024   
       Stack:                         0       0         512    
       Linker Generated:              0       94        0      
    +--+------------------------------+-------+---------+---------+
       Grand Total:                   10532   553       6418   


LINKER GENERATED COPY TABLES

__TI_cinit_table @ 00002b60 records: 2, size/record: 8, table size: 16
	.data: load addr=00002b10, load size=0000003a bytes, run addr=20200000, run size=0000111d bytes, compression=lzss
	.bss: load addr=00002b58, load size=00000008 bytes, run addr=20201520, run size=000001f5 bytes, compression=zero_init


LINKER GENERATED HANDLER TABLE

__TI_handler_table @ 00002b4c records: 3, size/record: 4, table size: 12
	index: 0, handler: __TI_decompress_lzss
	index: 1, handler: __TI_decompress_none
	index: 2, handler: __TI_zero_init


GLOBAL SYMBOLS: SORTED ALPHABETICALLY BY Name 

address   name                                 
-------   ----                                 
00002335  ADC0_IRQHandler                      
00002981  ADC1_IRQHandler                      
20201116  ADC_BusyFlag                         
00001271  ADC_Init                             
20200000  ADC_Value0                           
20200800  ADC_Value1                           
00002985  AES_IRQHandler                       
00001e59  Adjust_LoadValue                     
0000299c  C$$EXIT                              
00002989  CANFD0_IRQHandler                    
000011b5  Calculate_Final                      
00000c61  Calculate_Freq                       
0000298d  DAC0_IRQHandler                      
00001d99  DL_ADC12_setClockConfig              
00002961  DL_Common_delayCycles                
00001b99  DL_DMA_initChannel                   
00001001  DL_SYSCTL_configSYSPLL               
000018d9  DL_SYSCTL_setHFCLKSourceHFXTParams   
00001d11  DL_SYSCTL_switchMCLKfromSYSOSCtoHSCLK
00000d4d  DL_Timer_initTimerMode               
000024d5  DL_Timer_setClockConfig              
00001cc9  DL_UART_init                         
0000287d  DL_UART_setClockConfig               
000023b5  DL_UART_transmitDataBlocking         
00002991  DMA_IRQHandler                       
20201117  FinalSample_Flag                     
000013d1  Find_TriggerPoint                    
202010fc  Freq                                 
20201118  Freq_FoundFlag                       
00002995  GROUP0_IRQHandler                    
00002999  GROUP1_IRQHandler                    
0000299d  HOSTexit                             
000029a1  HardFault_Handler                    
000029a5  I2C0_IRQHandler                      
000029a9  I2C1_IRQHandler                      
202016c0  IndexDiff                            
2020110c  IndexDiff_Final                      
2020110e  LoadValue                            
20201110  LoadValue_Index                      
202010f0  LoadValue_Set                        
000029ad  NMI_Handler                          
000029b1  PendSV_Handler                       
000029b5  RTC_IRQHandler                       
000029b9  Reset_Handler                        
0000079d  Result_Calculate                     
000029bd  SPI0_IRQHandler                      
000029c1  SPI1_IRQHandler                      
000029c5  SVC_Handler                          
0000146d  SYSCFG_DL_ADC_0_init                 
00001681  SYSCFG_DL_ADC_1_init                 
00002741  SYSCFG_DL_DMA_CH0_init               
00002759  SYSCFG_DL_DMA_CH1_init               
0000293d  SYSCFG_DL_DMA_init                   
000016f9  SYSCFG_DL_GPIO_init                  
000019fd  SYSCFG_DL_SYSCTL_init                
000028e5  SYSCFG_DL_SYSTICK_init               
00001a55  SYSCFG_DL_TIMER_ADC0_init            
00001aad  SYSCFG_DL_UART_0_init                
00001fb9  SYSCFG_DL_init                       
00001771  SYSCFG_DL_initPower                  
20201112  StartIndex                           
000029c9  SysTick_Handler                      
000029cd  TIMA0_IRQHandler                     
000029d1  TIMA1_IRQHandler                     
000029d5  TIMG0_IRQHandler                     
000029d9  TIMG12_IRQHandler                    
000029dd  TIMG6_IRQHandler                     
000029e1  TIMG7_IRQHandler                     
000029e5  TIMG8_IRQHandler                     
0000288f  TI_memcpy_small                      
0000292f  TI_memset_small                      
20201119  TimerADC_BusyFlag                    
2020111a  TimerStart_Flag                      
20201114  TriggerCount                         
2020111b  TriggerFlag                          
202016e8  TriggerIndex                         
0000204d  UART0_IRQHandler                     
20201520  UART0_RxBuff                         
20201100  UART0_RxSTA                          
20201714  UART0_len                            
000029e9  UART1_IRQHandler                     
000029ed  UART2_IRQHandler                     
000029f1  UART3_IRQHandler                     
00001329  UART_Callback                        
0000279d  UART_Init                            
20208000  __STACK_END                          
00000200  __STACK_SIZE                         
00000400  __SYSMEM_SIZE                        
00000000  __TI_ATRegion0_region_sz             
00000000  __TI_ATRegion0_src_addr              
00000000  __TI_ATRegion0_trg_addr              
00000000  __TI_ATRegion1_region_sz             
00000000  __TI_ATRegion1_src_addr              
00000000  __TI_ATRegion1_trg_addr              
00000000  __TI_ATRegion2_region_sz             
00000000  __TI_ATRegion2_src_addr              
00000000  __TI_ATRegion2_trg_addr              
00002b60  __TI_CINIT_Base                      
00002b70  __TI_CINIT_Limit                     
00002b70  __TI_CINIT_Warm                      
00002b4c  __TI_Handler_Table_Base              
00002b58  __TI_Handler_Table_Limit             
00001ed1  __TI_auto_init_nobinit_nopinit       
00001605  __TI_decompress_lzss                 
000028a1  __TI_decompress_none                 
ffffffff  __TI_pprof_out_hndl                  
00000385  __TI_printfi_minimal                 
ffffffff  __TI_prof_data_size                  
ffffffff  __TI_prof_data_start                 
00000000  __TI_static_base__                   
000027c9  __TI_zero_init_nomemset              
00000613  __adddf3                             
000010e7  __addsf3                             
000017f1  __aeabi_d2f                          
00001c7d  __aeabi_d2iz                         
00001d55  __aeabi_d2uiz                        
00000613  __aeabi_dadd                         
00000b55  __aeabi_ddiv                         
00000f1d  __aeabi_dmul                         
00000609  __aeabi_dsub                         
00001e19  __aeabi_f2d                          
00001f81  __aeabi_f2iz                         
000010e7  __aeabi_fadd                         
00001581  __aeabi_fdiv                         
000010dd  __aeabi_fsub                         
00002159  __aeabi_i2d                          
00001e95  __aeabi_i2f                          
0000079b  __aeabi_idiv0                        
00002949  __aeabi_memclr                       
00002949  __aeabi_memclr4                      
00002949  __aeabi_memclr8                      
000017e9  __aeabi_memcpy                       
000017e9  __aeabi_memcpy4                      
000017e9  __aeabi_memcpy8                      
00002905  __aeabi_memset                       
00002905  __aeabi_memset4                      
00002905  __aeabi_memset8                      
000022ed  __aeabi_ui2d                         
0000224d  __aeabi_ui2f                         
00001dd9  __aeabi_uidiv                        
00001dd9  __aeabi_uidivmod                     
ffffffff  __binit__                            
00000b55  __divdf3                             
00001581  __divsf3                             
00001e19  __extendsfdf2                        
00001c7d  __fixdfsi                            
00001f81  __fixsfsi                            
00001d55  __fixunsdfsi                         
00002159  __floatsidf                          
00001e95  __floatsisf                          
000022ed  __floatunsidf                        
0000224d  __floatunsisf                        
UNDEFED   __mpu_init                           
00000f1d  __muldf3                             
00001f0d  __muldsi3                            
20207e00  __stack                              
20200000  __start___llvm_prf_bits              
20200000  __start___llvm_prf_cnts              
20200000  __stop___llvm_prf_bits               
20200000  __stop___llvm_prf_cnts               
00000609  __subdf3                             
000010dd  __subsf3                             
000017f1  __truncdfsf2                         
0000229d  _c_int00_noargs                      
20201000  _ftable                              
20201104  _lock                                
00001603  _nop                                 
20201120  _sys_memory                          
UNDEFED   _system_post_cinit                   
000029f5  _system_pre_init                     
20201108  _unlock                              
0000297b  abort                                
00000a41  aligned_alloc                        
ffffffff  binit                                
00002845  compare                              
000027b3  delay_ms                             
00001865  delay_us                             
0000250d  fputc                                
00001afd  fputs                                
00000e35  free                                 
20201620  gTIMER_ADC0Backup                    
00000000  interruptVectors                     
000000c1  main                                 
00002955  malloc                               
00000a41  memalign                             
00002311  memccpy                              
000019a1  printf                               
0000090d  qsort                                
00002921  strlen                               


GLOBAL SYMBOLS: SORTED BY Symbol Address 

address   name                                 
-------   ----                                 
00000000  __TI_ATRegion0_region_sz             
00000000  __TI_ATRegion0_src_addr              
00000000  __TI_ATRegion0_trg_addr              
00000000  __TI_ATRegion1_region_sz             
00000000  __TI_ATRegion1_src_addr              
00000000  __TI_ATRegion1_trg_addr              
00000000  __TI_ATRegion2_region_sz             
00000000  __TI_ATRegion2_src_addr              
00000000  __TI_ATRegion2_trg_addr              
00000000  __TI_static_base__                   
00000000  interruptVectors                     
000000c1  main                                 
00000200  __STACK_SIZE                         
00000385  __TI_printfi_minimal                 
00000400  __SYSMEM_SIZE                        
00000609  __aeabi_dsub                         
00000609  __subdf3                             
00000613  __adddf3                             
00000613  __aeabi_dadd                         
0000079b  __aeabi_idiv0                        
0000079d  Result_Calculate                     
0000090d  qsort                                
00000a41  aligned_alloc                        
00000a41  memalign                             
00000b55  __aeabi_ddiv                         
00000b55  __divdf3                             
00000c61  Calculate_Freq                       
00000d4d  DL_Timer_initTimerMode               
00000e35  free                                 
00000f1d  __aeabi_dmul                         
00000f1d  __muldf3                             
00001001  DL_SYSCTL_configSYSPLL               
000010dd  __aeabi_fsub                         
000010dd  __subsf3                             
000010e7  __addsf3                             
000010e7  __aeabi_fadd                         
000011b5  Calculate_Final                      
00001271  ADC_Init                             
00001329  UART_Callback                        
000013d1  Find_TriggerPoint                    
0000146d  SYSCFG_DL_ADC_0_init                 
00001581  __aeabi_fdiv                         
00001581  __divsf3                             
00001603  _nop                                 
00001605  __TI_decompress_lzss                 
00001681  SYSCFG_DL_ADC_1_init                 
000016f9  SYSCFG_DL_GPIO_init                  
00001771  SYSCFG_DL_initPower                  
000017e9  __aeabi_memcpy                       
000017e9  __aeabi_memcpy4                      
000017e9  __aeabi_memcpy8                      
000017f1  __aeabi_d2f                          
000017f1  __truncdfsf2                         
00001865  delay_us                             
000018d9  DL_SYSCTL_setHFCLKSourceHFXTParams   
000019a1  printf                               
000019fd  SYSCFG_DL_SYSCTL_init                
00001a55  SYSCFG_DL_TIMER_ADC0_init            
00001aad  SYSCFG_DL_UART_0_init                
00001afd  fputs                                
00001b99  DL_DMA_initChannel                   
00001c7d  __aeabi_d2iz                         
00001c7d  __fixdfsi                            
00001cc9  DL_UART_init                         
00001d11  DL_SYSCTL_switchMCLKfromSYSOSCtoHSCLK
00001d55  __aeabi_d2uiz                        
00001d55  __fixunsdfsi                         
00001d99  DL_ADC12_setClockConfig              
00001dd9  __aeabi_uidiv                        
00001dd9  __aeabi_uidivmod                     
00001e19  __aeabi_f2d                          
00001e19  __extendsfdf2                        
00001e59  Adjust_LoadValue                     
00001e95  __aeabi_i2f                          
00001e95  __floatsisf                          
00001ed1  __TI_auto_init_nobinit_nopinit       
00001f0d  __muldsi3                            
00001f81  __aeabi_f2iz                         
00001f81  __fixsfsi                            
00001fb9  SYSCFG_DL_init                       
0000204d  UART0_IRQHandler                     
00002159  __aeabi_i2d                          
00002159  __floatsidf                          
0000224d  __aeabi_ui2f                         
0000224d  __floatunsisf                        
0000229d  _c_int00_noargs                      
000022ed  __aeabi_ui2d                         
000022ed  __floatunsidf                        
00002311  memccpy                              
00002335  ADC0_IRQHandler                      
000023b5  DL_UART_transmitDataBlocking         
000024d5  DL_Timer_setClockConfig              
0000250d  fputc                                
00002741  SYSCFG_DL_DMA_CH0_init               
00002759  SYSCFG_DL_DMA_CH1_init               
0000279d  UART_Init                            
000027b3  delay_ms                             
000027c9  __TI_zero_init_nomemset              
00002845  compare                              
0000287d  DL_UART_setClockConfig               
0000288f  TI_memcpy_small                      
000028a1  __TI_decompress_none                 
000028e5  SYSCFG_DL_SYSTICK_init               
00002905  __aeabi_memset                       
00002905  __aeabi_memset4                      
00002905  __aeabi_memset8                      
00002921  strlen                               
0000292f  TI_memset_small                      
0000293d  SYSCFG_DL_DMA_init                   
00002949  __aeabi_memclr                       
00002949  __aeabi_memclr4                      
00002949  __aeabi_memclr8                      
00002955  malloc                               
00002961  DL_Common_delayCycles                
0000297b  abort                                
00002981  ADC1_IRQHandler                      
00002985  AES_IRQHandler                       
00002989  CANFD0_IRQHandler                    
0000298d  DAC0_IRQHandler                      
00002991  DMA_IRQHandler                       
00002995  GROUP0_IRQHandler                    
00002999  GROUP1_IRQHandler                    
0000299c  C$$EXIT                              
0000299d  HOSTexit                             
000029a1  HardFault_Handler                    
000029a5  I2C0_IRQHandler                      
000029a9  I2C1_IRQHandler                      
000029ad  NMI_Handler                          
000029b1  PendSV_Handler                       
000029b5  RTC_IRQHandler                       
000029b9  Reset_Handler                        
000029bd  SPI0_IRQHandler                      
000029c1  SPI1_IRQHandler                      
000029c5  SVC_Handler                          
000029c9  SysTick_Handler                      
000029cd  TIMA0_IRQHandler                     
000029d1  TIMA1_IRQHandler                     
000029d5  TIMG0_IRQHandler                     
000029d9  TIMG12_IRQHandler                    
000029dd  TIMG6_IRQHandler                     
000029e1  TIMG7_IRQHandler                     
000029e5  TIMG8_IRQHandler                     
000029e9  UART1_IRQHandler                     
000029ed  UART2_IRQHandler                     
000029f1  UART3_IRQHandler                     
000029f5  _system_pre_init                     
00002b4c  __TI_Handler_Table_Base              
00002b58  __TI_Handler_Table_Limit             
00002b60  __TI_CINIT_Base                      
00002b70  __TI_CINIT_Limit                     
00002b70  __TI_CINIT_Warm                      
20200000  ADC_Value0                           
20200000  __start___llvm_prf_bits              
20200000  __start___llvm_prf_cnts              
20200000  __stop___llvm_prf_bits               
20200000  __stop___llvm_prf_cnts               
20200800  ADC_Value1                           
20201000  _ftable                              
202010f0  LoadValue_Set                        
202010fc  Freq                                 
20201100  UART0_RxSTA                          
20201104  _lock                                
20201108  _unlock                              
2020110c  IndexDiff_Final                      
2020110e  LoadValue                            
20201110  LoadValue_Index                      
20201112  StartIndex                           
20201114  TriggerCount                         
20201116  ADC_BusyFlag                         
20201117  FinalSample_Flag                     
20201118  Freq_FoundFlag                       
20201119  TimerADC_BusyFlag                    
2020111a  TimerStart_Flag                      
2020111b  TriggerFlag                          
20201120  _sys_memory                          
20201520  UART0_RxBuff                         
20201620  gTIMER_ADC0Backup                    
202016c0  IndexDiff                            
202016e8  TriggerIndex                         
20201714  UART0_len                            
20207e00  __stack                              
20208000  __STACK_END                          
ffffffff  __TI_pprof_out_hndl                  
ffffffff  __TI_prof_data_size                  
ffffffff  __TI_prof_data_start                 
ffffffff  __binit__                            
ffffffff  binit                                
UNDEFED   __mpu_init                           
UNDEFED   _system_post_cinit                   

[189 symbols]
