<?xml version="1.0" encoding="ISO-8859-1" ?>
<link_info>
   <banner>TI ARM Clang Linker PC v4.0.3.LTS</banner>
   <copyright>Copyright (c) 1996-2018 Texas Instruments Incorporated</copyright>
   <command_line>C:\ti\ccs2020\ccs\tools\compiler\ti-cgt-armllvm_4.0.3.LTS\bin\tiarmlnk -IC:\ti\ccs2020\ccs\tools\compiler\ti-cgt-armllvm_4.0.3.LTS\lib -o ZC008_v0.6.0.out -mZC008_v0.6.0.map --heap_size=0x400 -iC:/ti/mspm0_sdk_2_03_00_07/source -iD:/unniversity/EIDC/ZC008/ZC008_v0.6.0 -iD:/unniversity/EIDC/ZC008/ZC008_v0.6.0/Debug/syscfg -iC:/ti/ccs2020/ccs/tools/compiler/ti-cgt-armllvm_4.0.3.LTS/lib --diag_wrap=off --display_error_number --warn_sections --xml_link_info=ZC008_v0.6.0_linkInfo.xml --rom_model ./ti_msp_dl_config.o ./startup_mspm0g350x_ticlang.o ./main.o ./BSP/adc.o ./BSP/delay/bsp_delay.o ./BSP/uart/bsp_uart.o ./User/filter.o -l./device_linker.cmd -lC:/ti/mspm0_sdk_2_03_00_07/source/third_party/CMSIS/DSP/lib/ticlang/m0p/arm_cortexM0l_math.a -ldevice.cmd.genlibs -llibc.a --start-group -llibc++.a -llibc++abi.a -llibc.a -llibsys.a -llibsysbm.a -llibclang_rt.builtins.a -llibclang_rt.profile.a --end-group --cg_opt_level=0</command_line>
   <link_time>0x68861de6</link_time>
   <link_errors>0x0</link_errors>
   <output_file>D:\unniversity\EIDC\ZC008\ZC008_v0.6.0\Debug\ZC008_v0.6.0.out</output_file>
   <entry_point>
      <name>_c_int00_noargs</name>
      <address>0x2681</address>
   </entry_point>
   <input_file_list>
      <input_file id="fl-1">
         <path>D:\unniversity\EIDC\ZC008\ZC008_v0.6.0\Debug\.\</path>
         <kind>object</kind>
         <file>ti_msp_dl_config.o</file>
         <name>ti_msp_dl_config.o</name>
      </input_file>
      <input_file id="fl-2">
         <path>D:\unniversity\EIDC\ZC008\ZC008_v0.6.0\Debug\.\</path>
         <kind>object</kind>
         <file>startup_mspm0g350x_ticlang.o</file>
         <name>startup_mspm0g350x_ticlang.o</name>
      </input_file>
      <input_file id="fl-3">
         <path>D:\unniversity\EIDC\ZC008\ZC008_v0.6.0\Debug\.\</path>
         <kind>object</kind>
         <file>main.o</file>
         <name>main.o</name>
      </input_file>
      <input_file id="fl-4">
         <path>D:\unniversity\EIDC\ZC008\ZC008_v0.6.0\Debug\.\BSP\</path>
         <kind>object</kind>
         <file>adc.o</file>
         <name>adc.o</name>
      </input_file>
      <input_file id="fl-5">
         <path>D:\unniversity\EIDC\ZC008\ZC008_v0.6.0\Debug\.\BSP\delay\</path>
         <kind>object</kind>
         <file>bsp_delay.o</file>
         <name>bsp_delay.o</name>
      </input_file>
      <input_file id="fl-6">
         <path>D:\unniversity\EIDC\ZC008\ZC008_v0.6.0\Debug\.\BSP\uart\</path>
         <kind>object</kind>
         <file>bsp_uart.o</file>
         <name>bsp_uart.o</name>
      </input_file>
      <input_file id="fl-7">
         <path>D:\unniversity\EIDC\ZC008\ZC008_v0.6.0\Debug\.\User\</path>
         <kind>object</kind>
         <file>filter.o</file>
         <name>filter.o</name>
      </input_file>
      <input_file id="fl-15">
         <path>D:\unniversity\EIDC\ZC008\ZC008_v0.6.0\Debug\</path>
         <kind>object</kind>
         <file>&lt;internal&gt;</file>
         <name>&lt;internal&gt;</name>
      </input_file>
      <input_file id="fl-16">
         <path>C:\ti\mspm0_sdk_2_03_00_07\source\ti\driverlib\lib\ticlang\m0p\mspm0g1x0x_g3x0x\</path>
         <kind>archive</kind>
         <file>driverlib.a</file>
         <name>dl_adc12.o</name>
      </input_file>
      <input_file id="fl-17">
         <path>C:\ti\mspm0_sdk_2_03_00_07\source\ti\driverlib\lib\ticlang\m0p\mspm0g1x0x_g3x0x\</path>
         <kind>archive</kind>
         <file>driverlib.a</file>
         <name>dl_common.o</name>
      </input_file>
      <input_file id="fl-18">
         <path>C:\ti\mspm0_sdk_2_03_00_07\source\ti\driverlib\lib\ticlang\m0p\mspm0g1x0x_g3x0x\</path>
         <kind>archive</kind>
         <file>driverlib.a</file>
         <name>dl_dma.o</name>
      </input_file>
      <input_file id="fl-19">
         <path>C:\ti\mspm0_sdk_2_03_00_07\source\ti\driverlib\lib\ticlang\m0p\mspm0g1x0x_g3x0x\</path>
         <kind>archive</kind>
         <file>driverlib.a</file>
         <name>dl_timer.o</name>
      </input_file>
      <input_file id="fl-1a">
         <path>C:\ti\mspm0_sdk_2_03_00_07\source\ti\driverlib\lib\ticlang\m0p\mspm0g1x0x_g3x0x\</path>
         <kind>archive</kind>
         <file>driverlib.a</file>
         <name>dl_uart.o</name>
      </input_file>
      <input_file id="fl-1b">
         <path>C:\ti\mspm0_sdk_2_03_00_07\source\ti\driverlib\lib\ticlang\m0p\mspm0g1x0x_g3x0x\</path>
         <kind>archive</kind>
         <file>driverlib.a</file>
         <name>dl_sysctl_mspm0g1x0x_g3x0x.o</name>
      </input_file>
      <input_file id="fl-32">
         <path>C:\ti\ccs2020\ccs\tools\compiler\ti-cgt-armllvm_4.0.3.LTS\lib\armv6m-ti-none-eabi\c\</path>
         <kind>archive</kind>
         <file>libc.a</file>
         <name>printf.c.obj</name>
      </input_file>
      <input_file id="fl-33">
         <path>C:\ti\ccs2020\ccs\tools\compiler\ti-cgt-armllvm_4.0.3.LTS\lib\armv6m-ti-none-eabi\c\</path>
         <kind>archive</kind>
         <file>libc.a</file>
         <name>_printfi.c.obj</name>
      </input_file>
      <input_file id="fl-34">
         <path>C:\ti\ccs2020\ccs\tools\compiler\ti-cgt-armllvm_4.0.3.LTS\lib\armv6m-ti-none-eabi\c\</path>
         <kind>archive</kind>
         <file>libc.a</file>
         <name>s_frexp.c.obj</name>
      </input_file>
      <input_file id="fl-35">
         <path>C:\ti\ccs2020\ccs\tools\compiler\ti-cgt-armllvm_4.0.3.LTS\lib\armv6m-ti-none-eabi\c\</path>
         <kind>archive</kind>
         <file>libc.a</file>
         <name>s_scalbn.c.obj</name>
      </input_file>
      <input_file id="fl-36">
         <path>C:\ti\ccs2020\ccs\tools\compiler\ti-cgt-armllvm_4.0.3.LTS\lib\armv6m-ti-none-eabi\c\</path>
         <kind>archive</kind>
         <file>libc.a</file>
         <name>wcslen.c.obj</name>
      </input_file>
      <input_file id="fl-37">
         <path>C:\ti\ccs2020\ccs\tools\compiler\ti-cgt-armllvm_4.0.3.LTS\lib\armv6m-ti-none-eabi\c\</path>
         <kind>archive</kind>
         <file>libc.a</file>
         <name>aeabi_portable.c.obj</name>
      </input_file>
      <input_file id="fl-38">
         <path>C:\ti\ccs2020\ccs\tools\compiler\ti-cgt-armllvm_4.0.3.LTS\lib\armv6m-ti-none-eabi\c\</path>
         <kind>archive</kind>
         <file>libc.a</file>
         <name>_lock.c.obj</name>
      </input_file>
      <input_file id="fl-39">
         <path>C:\ti\ccs2020\ccs\tools\compiler\ti-cgt-armllvm_4.0.3.LTS\lib\armv6m-ti-none-eabi\c\</path>
         <kind>archive</kind>
         <file>libc.a</file>
         <name>_ltoa.c.obj</name>
      </input_file>
      <input_file id="fl-3a">
         <path>C:\ti\ccs2020\ccs\tools\compiler\ti-cgt-armllvm_4.0.3.LTS\lib\armv6m-ti-none-eabi\c\</path>
         <kind>archive</kind>
         <file>libc.a</file>
         <name>assert.c.obj</name>
      </input_file>
      <input_file id="fl-3b">
         <path>C:\ti\ccs2020\ccs\tools\compiler\ti-cgt-armllvm_4.0.3.LTS\lib\armv6m-ti-none-eabi\c\</path>
         <kind>archive</kind>
         <file>libc.a</file>
         <name>atoi.c.obj</name>
      </input_file>
      <input_file id="fl-3c">
         <path>C:\ti\ccs2020\ccs\tools\compiler\ti-cgt-armllvm_4.0.3.LTS\lib\armv6m-ti-none-eabi\c\</path>
         <kind>archive</kind>
         <file>libc.a</file>
         <name>defs.c.obj</name>
      </input_file>
      <input_file id="fl-3d">
         <path>C:\ti\ccs2020\ccs\tools\compiler\ti-cgt-armllvm_4.0.3.LTS\lib\armv6m-ti-none-eabi\c\</path>
         <kind>archive</kind>
         <file>libc.a</file>
         <name>memccpy.c.obj</name>
      </input_file>
      <input_file id="fl-3e">
         <path>C:\ti\ccs2020\ccs\tools\compiler\ti-cgt-armllvm_4.0.3.LTS\lib\armv6m-ti-none-eabi\c\</path>
         <kind>archive</kind>
         <file>libc.a</file>
         <name>memory.c.obj</name>
      </input_file>
      <input_file id="fl-3f">
         <path>C:\ti\ccs2020\ccs\tools\compiler\ti-cgt-armllvm_4.0.3.LTS\lib\armv6m-ti-none-eabi\c\</path>
         <kind>archive</kind>
         <file>libc.a</file>
         <name>qsort.c.obj</name>
      </input_file>
      <input_file id="fl-40">
         <path>C:\ti\ccs2020\ccs\tools\compiler\ti-cgt-armllvm_4.0.3.LTS\lib\armv6m-ti-none-eabi\c\</path>
         <kind>archive</kind>
         <file>libc.a</file>
         <name>strlen.c.obj</name>
      </input_file>
      <input_file id="fl-41">
         <path>C:\ti\ccs2020\ccs\tools\compiler\ti-cgt-armllvm_4.0.3.LTS\lib\armv6m-ti-none-eabi\c\</path>
         <kind>archive</kind>
         <file>libc.a</file>
         <name>boot_cortex_m.c.obj</name>
      </input_file>
      <input_file id="fl-42">
         <path>C:\ti\ccs2020\ccs\tools\compiler\ti-cgt-armllvm_4.0.3.LTS\lib\armv6m-ti-none-eabi\c\</path>
         <kind>archive</kind>
         <file>libc.a</file>
         <name>mathacl_init.c.obj</name>
      </input_file>
      <input_file id="fl-43">
         <path>C:\ti\ccs2020\ccs\tools\compiler\ti-cgt-armllvm_4.0.3.LTS\lib\armv6m-ti-none-eabi\c\</path>
         <kind>archive</kind>
         <file>libc.a</file>
         <name>autoinit.c.obj</name>
      </input_file>
      <input_file id="fl-44">
         <path>C:\ti\ccs2020\ccs\tools\compiler\ti-cgt-armllvm_4.0.3.LTS\lib\armv6m-ti-none-eabi\c\</path>
         <kind>archive</kind>
         <file>libc.a</file>
         <name>pre_init.c.obj</name>
      </input_file>
      <input_file id="fl-45">
         <path>C:\ti\ccs2020\ccs\tools\compiler\ti-cgt-armllvm_4.0.3.LTS\lib\armv6m-ti-none-eabi\c\</path>
         <kind>archive</kind>
         <file>libc.a</file>
         <name>cpy_tbl.c.obj</name>
      </input_file>
      <input_file id="fl-46">
         <path>C:\ti\ccs2020\ccs\tools\compiler\ti-cgt-armllvm_4.0.3.LTS\lib\armv6m-ti-none-eabi\c\</path>
         <kind>archive</kind>
         <file>libc.a</file>
         <name>copy_zero_init.c.obj</name>
      </input_file>
      <input_file id="fl-47">
         <path>C:\ti\ccs2020\ccs\tools\compiler\ti-cgt-armllvm_4.0.3.LTS\lib\armv6m-ti-none-eabi\c\</path>
         <kind>archive</kind>
         <file>libc.a</file>
         <name>copy_decompress_none.c.obj</name>
      </input_file>
      <input_file id="fl-48">
         <path>C:\ti\ccs2020\ccs\tools\compiler\ti-cgt-armllvm_4.0.3.LTS\lib\armv6m-ti-none-eabi\c\</path>
         <kind>archive</kind>
         <file>libc.a</file>
         <name>copy_decompress_lzss.c.obj</name>
      </input_file>
      <input_file id="fl-49">
         <path>C:\ti\ccs2020\ccs\tools\compiler\ti-cgt-armllvm_4.0.3.LTS\lib\armv6m-ti-none-eabi\c\</path>
         <kind>archive</kind>
         <file>libc.a</file>
         <name>sprintf.c.obj</name>
      </input_file>
      <input_file id="fl-4a">
         <path>C:\ti\ccs2020\ccs\tools\compiler\ti-cgt-armllvm_4.0.3.LTS\lib\armv6m-ti-none-eabi\c\</path>
         <kind>archive</kind>
         <file>libc.a</file>
         <name>fflush.c.obj</name>
      </input_file>
      <input_file id="fl-4b">
         <path>C:\ti\ccs2020\ccs\tools\compiler\ti-cgt-armllvm_4.0.3.LTS\lib\armv6m-ti-none-eabi\c\</path>
         <kind>archive</kind>
         <file>libc.a</file>
         <name>aeabi_ctype.S.obj</name>
      </input_file>
      <input_file id="fl-4c">
         <path>C:\ti\ccs2020\ccs\tools\compiler\ti-cgt-armllvm_4.0.3.LTS\lib\armv6m-ti-none-eabi\c\</path>
         <kind>archive</kind>
         <file>libc.a</file>
         <name>exit.c.obj</name>
      </input_file>
      <input_file id="fl-4d">
         <path>C:\ti\ccs2020\ccs\tools\compiler\ti-cgt-armllvm_4.0.3.LTS\lib\armv6m-ti-none-eabi\c\</path>
         <kind>archive</kind>
         <file>libc.a</file>
         <name>args_main.c.obj</name>
      </input_file>
      <input_file id="fl-ed">
         <path>C:\ti\ccs2020\ccs\tools\compiler\ti-cgt-armllvm_4.0.3.LTS\lib\armv6m-ti-none-eabi\c\</path>
         <kind>archive</kind>
         <file>libsysbm.a</file>
         <name>hostexit.c.obj</name>
      </input_file>
      <input_file id="fl-ee">
         <path>C:\ti\ccs2020\ccs\tools\compiler\ti-cgt-armllvm_4.0.3.LTS\lib\armv6m-ti-none-eabi\c\</path>
         <kind>archive</kind>
         <file>libsysbm.a</file>
         <name>write.c.obj</name>
      </input_file>
      <input_file id="fl-ef">
         <path>C:\ti\ccs2020\ccs\tools\compiler\ti-cgt-armllvm_4.0.3.LTS\lib\armv6m-ti-none-eabi\c\</path>
         <kind>archive</kind>
         <file>libsysbm.a</file>
         <name>host_device.c.obj</name>
      </input_file>
      <input_file id="fl-f0">
         <path>C:\ti\ccs2020\ccs\tools\compiler\ti-cgt-armllvm_4.0.3.LTS\lib\armv6m-ti-none-eabi\c\</path>
         <kind>archive</kind>
         <file>libsysbm.a</file>
         <name>hostclose.c.obj</name>
      </input_file>
      <input_file id="fl-f1">
         <path>C:\ti\ccs2020\ccs\tools\compiler\ti-cgt-armllvm_4.0.3.LTS\lib\armv6m-ti-none-eabi\c\</path>
         <kind>archive</kind>
         <file>libsysbm.a</file>
         <name>hostlseek.c.obj</name>
      </input_file>
      <input_file id="fl-f2">
         <path>C:\ti\ccs2020\ccs\tools\compiler\ti-cgt-armllvm_4.0.3.LTS\lib\armv6m-ti-none-eabi\c\</path>
         <kind>archive</kind>
         <file>libsysbm.a</file>
         <name>hostopen.c.obj</name>
      </input_file>
      <input_file id="fl-f3">
         <path>C:\ti\ccs2020\ccs\tools\compiler\ti-cgt-armllvm_4.0.3.LTS\lib\armv6m-ti-none-eabi\c\</path>
         <kind>archive</kind>
         <file>libsysbm.a</file>
         <name>hostread.c.obj</name>
      </input_file>
      <input_file id="fl-f4">
         <path>C:\ti\ccs2020\ccs\tools\compiler\ti-cgt-armllvm_4.0.3.LTS\lib\armv6m-ti-none-eabi\c\</path>
         <kind>archive</kind>
         <file>libsysbm.a</file>
         <name>hostrename.c.obj</name>
      </input_file>
      <input_file id="fl-f5">
         <path>C:\ti\ccs2020\ccs\tools\compiler\ti-cgt-armllvm_4.0.3.LTS\lib\armv6m-ti-none-eabi\c\</path>
         <kind>archive</kind>
         <file>libsysbm.a</file>
         <name>hostunlink.c.obj</name>
      </input_file>
      <input_file id="fl-f6">
         <path>C:\ti\ccs2020\ccs\tools\compiler\ti-cgt-armllvm_4.0.3.LTS\lib\armv6m-ti-none-eabi\c\</path>
         <kind>archive</kind>
         <file>libsysbm.a</file>
         <name>hostwrite.c.obj</name>
      </input_file>
      <input_file id="fl-f7">
         <path>C:\ti\ccs2020\ccs\tools\compiler\ti-cgt-armllvm_4.0.3.LTS\lib\armv6m-ti-none-eabi\c\</path>
         <kind>archive</kind>
         <file>libsysbm.a</file>
         <name>trgmsg.c.obj</name>
      </input_file>
      <input_file id="fl-f8">
         <path>C:\ti\ccs2020\ccs\tools\compiler\ti-cgt-armllvm_4.0.3.LTS\lib\armv6m-ti-none-eabi\</path>
         <kind>archive</kind>
         <file>libclang_rt.builtins.a</file>
         <name>addsf3.S.obj</name>
      </input_file>
      <input_file id="fl-f9">
         <path>C:\ti\ccs2020\ccs\tools\compiler\ti-cgt-armllvm_4.0.3.LTS\lib\armv6m-ti-none-eabi\</path>
         <kind>archive</kind>
         <file>libclang_rt.builtins.a</file>
         <name>adddf3.S.obj</name>
      </input_file>
      <input_file id="fl-fa">
         <path>C:\ti\ccs2020\ccs\tools\compiler\ti-cgt-armllvm_4.0.3.LTS\lib\armv6m-ti-none-eabi\</path>
         <kind>archive</kind>
         <file>libclang_rt.builtins.a</file>
         <name>muldf3.S.obj</name>
      </input_file>
      <input_file id="fl-fb">
         <path>C:\ti\ccs2020\ccs\tools\compiler\ti-cgt-armllvm_4.0.3.LTS\lib\armv6m-ti-none-eabi\</path>
         <kind>archive</kind>
         <file>libclang_rt.builtins.a</file>
         <name>muldsi3.S.obj</name>
      </input_file>
      <input_file id="fl-fc">
         <path>C:\ti\ccs2020\ccs\tools\compiler\ti-cgt-armllvm_4.0.3.LTS\lib\armv6m-ti-none-eabi\</path>
         <kind>archive</kind>
         <file>libclang_rt.builtins.a</file>
         <name>divsf3.S.obj</name>
      </input_file>
      <input_file id="fl-fd">
         <path>C:\ti\ccs2020\ccs\tools\compiler\ti-cgt-armllvm_4.0.3.LTS\lib\armv6m-ti-none-eabi\</path>
         <kind>archive</kind>
         <file>libclang_rt.builtins.a</file>
         <name>divdf3.S.obj</name>
      </input_file>
      <input_file id="fl-fe">
         <path>C:\ti\ccs2020\ccs\tools\compiler\ti-cgt-armllvm_4.0.3.LTS\lib\armv6m-ti-none-eabi\</path>
         <kind>archive</kind>
         <file>libclang_rt.builtins.a</file>
         <name>extendsfdf2.S.obj</name>
      </input_file>
      <input_file id="fl-ff">
         <path>C:\ti\ccs2020\ccs\tools\compiler\ti-cgt-armllvm_4.0.3.LTS\lib\armv6m-ti-none-eabi\</path>
         <kind>archive</kind>
         <file>libclang_rt.builtins.a</file>
         <name>fixdfsi.S.obj</name>
      </input_file>
      <input_file id="fl-100">
         <path>C:\ti\ccs2020\ccs\tools\compiler\ti-cgt-armllvm_4.0.3.LTS\lib\armv6m-ti-none-eabi\</path>
         <kind>archive</kind>
         <file>libclang_rt.builtins.a</file>
         <name>fixsfsi.S.obj</name>
      </input_file>
      <input_file id="fl-101">
         <path>C:\ti\ccs2020\ccs\tools\compiler\ti-cgt-armllvm_4.0.3.LTS\lib\armv6m-ti-none-eabi\</path>
         <kind>archive</kind>
         <file>libclang_rt.builtins.a</file>
         <name>fixunsdfsi.S.obj</name>
      </input_file>
      <input_file id="fl-102">
         <path>C:\ti\ccs2020\ccs\tools\compiler\ti-cgt-armllvm_4.0.3.LTS\lib\armv6m-ti-none-eabi\</path>
         <kind>archive</kind>
         <file>libclang_rt.builtins.a</file>
         <name>floatsidf.S.obj</name>
      </input_file>
      <input_file id="fl-103">
         <path>C:\ti\ccs2020\ccs\tools\compiler\ti-cgt-armllvm_4.0.3.LTS\lib\armv6m-ti-none-eabi\</path>
         <kind>archive</kind>
         <file>libclang_rt.builtins.a</file>
         <name>floatsisf.S.obj</name>
      </input_file>
      <input_file id="fl-104">
         <path>C:\ti\ccs2020\ccs\tools\compiler\ti-cgt-armllvm_4.0.3.LTS\lib\armv6m-ti-none-eabi\</path>
         <kind>archive</kind>
         <file>libclang_rt.builtins.a</file>
         <name>floatunsidf.S.obj</name>
      </input_file>
      <input_file id="fl-105">
         <path>C:\ti\ccs2020\ccs\tools\compiler\ti-cgt-armllvm_4.0.3.LTS\lib\armv6m-ti-none-eabi\</path>
         <kind>archive</kind>
         <file>libclang_rt.builtins.a</file>
         <name>floatunsisf.S.obj</name>
      </input_file>
      <input_file id="fl-106">
         <path>C:\ti\ccs2020\ccs\tools\compiler\ti-cgt-armllvm_4.0.3.LTS\lib\armv6m-ti-none-eabi\</path>
         <kind>archive</kind>
         <file>libclang_rt.builtins.a</file>
         <name>muldi3.S.obj</name>
      </input_file>
      <input_file id="fl-107">
         <path>C:\ti\ccs2020\ccs\tools\compiler\ti-cgt-armllvm_4.0.3.LTS\lib\armv6m-ti-none-eabi\</path>
         <kind>archive</kind>
         <file>libclang_rt.builtins.a</file>
         <name>truncdfsf2.S.obj</name>
      </input_file>
      <input_file id="fl-108">
         <path>C:\ti\ccs2020\ccs\tools\compiler\ti-cgt-armllvm_4.0.3.LTS\lib\armv6m-ti-none-eabi\</path>
         <kind>archive</kind>
         <file>libclang_rt.builtins.a</file>
         <name>aeabi_dcmp.S.obj</name>
      </input_file>
      <input_file id="fl-109">
         <path>C:\ti\ccs2020\ccs\tools\compiler\ti-cgt-armllvm_4.0.3.LTS\lib\armv6m-ti-none-eabi\</path>
         <kind>archive</kind>
         <file>libclang_rt.builtins.a</file>
         <name>aeabi_idivmod.S.obj</name>
      </input_file>
      <input_file id="fl-10a">
         <path>C:\ti\ccs2020\ccs\tools\compiler\ti-cgt-armllvm_4.0.3.LTS\lib\armv6m-ti-none-eabi\</path>
         <kind>archive</kind>
         <file>libclang_rt.builtins.a</file>
         <name>aeabi_memcpy.S.obj</name>
      </input_file>
      <input_file id="fl-10b">
         <path>C:\ti\ccs2020\ccs\tools\compiler\ti-cgt-armllvm_4.0.3.LTS\lib\armv6m-ti-none-eabi\</path>
         <kind>archive</kind>
         <file>libclang_rt.builtins.a</file>
         <name>aeabi_memset.S.obj</name>
      </input_file>
      <input_file id="fl-10c">
         <path>C:\ti\ccs2020\ccs\tools\compiler\ti-cgt-armllvm_4.0.3.LTS\lib\armv6m-ti-none-eabi\</path>
         <kind>archive</kind>
         <file>libclang_rt.builtins.a</file>
         <name>aeabi_uidivmod.S.obj</name>
      </input_file>
      <input_file id="fl-10d">
         <path>C:\ti\ccs2020\ccs\tools\compiler\ti-cgt-armllvm_4.0.3.LTS\lib\armv6m-ti-none-eabi\</path>
         <kind>archive</kind>
         <file>libclang_rt.builtins.a</file>
         <name>aeabi_uldivmod.S.obj</name>
      </input_file>
      <input_file id="fl-10e">
         <path>C:\ti\ccs2020\ccs\tools\compiler\ti-cgt-armllvm_4.0.3.LTS\lib\armv6m-ti-none-eabi\</path>
         <kind>archive</kind>
         <file>libclang_rt.builtins.a</file>
         <name>udivmoddi4.S.obj</name>
      </input_file>
      <input_file id="fl-10f">
         <path>C:\ti\ccs2020\ccs\tools\compiler\ti-cgt-armllvm_4.0.3.LTS\lib\armv6m-ti-none-eabi\</path>
         <kind>archive</kind>
         <file>libclang_rt.builtins.a</file>
         <name>ashldi3.S.obj</name>
      </input_file>
      <input_file id="fl-110">
         <path>C:\ti\ccs2020\ccs\tools\compiler\ti-cgt-armllvm_4.0.3.LTS\lib\armv6m-ti-none-eabi\</path>
         <kind>archive</kind>
         <file>libclang_rt.builtins.a</file>
         <name>comparedf2.c.obj</name>
      </input_file>
      <input_file id="fl-111">
         <path>C:\ti\ccs2020\ccs\tools\compiler\ti-cgt-armllvm_4.0.3.LTS\lib\armv6m-ti-none-eabi\</path>
         <kind>archive</kind>
         <file>libclang_rt.builtins.a</file>
         <name>aeabi_div0.c.obj</name>
      </input_file>
      <input_file id="fl-112">
         <path>C:\ti\ccs2020\ccs\tools\compiler\ti-cgt-armllvm_4.0.3.LTS\lib\armv6m-ti-none-eabi\c\</path>
         <kind>archive</kind>
         <file>libc.a</file>
         <name>memcpy16.S.obj</name>
      </input_file>
      <input_file id="fl-113">
         <path>C:\ti\ccs2020\ccs\tools\compiler\ti-cgt-armllvm_4.0.3.LTS\lib\armv6m-ti-none-eabi\c\</path>
         <kind>archive</kind>
         <file>libc.a</file>
         <name>memset16.S.obj</name>
      </input_file>
   </input_file_list>
   <object_component_list>
      <object_component id="oc-18">
         <name>.intvecs</name>
         <load_address>0x0</load_address>
         <readonly>true</readonly>
         <run_address>0x0</run_address>
         <size>0xc0</size>
         <alignment>0x4</alignment>
         <input_file_ref idref="fl-2"/>
      </object_component>
      <object_component id="oc-9e">
         <name>.text.main</name>
         <load_address>0xc0</load_address>
         <readonly>true</readonly>
         <executable>true</executable>
         <run_address>0xc0</run_address>
         <size>0x2c0</size>
         <alignment>0x4</alignment>
         <input_file_ref idref="fl-3"/>
      </object_component>
      <object_component id="oc-1b7">
         <name>.text:__TI_printfi_minimal</name>
         <load_address>0x380</load_address>
         <readonly>true</readonly>
         <executable>true</executable>
         <run_address>0x380</run_address>
         <size>0x284</size>
         <alignment>0x4</alignment>
         <input_file_ref idref="fl-33"/>
      </object_component>
      <object_component id="oc-14c">
         <name>.text.Find_ValidTriggerPairs</name>
         <load_address>0x604</load_address>
         <readonly>true</readonly>
         <executable>true</executable>
         <run_address>0x604</run_address>
         <size>0x1ac</size>
         <alignment>0x4</alignment>
         <input_file_ref idref="fl-4"/>
      </object_component>
      <object_component id="oc-e1">
         <name>.text.adddf3_subdf3</name>
         <load_address>0x7b0</load_address>
         <readonly>true</readonly>
         <executable>true</executable>
         <run_address>0x7b0</run_address>
         <size>0x192</size>
         <alignment>0x4</alignment>
         <input_file_ref idref="fl-f9"/>
      </object_component>
      <object_component id="oc-247">
         <name>.text.__aeabi_idiv0</name>
         <load_address>0x942</load_address>
         <readonly>true</readonly>
         <executable>true</executable>
         <run_address>0x942</run_address>
         <size>0x2</size>
         <alignment>0x2</alignment>
         <input_file_ref idref="fl-111"/>
      </object_component>
      <object_component id="oc-1cf">
         <name>.text.Result_Calculate</name>
         <load_address>0x944</load_address>
         <readonly>true</readonly>
         <executable>true</executable>
         <run_address>0x944</run_address>
         <size>0x170</size>
         <alignment>0x4</alignment>
         <input_file_ref idref="fl-4"/>
      </object_component>
      <object_component id="oc-dc">
         <name>.text.Calculate_Freq_Final</name>
         <load_address>0xab4</load_address>
         <readonly>true</readonly>
         <executable>true</executable>
         <run_address>0xab4</run_address>
         <size>0x138</size>
         <alignment>0x4</alignment>
         <input_file_ref idref="fl-4"/>
      </object_component>
      <object_component id="oc-1e9">
         <name>.text.qsort</name>
         <load_address>0xbec</load_address>
         <readonly>true</readonly>
         <executable>true</executable>
         <run_address>0xbec</run_address>
         <size>0x134</size>
         <alignment>0x2</alignment>
         <input_file_ref idref="fl-3f"/>
      </object_component>
      <object_component id="oc-24d">
         <name>.text.aligned_alloc</name>
         <load_address>0xd20</load_address>
         <readonly>true</readonly>
         <executable>true</executable>
         <run_address>0xd20</run_address>
         <size>0x114</size>
         <alignment>0x4</alignment>
         <input_file_ref idref="fl-3e"/>
      </object_component>
      <object_component id="oc-cd">
         <name>.text.__divdf3</name>
         <load_address>0xe34</load_address>
         <readonly>true</readonly>
         <executable>true</executable>
         <run_address>0xe34</run_address>
         <size>0x10c</size>
         <alignment>0x4</alignment>
         <input_file_ref idref="fl-fd"/>
      </object_component>
      <object_component id="oc-db">
         <name>.text.Calculate_Freq</name>
         <load_address>0xf40</load_address>
         <readonly>true</readonly>
         <executable>true</executable>
         <run_address>0xf40</run_address>
         <size>0xec</size>
         <alignment>0x4</alignment>
         <input_file_ref idref="fl-4"/>
      </object_component>
      <object_component id="oc-18d">
         <name>.text.DL_Timer_initTimerMode</name>
         <load_address>0x102c</load_address>
         <readonly>true</readonly>
         <executable>true</executable>
         <run_address>0x102c</run_address>
         <size>0xe8</size>
         <alignment>0x4</alignment>
         <input_file_ref idref="fl-19"/>
      </object_component>
      <object_component id="oc-1ed">
         <name>.text.free</name>
         <load_address>0x1114</load_address>
         <readonly>true</readonly>
         <executable>true</executable>
         <run_address>0x1114</run_address>
         <size>0xe8</size>
         <alignment>0x4</alignment>
         <input_file_ref idref="fl-3e"/>
      </object_component>
      <object_component id="oc-d1">
         <name>.text.__muldf3</name>
         <load_address>0x11fc</load_address>
         <readonly>true</readonly>
         <executable>true</executable>
         <run_address>0x11fc</run_address>
         <size>0xe4</size>
         <alignment>0x4</alignment>
         <input_file_ref idref="fl-fa"/>
      </object_component>
      <object_component id="oc-180">
         <name>.text.DL_SYSCTL_configSYSPLL</name>
         <load_address>0x12e0</load_address>
         <readonly>true</readonly>
         <executable>true</executable>
         <run_address>0x12e0</run_address>
         <size>0xdc</size>
         <alignment>0x4</alignment>
         <input_file_ref idref="fl-1b"/>
      </object_component>
      <object_component id="oc-23b">
         <name>.text</name>
         <load_address>0x13bc</load_address>
         <readonly>true</readonly>
         <executable>true</executable>
         <run_address>0x13bc</run_address>
         <size>0xd8</size>
         <alignment>0x4</alignment>
         <input_file_ref idref="fl-f8"/>
      </object_component>
      <object_component id="oc-13f">
         <name>.text.Calculate_Final</name>
         <load_address>0x1494</load_address>
         <readonly>true</readonly>
         <executable>true</executable>
         <run_address>0x1494</run_address>
         <size>0xbc</size>
         <alignment>0x4</alignment>
         <input_file_ref idref="fl-4"/>
      </object_component>
      <object_component id="oc-c1">
         <name>.text.ADC_Init</name>
         <load_address>0x1550</load_address>
         <readonly>true</readonly>
         <executable>true</executable>
         <run_address>0x1550</run_address>
         <size>0xa8</size>
         <alignment>0x4</alignment>
         <input_file_ref idref="fl-4"/>
      </object_component>
      <object_component id="oc-8e">
         <name>.text.UART_Callback</name>
         <load_address>0x15f8</load_address>
         <readonly>true</readonly>
         <executable>true</executable>
         <run_address>0x15f8</run_address>
         <size>0xa8</size>
         <alignment>0x4</alignment>
         <input_file_ref idref="fl-6"/>
      </object_component>
      <object_component id="oc-13e">
         <name>.text.Find_TriggerPoint</name>
         <load_address>0x16a0</load_address>
         <readonly>true</readonly>
         <executable>true</executable>
         <run_address>0x16a0</run_address>
         <size>0xa0</size>
         <alignment>0x4</alignment>
         <input_file_ref idref="fl-4"/>
      </object_component>
      <object_component id="oc-119">
         <name>.text.SYSCFG_DL_ADC_0_init</name>
         <load_address>0x1740</load_address>
         <readonly>true</readonly>
         <executable>true</executable>
         <run_address>0x1740</run_address>
         <size>0x90</size>
         <alignment>0x4</alignment>
         <input_file_ref idref="fl-1"/>
      </object_component>
      <object_component id="oc-147">
         <name>.text.Smooth_Filter</name>
         <load_address>0x17d0</load_address>
         <readonly>true</readonly>
         <executable>true</executable>
         <run_address>0x17d0</run_address>
         <size>0x8e</size>
         <alignment>0x2</alignment>
         <input_file_ref idref="fl-7"/>
      </object_component>
      <object_component id="oc-1bf">
         <name>.text._nop</name>
         <load_address>0x185e</load_address>
         <readonly>true</readonly>
         <executable>true</executable>
         <run_address>0x185e</run_address>
         <size>0x2</size>
         <alignment>0x2</alignment>
         <input_file_ref idref="fl-38"/>
      </object_component>
      <object_component id="oc-19d">
         <name>.text.__NVIC_SetPriority</name>
         <load_address>0x1860</load_address>
         <readonly>true</readonly>
         <executable>true</executable>
         <run_address>0x1860</run_address>
         <size>0x84</size>
         <alignment>0x4</alignment>
         <input_file_ref idref="fl-1"/>
      </object_component>
      <object_component id="oc-1d4">
         <name>.text.__divsf3</name>
         <load_address>0x18e4</load_address>
         <readonly>true</readonly>
         <executable>true</executable>
         <run_address>0x18e4</run_address>
         <size>0x82</size>
         <alignment>0x4</alignment>
         <input_file_ref idref="fl-fc"/>
      </object_component>
      <object_component id="oc-1c">
         <name>.text:decompress:lzss</name>
         <load_address>0x1968</load_address>
         <readonly>true</readonly>
         <executable>true</executable>
         <run_address>0x1968</run_address>
         <size>0x7c</size>
         <alignment>0x4</alignment>
         <input_file_ref idref="fl-48"/>
      </object_component>
      <object_component id="oc-11a">
         <name>.text.SYSCFG_DL_ADC_1_init</name>
         <load_address>0x19e4</load_address>
         <readonly>true</readonly>
         <executable>true</executable>
         <run_address>0x19e4</run_address>
         <size>0x78</size>
         <alignment>0x4</alignment>
         <input_file_ref idref="fl-1"/>
      </object_component>
      <object_component id="oc-115">
         <name>.text.SYSCFG_DL_GPIO_init</name>
         <load_address>0x1a5c</load_address>
         <readonly>true</readonly>
         <executable>true</executable>
         <run_address>0x1a5c</run_address>
         <size>0x78</size>
         <alignment>0x4</alignment>
         <input_file_ref idref="fl-1"/>
      </object_component>
      <object_component id="oc-114">
         <name>.text.SYSCFG_DL_initPower</name>
         <load_address>0x1ad4</load_address>
         <readonly>true</readonly>
         <executable>true</executable>
         <run_address>0x1ad4</run_address>
         <size>0x78</size>
         <alignment>0x4</alignment>
         <input_file_ref idref="fl-1"/>
      </object_component>
      <object_component id="oc-47">
         <name>.text.ADC1_IRQHandler</name>
         <load_address>0x1b4c</load_address>
         <readonly>true</readonly>
         <executable>true</executable>
         <run_address>0x1b4c</run_address>
         <size>0x4</size>
         <alignment>0x2</alignment>
         <input_file_ref idref="fl-3"/>
      </object_component>
      <object_component id="oc-1cb">
         <name>.text.__truncdfsf2</name>
         <load_address>0x1b50</load_address>
         <readonly>true</readonly>
         <executable>true</executable>
         <run_address>0x1b50</run_address>
         <size>0x74</size>
         <alignment>0x10</alignment>
         <input_file_ref idref="fl-107"/>
      </object_component>
      <object_component id="oc-120">
         <name>.text.delay_us</name>
         <load_address>0x1bc4</load_address>
         <readonly>true</readonly>
         <executable>true</executable>
         <run_address>0x1bc4</run_address>
         <size>0x74</size>
         <alignment>0x4</alignment>
         <input_file_ref idref="fl-5"/>
      </object_component>
      <object_component id="oc-17a">
         <name>.text.DL_SYSCTL_setHFCLKSourceHFXTParams</name>
         <load_address>0x1c38</load_address>
         <readonly>true</readonly>
         <executable>true</executable>
         <run_address>0x1c38</run_address>
         <size>0x64</size>
         <alignment>0x4</alignment>
         <input_file_ref idref="fl-1b"/>
      </object_component>
      <object_component id="oc-290">
         <name>.text.split</name>
         <load_address>0x1c9c</load_address>
         <readonly>true</readonly>
         <executable>true</executable>
         <run_address>0x1c9c</run_address>
         <size>0x64</size>
         <alignment>0x4</alignment>
         <input_file_ref idref="fl-3e"/>
      </object_component>
      <object_component id="oc-c3">
         <name>.text.printf</name>
         <load_address>0x1d00</load_address>
         <readonly>true</readonly>
         <executable>true</executable>
         <run_address>0x1d00</run_address>
         <size>0x5c</size>
         <alignment>0x4</alignment>
         <input_file_ref idref="fl-32"/>
      </object_component>
      <object_component id="oc-116">
         <name>.text.SYSCFG_DL_SYSCTL_init</name>
         <load_address>0x1d5c</load_address>
         <readonly>true</readonly>
         <executable>true</executable>
         <run_address>0x1d5c</run_address>
         <size>0x58</size>
         <alignment>0x4</alignment>
         <input_file_ref idref="fl-1"/>
      </object_component>
      <object_component id="oc-117">
         <name>.text.SYSCFG_DL_TIMER_ADC0_init</name>
         <load_address>0x1db4</load_address>
         <readonly>true</readonly>
         <executable>true</executable>
         <run_address>0x1db4</run_address>
         <size>0x58</size>
         <alignment>0x4</alignment>
         <input_file_ref idref="fl-1"/>
      </object_component>
      <object_component id="oc-1e1">
         <name>.text.__aeabi_idivmod</name>
         <load_address>0x1e0c</load_address>
         <readonly>true</readonly>
         <executable>true</executable>
         <run_address>0x1e0c</run_address>
         <size>0x56</size>
         <alignment>0x4</alignment>
         <input_file_ref idref="fl-109"/>
      </object_component>
      <object_component id="oc-118">
         <name>.text.SYSCFG_DL_UART_0_init</name>
         <load_address>0x1e64</load_address>
         <readonly>true</readonly>
         <executable>true</executable>
         <run_address>0x1e64</run_address>
         <size>0x50</size>
         <alignment>0x4</alignment>
         <input_file_ref idref="fl-1"/>
      </object_component>
      <object_component id="oc-1c8">
         <name>.text.fputs</name>
         <load_address>0x1eb4</load_address>
         <readonly>true</readonly>
         <executable>true</executable>
         <run_address>0x1eb4</run_address>
         <size>0x50</size>
         <alignment>0x4</alignment>
         <input_file_ref idref="fl-6"/>
      </object_component>
      <object_component id="oc-1a7">
         <name>.text.DL_ADC12_initSingleSample</name>
         <load_address>0x1f04</load_address>
         <readonly>true</readonly>
         <executable>true</executable>
         <run_address>0x1f04</run_address>
         <size>0x4c</size>
         <alignment>0x4</alignment>
         <input_file_ref idref="fl-1"/>
      </object_component>
      <object_component id="oc-200">
         <name>.text.DL_DMA_initChannel</name>
         <load_address>0x1f50</load_address>
         <readonly>true</readonly>
         <executable>true</executable>
         <run_address>0x1f50</run_address>
         <size>0x4c</size>
         <alignment>0x4</alignment>
         <input_file_ref idref="fl-18"/>
      </object_component>
      <object_component id="oc-19b">
         <name>.text.DL_UART_setBaudRateDivisor</name>
         <load_address>0x1f9c</load_address>
         <readonly>true</readonly>
         <executable>true</executable>
         <run_address>0x1f9c</run_address>
         <size>0x4c</size>
         <alignment>0x4</alignment>
         <input_file_ref idref="fl-1"/>
      </object_component>
      <object_component id="oc-1a8">
         <name>.text.DL_ADC12_configConversionMem</name>
         <load_address>0x1fe8</load_address>
         <readonly>true</readonly>
         <executable>true</executable>
         <run_address>0x1fe8</run_address>
         <size>0x4a</size>
         <alignment>0x2</alignment>
         <input_file_ref idref="fl-1"/>
      </object_component>
      <object_component id="oc-d5">
         <name>.text.__fixdfsi</name>
         <load_address>0x2034</load_address>
         <readonly>true</readonly>
         <executable>true</executable>
         <run_address>0x2034</run_address>
         <size>0x4a</size>
         <alignment>0x4</alignment>
         <input_file_ref idref="fl-ff"/>
      </object_component>
      <object_component id="oc-199">
         <name>.text.DL_UART_init</name>
         <load_address>0x2080</load_address>
         <readonly>true</readonly>
         <executable>true</executable>
         <run_address>0x2080</run_address>
         <size>0x48</size>
         <alignment>0x4</alignment>
         <input_file_ref idref="fl-1a"/>
      </object_component>
      <object_component id="oc-185">
         <name>.text.DL_SYSCTL_switchMCLKfromSYSOSCtoHSCLK</name>
         <load_address>0x20c8</load_address>
         <readonly>true</readonly>
         <executable>true</executable>
         <run_address>0x20c8</run_address>
         <size>0x44</size>
         <alignment>0x4</alignment>
         <input_file_ref idref="fl-1b"/>
      </object_component>
      <object_component id="oc-1dc">
         <name>.text.__fixunsdfsi</name>
         <load_address>0x210c</load_address>
         <readonly>true</readonly>
         <executable>true</executable>
         <run_address>0x210c</run_address>
         <size>0x42</size>
         <alignment>0x4</alignment>
         <input_file_ref idref="fl-101"/>
      </object_component>
      <object_component id="oc-1a1">
         <name>.text.DL_ADC12_setClockConfig</name>
         <load_address>0x2150</load_address>
         <readonly>true</readonly>
         <executable>true</executable>
         <run_address>0x2150</run_address>
         <size>0x40</size>
         <alignment>0x4</alignment>
         <input_file_ref idref="fl-16"/>
      </object_component>
      <object_component id="oc-20d">
         <name>.text.__aeabi_uidivmod</name>
         <load_address>0x2190</load_address>
         <readonly>true</readonly>
         <executable>true</executable>
         <run_address>0x2190</run_address>
         <size>0x40</size>
         <alignment>0x4</alignment>
         <input_file_ref idref="fl-10c"/>
      </object_component>
      <object_component id="oc-1d8">
         <name>.text.__extendsfdf2</name>
         <load_address>0x21d0</load_address>
         <readonly>true</readonly>
         <executable>true</executable>
         <run_address>0x21d0</run_address>
         <size>0x40</size>
         <alignment>0x4</alignment>
         <input_file_ref idref="fl-fe"/>
      </object_component>
      <object_component id="oc-140">
         <name>.text.Adjust_LoadValue</name>
         <load_address>0x2210</load_address>
         <readonly>true</readonly>
         <executable>true</executable>
         <run_address>0x2210</run_address>
         <size>0x3c</size>
         <alignment>0x4</alignment>
         <input_file_ref idref="fl-4"/>
      </object_component>
      <object_component id="oc-1d0">
         <name>.text.__floatsisf</name>
         <load_address>0x224c</load_address>
         <readonly>true</readonly>
         <executable>true</executable>
         <run_address>0x224c</run_address>
         <size>0x3c</size>
         <alignment>0x4</alignment>
         <input_file_ref idref="fl-103"/>
      </object_component>
      <object_component id="oc-fb">
         <name>.text:__TI_auto_init_nobinit_nopinit</name>
         <load_address>0x2288</load_address>
         <readonly>true</readonly>
         <executable>true</executable>
         <run_address>0x2288</run_address>
         <size>0x3c</size>
         <alignment>0x4</alignment>
         <input_file_ref idref="fl-43"/>
      </object_component>
      <object_component id="oc-138">
         <name>.text.__muldsi3</name>
         <load_address>0x22c4</load_address>
         <readonly>true</readonly>
         <executable>true</executable>
         <run_address>0x22c4</run_address>
         <size>0x3a</size>
         <alignment>0x4</alignment>
         <input_file_ref idref="fl-fb"/>
      </object_component>
      <object_component id="oc-190">
         <name>.text.DL_Timer_setPublisherChanID</name>
         <load_address>0x2300</load_address>
         <readonly>true</readonly>
         <executable>true</executable>
         <run_address>0x2300</run_address>
         <size>0x38</size>
         <alignment>0x4</alignment>
         <input_file_ref idref="fl-1"/>
      </object_component>
      <object_component id="oc-23f">
         <name>.text.__fixsfsi</name>
         <load_address>0x2338</load_address>
         <readonly>true</readonly>
         <executable>true</executable>
         <run_address>0x2338</run_address>
         <size>0x38</size>
         <alignment>0x4</alignment>
         <input_file_ref idref="fl-100"/>
      </object_component>
      <object_component id="oc-b6">
         <name>.text.SYSCFG_DL_init</name>
         <load_address>0x2370</load_address>
         <readonly>true</readonly>
         <executable>true</executable>
         <run_address>0x2370</run_address>
         <size>0x34</size>
         <alignment>0x4</alignment>
         <input_file_ref idref="fl-1"/>
      </object_component>
      <object_component id="oc-127">
         <name>.text.DL_DMA_setTransferSize</name>
         <load_address>0x23a4</load_address>
         <readonly>true</readonly>
         <executable>true</executable>
         <run_address>0x23a4</run_address>
         <size>0x30</size>
         <alignment>0x4</alignment>
         <input_file_ref idref="fl-4"/>
      </object_component>
      <object_component id="oc-170">
         <name>.text.DL_GPIO_initDigitalOutputFeatures</name>
         <load_address>0x23d4</load_address>
         <readonly>true</readonly>
         <executable>true</executable>
         <run_address>0x23d4</run_address>
         <size>0x30</size>
         <alignment>0x4</alignment>
         <input_file_ref idref="fl-1"/>
      </object_component>
      <object_component id="oc-4e">
         <name>.text.UART0_IRQHandler</name>
         <load_address>0x2404</load_address>
         <readonly>true</readonly>
         <executable>true</executable>
         <run_address>0x2404</run_address>
         <size>0x30</size>
         <alignment>0x4</alignment>
         <input_file_ref idref="fl-6"/>
      </object_component>
      <object_component id="oc-42">
         <name>.text.ADC0_IRQHandler</name>
         <load_address>0x2434</load_address>
         <readonly>true</readonly>
         <executable>true</executable>
         <run_address>0x2434</run_address>
         <size>0x2c</size>
         <alignment>0x4</alignment>
         <input_file_ref idref="fl-4"/>
      </object_component>
      <object_component id="oc-1ab">
         <name>.text.DL_ADC12_setDMASamplesCnt</name>
         <load_address>0x2460</load_address>
         <readonly>true</readonly>
         <executable>true</executable>
         <run_address>0x2460</run_address>
         <size>0x2c</size>
         <alignment>0x4</alignment>
         <input_file_ref idref="fl-1"/>
      </object_component>
      <object_component id="oc-12a">
         <name>.text.__NVIC_ClearPendingIRQ</name>
         <load_address>0x248c</load_address>
         <readonly>true</readonly>
         <executable>true</executable>
         <run_address>0x248c</run_address>
         <size>0x2c</size>
         <alignment>0x4</alignment>
         <input_file_ref idref="fl-4"/>
      </object_component>
      <object_component id="oc-123">
         <name>.text.__NVIC_ClearPendingIRQ</name>
         <load_address>0x24b8</load_address>
         <readonly>true</readonly>
         <executable>true</executable>
         <run_address>0x24b8</run_address>
         <size>0x2c</size>
         <alignment>0x4</alignment>
         <input_file_ref idref="fl-6"/>
      </object_component>
      <object_component id="oc-12b">
         <name>.text.__NVIC_EnableIRQ</name>
         <load_address>0x24e4</load_address>
         <readonly>true</readonly>
         <executable>true</executable>
         <run_address>0x24e4</run_address>
         <size>0x2c</size>
         <alignment>0x4</alignment>
         <input_file_ref idref="fl-4"/>
      </object_component>
      <object_component id="oc-124">
         <name>.text.__NVIC_EnableIRQ</name>
         <load_address>0x2510</load_address>
         <readonly>true</readonly>
         <executable>true</executable>
         <run_address>0x2510</run_address>
         <size>0x2c</size>
         <alignment>0x4</alignment>
         <input_file_ref idref="fl-6"/>
      </object_component>
      <object_component id="oc-c9">
         <name>.text.__floatsidf</name>
         <load_address>0x253c</load_address>
         <readonly>true</readonly>
         <executable>true</executable>
         <run_address>0x253c</run_address>
         <size>0x2c</size>
         <alignment>0x4</alignment>
         <input_file_ref idref="fl-102"/>
      </object_component>
      <object_component id="oc-1f7">
         <name>.text.DL_Common_updateReg</name>
         <load_address>0x2568</load_address>
         <readonly>true</readonly>
         <executable>true</executable>
         <run_address>0x2568</run_address>
         <size>0x28</size>
         <alignment>0x2</alignment>
         <input_file_ref idref="fl-1"/>
      </object_component>
      <object_component id="oc-126">
         <name>.text.DL_DMA_setDestAddr</name>
         <load_address>0x2590</load_address>
         <readonly>true</readonly>
         <executable>true</executable>
         <run_address>0x2590</run_address>
         <size>0x28</size>
         <alignment>0x4</alignment>
         <input_file_ref idref="fl-4"/>
      </object_component>
      <object_component id="oc-125">
         <name>.text.DL_DMA_setSrcAddr</name>
         <load_address>0x25b8</load_address>
         <readonly>true</readonly>
         <executable>true</executable>
         <run_address>0x25b8</run_address>
         <size>0x28</size>
         <alignment>0x4</alignment>
         <input_file_ref idref="fl-4"/>
      </object_component>
      <object_component id="oc-1b5">
         <name>.text.DL_SYSTICK_init</name>
         <load_address>0x25e0</load_address>
         <readonly>true</readonly>
         <executable>true</executable>
         <run_address>0x25e0</run_address>
         <size>0x28</size>
         <alignment>0x4</alignment>
         <input_file_ref idref="fl-1"/>
      </object_component>
      <object_component id="oc-18f">
         <name>.text.DL_Timer_enableEvent</name>
         <load_address>0x2608</load_address>
         <readonly>true</readonly>
         <executable>true</executable>
         <run_address>0x2608</run_address>
         <size>0x28</size>
         <alignment>0x4</alignment>
         <input_file_ref idref="fl-1"/>
      </object_component>
      <object_component id="oc-237">
         <name>.text.__floatunsisf</name>
         <load_address>0x2630</load_address>
         <readonly>true</readonly>
         <executable>true</executable>
         <run_address>0x2630</run_address>
         <size>0x28</size>
         <alignment>0x4</alignment>
         <input_file_ref idref="fl-105"/>
      </object_component>
      <object_component id="oc-253">
         <name>.text.free_list_insert</name>
         <load_address>0x2658</load_address>
         <readonly>true</readonly>
         <executable>true</executable>
         <run_address>0x2658</run_address>
         <size>0x28</size>
         <alignment>0x4</alignment>
         <input_file_ref idref="fl-3e"/>
      </object_component>
      <object_component id="oc-79">
         <name>.text:_c_int00_noargs</name>
         <load_address>0x2680</load_address>
         <readonly>true</readonly>
         <executable>true</executable>
         <run_address>0x2680</run_address>
         <size>0x28</size>
         <alignment>0x4</alignment>
         <input_file_ref idref="fl-41"/>
      </object_component>
      <object_component id="oc-128">
         <name>.text.DL_DMA_enableChannel</name>
         <load_address>0x26a8</load_address>
         <readonly>true</readonly>
         <executable>true</executable>
         <run_address>0x26a8</run_address>
         <size>0x26</size>
         <alignment>0x2</alignment>
         <input_file_ref idref="fl-4"/>
      </object_component>
      <object_component id="oc-dd">
         <name>.text.__floatunsidf</name>
         <load_address>0x26d0</load_address>
         <readonly>true</readonly>
         <executable>true</executable>
         <run_address>0x26d0</run_address>
         <size>0x24</size>
         <alignment>0x4</alignment>
         <input_file_ref idref="fl-104"/>
      </object_component>
      <object_component id="oc-208">
         <name>.text.memccpy</name>
         <load_address>0x26f4</load_address>
         <readonly>true</readonly>
         <executable>true</executable>
         <run_address>0x26f4</run_address>
         <size>0x22</size>
         <alignment>0x2</alignment>
         <input_file_ref idref="fl-3d"/>
      </object_component>
      <object_component id="oc-16f">
         <name>.text.DL_GPIO_initPeripheralInputFunction</name>
         <load_address>0x2718</load_address>
         <readonly>true</readonly>
         <executable>true</executable>
         <run_address>0x2718</run_address>
         <size>0x20</size>
         <alignment>0x4</alignment>
         <input_file_ref idref="fl-1"/>
      </object_component>
      <object_component id="oc-176">
         <name>.text.DL_SYSCTL_setFlashWaitState</name>
         <load_address>0x2738</load_address>
         <readonly>true</readonly>
         <executable>true</executable>
         <run_address>0x2738</run_address>
         <size>0x20</size>
         <alignment>0x4</alignment>
         <input_file_ref idref="fl-1"/>
      </object_component>
      <object_component id="oc-184">
         <name>.text.DL_SYSCTL_setMFPCLKSource</name>
         <load_address>0x2758</load_address>
         <readonly>true</readonly>
         <executable>true</executable>
         <run_address>0x2758</run_address>
         <size>0x20</size>
         <alignment>0x4</alignment>
         <input_file_ref idref="fl-1"/>
      </object_component>
      <object_component id="oc-235">
         <name>.text.DL_UART_transmitDataBlocking</name>
         <load_address>0x2778</load_address>
         <readonly>true</readonly>
         <executable>true</executable>
         <run_address>0x2778</run_address>
         <size>0x20</size>
         <alignment>0x4</alignment>
         <input_file_ref idref="fl-1a"/>
      </object_component>
      <object_component id="oc-1a9">
         <name>.text.DL_ADC12_setPowerDownMode</name>
         <load_address>0x2798</load_address>
         <readonly>true</readonly>
         <executable>true</executable>
         <run_address>0x2798</run_address>
         <size>0x1e</size>
         <alignment>0x2</alignment>
         <input_file_ref idref="fl-1"/>
      </object_component>
      <object_component id="oc-19a">
         <name>.text.DL_UART_setOversampling</name>
         <load_address>0x27b6</load_address>
         <readonly>true</readonly>
         <executable>true</executable>
         <run_address>0x27b6</run_address>
         <size>0x1e</size>
         <alignment>0x2</alignment>
         <input_file_ref idref="fl-1"/>
      </object_component>
      <object_component id="oc-1ae">
         <name>.text.DL_ADC12_clearInterruptStatus</name>
         <load_address>0x27d4</load_address>
         <readonly>true</readonly>
         <executable>true</executable>
         <run_address>0x27d4</run_address>
         <size>0x1c</size>
         <alignment>0x4</alignment>
         <input_file_ref idref="fl-1"/>
      </object_component>
      <object_component id="oc-1aa">
         <name>.text.DL_ADC12_enableDMA</name>
         <load_address>0x27f0</load_address>
         <readonly>true</readonly>
         <executable>true</executable>
         <run_address>0x27f0</run_address>
         <size>0x1c</size>
         <alignment>0x4</alignment>
         <input_file_ref idref="fl-1"/>
      </object_component>
      <object_component id="oc-1ac">
         <name>.text.DL_ADC12_enableDMATrigger</name>
         <load_address>0x280c</load_address>
         <readonly>true</readonly>
         <executable>true</executable>
         <run_address>0x280c</run_address>
         <size>0x1c</size>
         <alignment>0x4</alignment>
         <input_file_ref idref="fl-1"/>
      </object_component>
      <object_component id="oc-1af">
         <name>.text.DL_ADC12_enableInterrupt</name>
         <load_address>0x2828</load_address>
         <readonly>true</readonly>
         <executable>true</executable>
         <run_address>0x2828</run_address>
         <size>0x1c</size>
         <alignment>0x4</alignment>
         <input_file_ref idref="fl-1"/>
      </object_component>
      <object_component id="oc-16e">
         <name>.text.DL_GPIO_initPeripheralOutputFunction</name>
         <load_address>0x2844</load_address>
         <readonly>true</readonly>
         <executable>true</executable>
         <run_address>0x2844</run_address>
         <size>0x1c</size>
         <alignment>0x4</alignment>
         <input_file_ref idref="fl-1"/>
      </object_component>
      <object_component id="oc-177">
         <name>.text.DL_SYSCTL_setSYSOSCFreq</name>
         <load_address>0x2860</load_address>
         <readonly>true</readonly>
         <executable>true</executable>
         <run_address>0x2860</run_address>
         <size>0x1c</size>
         <alignment>0x4</alignment>
         <input_file_ref idref="fl-1"/>
      </object_component>
      <object_component id="oc-181">
         <name>.text.DL_SYSCTL_setULPCLKDivider</name>
         <load_address>0x287c</load_address>
         <readonly>true</readonly>
         <executable>true</executable>
         <run_address>0x287c</run_address>
         <size>0x1c</size>
         <alignment>0x4</alignment>
         <input_file_ref idref="fl-1"/>
      </object_component>
      <object_component id="oc-187">
         <name>.text.DL_Timer_setClockConfig</name>
         <load_address>0x2898</load_address>
         <readonly>true</readonly>
         <executable>true</executable>
         <run_address>0x2898</run_address>
         <size>0x1c</size>
         <alignment>0x4</alignment>
         <input_file_ref idref="fl-19"/>
      </object_component>
      <object_component id="oc-19c">
         <name>.text.DL_UART_enableInterrupt</name>
         <load_address>0x28b4</load_address>
         <readonly>true</readonly>
         <executable>true</executable>
         <run_address>0x28b4</run_address>
         <size>0x1c</size>
         <alignment>0x4</alignment>
         <input_file_ref idref="fl-1"/>
      </object_component>
      <object_component id="oc-1c9">
         <name>.text.fputc</name>
         <load_address>0x28d0</load_address>
         <readonly>true</readonly>
         <executable>true</executable>
         <run_address>0x28d0</run_address>
         <size>0x1c</size>
         <alignment>0x4</alignment>
         <input_file_ref idref="fl-6"/>
      </object_component>
      <object_component id="oc-251">
         <name>.text.free_list_remove</name>
         <load_address>0x28ec</load_address>
         <readonly>true</readonly>
         <executable>true</executable>
         <run_address>0x28ec</run_address>
         <size>0x1c</size>
         <alignment>0x4</alignment>
         <input_file_ref idref="fl-3e"/>
      </object_component>
      <object_component id="oc-1ad">
         <name>.text.DL_ADC12_setSubscriberChanID</name>
         <load_address>0x2908</load_address>
         <readonly>true</readonly>
         <executable>true</executable>
         <run_address>0x2908</run_address>
         <size>0x1a</size>
         <alignment>0x2</alignment>
         <input_file_ref idref="fl-1"/>
      </object_component>
      <object_component id="oc-168">
         <name>.text.DL_ADC12_enablePower</name>
         <load_address>0x2924</load_address>
         <readonly>true</readonly>
         <executable>true</executable>
         <run_address>0x2924</run_address>
         <size>0x18</size>
         <alignment>0x4</alignment>
         <input_file_ref idref="fl-1"/>
      </object_component>
      <object_component id="oc-164">
         <name>.text.DL_ADC12_reset</name>
         <load_address>0x293c</load_address>
         <readonly>true</readonly>
         <executable>true</executable>
         <run_address>0x293c</run_address>
         <size>0x18</size>
         <alignment>0x4</alignment>
         <input_file_ref idref="fl-1"/>
      </object_component>
      <object_component id="oc-174">
         <name>.text.DL_GPIO_enableOutput</name>
         <load_address>0x2954</load_address>
         <readonly>true</readonly>
         <executable>true</executable>
         <run_address>0x2954</run_address>
         <size>0x18</size>
         <alignment>0x4</alignment>
         <input_file_ref idref="fl-1"/>
      </object_component>
      <object_component id="oc-165">
         <name>.text.DL_GPIO_enablePower</name>
         <load_address>0x296c</load_address>
         <readonly>true</readonly>
         <executable>true</executable>
         <run_address>0x296c</run_address>
         <size>0x18</size>
         <alignment>0x4</alignment>
         <input_file_ref idref="fl-1"/>
      </object_component>
      <object_component id="oc-171">
         <name>.text.DL_GPIO_initDigitalOutput</name>
         <load_address>0x2984</load_address>
         <readonly>true</readonly>
         <executable>true</executable>
         <run_address>0x2984</run_address>
         <size>0x18</size>
         <alignment>0x4</alignment>
         <input_file_ref idref="fl-1"/>
      </object_component>
      <object_component id="oc-16d">
         <name>.text.DL_GPIO_initPeripheralAnalogFunction</name>
         <load_address>0x299c</load_address>
         <readonly>true</readonly>
         <executable>true</executable>
         <run_address>0x299c</run_address>
         <size>0x18</size>
         <alignment>0x4</alignment>
         <input_file_ref idref="fl-1"/>
      </object_component>
      <object_component id="oc-161">
         <name>.text.DL_GPIO_reset</name>
         <load_address>0x29b4</load_address>
         <readonly>true</readonly>
         <executable>true</executable>
         <run_address>0x29b4</run_address>
         <size>0x18</size>
         <alignment>0x4</alignment>
         <input_file_ref idref="fl-1"/>
      </object_component>
      <object_component id="oc-c2">
         <name>.text.DL_GPIO_setPins</name>
         <load_address>0x29cc</load_address>
         <readonly>true</readonly>
         <executable>true</executable>
         <run_address>0x29cc</run_address>
         <size>0x18</size>
         <alignment>0x4</alignment>
         <input_file_ref idref="fl-3"/>
      </object_component>
      <object_component id="oc-173">
         <name>.text.DL_GPIO_setPins</name>
         <load_address>0x29e4</load_address>
         <readonly>true</readonly>
         <executable>true</executable>
         <run_address>0x29e4</run_address>
         <size>0x18</size>
         <alignment>0x4</alignment>
         <input_file_ref idref="fl-1"/>
      </object_component>
      <object_component id="oc-175">
         <name>.text.DL_SYSCTL_setBORThreshold</name>
         <load_address>0x29fc</load_address>
         <readonly>true</readonly>
         <executable>true</executable>
         <run_address>0x29fc</run_address>
         <size>0x18</size>
         <alignment>0x4</alignment>
         <input_file_ref idref="fl-1"/>
      </object_component>
      <object_component id="oc-166">
         <name>.text.DL_Timer_enablePower</name>
         <load_address>0x2a14</load_address>
         <readonly>true</readonly>
         <executable>true</executable>
         <run_address>0x2a14</run_address>
         <size>0x18</size>
         <alignment>0x4</alignment>
         <input_file_ref idref="fl-1"/>
      </object_component>
      <object_component id="oc-162">
         <name>.text.DL_Timer_reset</name>
         <load_address>0x2a2c</load_address>
         <readonly>true</readonly>
         <executable>true</executable>
         <run_address>0x2a2c</run_address>
         <size>0x18</size>
         <alignment>0x4</alignment>
         <input_file_ref idref="fl-1"/>
      </object_component>
      <object_component id="oc-129">
         <name>.text.DL_Timer_setLoadValue</name>
         <load_address>0x2a44</load_address>
         <readonly>true</readonly>
         <executable>true</executable>
         <run_address>0x2a44</run_address>
         <size>0x18</size>
         <alignment>0x4</alignment>
         <input_file_ref idref="fl-4"/>
      </object_component>
      <object_component id="oc-d9">
         <name>.text.DL_Timer_setLoadValue</name>
         <load_address>0x2a5c</load_address>
         <readonly>true</readonly>
         <executable>true</executable>
         <run_address>0x2a5c</run_address>
         <size>0x18</size>
         <alignment>0x4</alignment>
         <input_file_ref idref="fl-3"/>
      </object_component>
      <object_component id="oc-141">
         <name>.text.DL_Timer_startCounter</name>
         <load_address>0x2a74</load_address>
         <readonly>true</readonly>
         <executable>true</executable>
         <run_address>0x2a74</run_address>
         <size>0x18</size>
         <alignment>0x4</alignment>
         <input_file_ref idref="fl-4"/>
      </object_component>
      <object_component id="oc-da">
         <name>.text.DL_Timer_startCounter</name>
         <load_address>0x2a8c</load_address>
         <readonly>true</readonly>
         <executable>true</executable>
         <run_address>0x2a8c</run_address>
         <size>0x18</size>
         <alignment>0x4</alignment>
         <input_file_ref idref="fl-3"/>
      </object_component>
      <object_component id="oc-88">
         <name>.text.DL_Timer_stopCounter</name>
         <load_address>0x2aa4</load_address>
         <readonly>true</readonly>
         <executable>true</executable>
         <run_address>0x2aa4</run_address>
         <size>0x18</size>
         <alignment>0x4</alignment>
         <input_file_ref idref="fl-4"/>
      </object_component>
      <object_component id="oc-167">
         <name>.text.DL_UART_enablePower</name>
         <load_address>0x2abc</load_address>
         <readonly>true</readonly>
         <executable>true</executable>
         <run_address>0x2abc</run_address>
         <size>0x18</size>
         <alignment>0x4</alignment>
         <input_file_ref idref="fl-1"/>
      </object_component>
      <object_component id="oc-163">
         <name>.text.DL_UART_reset</name>
         <load_address>0x2ad4</load_address>
         <readonly>true</readonly>
         <executable>true</executable>
         <run_address>0x2ad4</run_address>
         <size>0x18</size>
         <alignment>0x4</alignment>
         <input_file_ref idref="fl-1"/>
      </object_component>
      <object_component id="oc-1b3">
         <name>.text.SYSCFG_DL_DMA_CH0_init</name>
         <load_address>0x2aec</load_address>
         <readonly>true</readonly>
         <executable>true</executable>
         <run_address>0x2aec</run_address>
         <size>0x18</size>
         <alignment>0x4</alignment>
         <input_file_ref idref="fl-1"/>
      </object_component>
      <object_component id="oc-1b4">
         <name>.text.SYSCFG_DL_DMA_CH1_init</name>
         <load_address>0x2b04</load_address>
         <readonly>true</readonly>
         <executable>true</executable>
         <run_address>0x2b04</run_address>
         <size>0x18</size>
         <alignment>0x4</alignment>
         <input_file_ref idref="fl-1"/>
      </object_component>
      <object_component id="oc-1b0">
         <name>.text.DL_ADC12_enableConversions</name>
         <load_address>0x2b1c</load_address>
         <readonly>true</readonly>
         <executable>true</executable>
         <run_address>0x2b1c</run_address>
         <size>0x16</size>
         <alignment>0x2</alignment>
         <input_file_ref idref="fl-1"/>
      </object_component>
      <object_component id="oc-19e">
         <name>.text.DL_UART_enable</name>
         <load_address>0x2b32</load_address>
         <readonly>true</readonly>
         <executable>true</executable>
         <run_address>0x2b32</run_address>
         <size>0x16</size>
         <alignment>0x2</alignment>
         <input_file_ref idref="fl-1"/>
      </object_component>
      <object_component id="oc-c0">
         <name>.text.UART_Init</name>
         <load_address>0x2b48</load_address>
         <readonly>true</readonly>
         <executable>true</executable>
         <run_address>0x2b48</run_address>
         <size>0x16</size>
         <alignment>0x2</alignment>
         <input_file_ref idref="fl-6"/>
      </object_component>
      <object_component id="oc-bb">
         <name>.text.delay_ms</name>
         <load_address>0x2b5e</load_address>
         <readonly>true</readonly>
         <executable>true</executable>
         <run_address>0x2b5e</run_address>
         <size>0x16</size>
         <alignment>0x2</alignment>
         <input_file_ref idref="fl-5"/>
      </object_component>
      <object_component id="oc-70">
         <name>.text:decompress:ZI:__TI_zero_init_nomemset</name>
         <load_address>0x2b74</load_address>
         <readonly>true</readonly>
         <executable>true</executable>
         <run_address>0x2b74</run_address>
         <size>0x16</size>
         <alignment>0x2</alignment>
         <input_file_ref idref="fl-46"/>
      </object_component>
      <object_component id="oc-172">
         <name>.text.DL_GPIO_clearPins</name>
         <load_address>0x2b8a</load_address>
         <readonly>true</readonly>
         <executable>true</executable>
         <run_address>0x2b8a</run_address>
         <size>0x14</size>
         <alignment>0x2</alignment>
         <input_file_ref idref="fl-1"/>
      </object_component>
      <object_component id="oc-179">
         <name>.text.DL_SYSCTL_disableSYSPLL</name>
         <load_address>0x2ba0</load_address>
         <readonly>true</readonly>
         <executable>true</executable>
         <run_address>0x2ba0</run_address>
         <size>0x14</size>
         <alignment>0x4</alignment>
         <input_file_ref idref="fl-1"/>
      </object_component>
      <object_component id="oc-182">
         <name>.text.DL_SYSCTL_enableMFCLK</name>
         <load_address>0x2bb4</load_address>
         <readonly>true</readonly>
         <executable>true</executable>
         <run_address>0x2bb4</run_address>
         <size>0x14</size>
         <alignment>0x4</alignment>
         <input_file_ref idref="fl-1"/>
      </object_component>
      <object_component id="oc-18e">
         <name>.text.DL_Timer_enableClock</name>
         <load_address>0x2bc8</load_address>
         <readonly>true</readonly>
         <executable>true</executable>
         <run_address>0x2bc8</run_address>
         <size>0x14</size>
         <alignment>0x4</alignment>
         <input_file_ref idref="fl-1"/>
      </object_component>
      <object_component id="oc-8d">
         <name>.text.DL_UART_receiveData</name>
         <load_address>0x2bdc</load_address>
         <readonly>true</readonly>
         <executable>true</executable>
         <run_address>0x2bdc</run_address>
         <size>0x14</size>
         <alignment>0x4</alignment>
         <input_file_ref idref="fl-6"/>
      </object_component>
      <object_component id="oc-1ee">
         <name>.text.compare</name>
         <load_address>0x2bf0</load_address>
         <readonly>true</readonly>
         <executable>true</executable>
         <run_address>0x2bf0</run_address>
         <size>0x14</size>
         <alignment>0x2</alignment>
         <input_file_ref idref="fl-4"/>
      </object_component>
      <object_component id="oc-87">
         <name>.text.DL_ADC12_getPendingInterrupt</name>
         <load_address>0x2c04</load_address>
         <readonly>true</readonly>
         <executable>true</executable>
         <run_address>0x2c04</run_address>
         <size>0x12</size>
         <alignment>0x2</alignment>
         <input_file_ref idref="fl-4"/>
      </object_component>
      <object_component id="oc-8c">
         <name>.text.DL_UART_getPendingInterrupt</name>
         <load_address>0x2c16</load_address>
         <readonly>true</readonly>
         <executable>true</executable>
         <run_address>0x2c16</run_address>
         <size>0x12</size>
         <alignment>0x2</alignment>
         <input_file_ref idref="fl-6"/>
      </object_component>
      <object_component id="oc-193">
         <name>.text.DL_UART_setClockConfig</name>
         <load_address>0x2c28</load_address>
         <readonly>true</readonly>
         <executable>true</executable>
         <run_address>0x2c28</run_address>
         <size>0x12</size>
         <alignment>0x2</alignment>
         <input_file_ref idref="fl-1a"/>
      </object_component>
      <object_component id="oc-ac">
         <name>.text:TI_memcpy_small</name>
         <load_address>0x2c3a</load_address>
         <readonly>true</readonly>
         <executable>true</executable>
         <run_address>0x2c3a</run_address>
         <size>0x12</size>
         <alignment>0x1</alignment>
         <input_file_ref idref="fl-112"/>
      </object_component>
      <object_component id="oc-20">
         <name>.text:decompress:none</name>
         <load_address>0x2c4c</load_address>
         <readonly>true</readonly>
         <executable>true</executable>
         <run_address>0x2c4c</run_address>
         <size>0x12</size>
         <alignment>0x2</alignment>
         <input_file_ref idref="fl-47"/>
      </object_component>
      <object_component id="oc-178">
         <name>.text.DL_SYSCTL_disableHFXT</name>
         <load_address>0x2c60</load_address>
         <readonly>true</readonly>
         <executable>true</executable>
         <run_address>0x2c60</run_address>
         <size>0x10</size>
         <alignment>0x4</alignment>
         <input_file_ref idref="fl-1"/>
      </object_component>
      <object_component id="oc-183">
         <name>.text.DL_SYSCTL_enableMFPCLK</name>
         <load_address>0x2c70</load_address>
         <readonly>true</readonly>
         <executable>true</executable>
         <run_address>0x2c70</run_address>
         <size>0x10</size>
         <alignment>0x4</alignment>
         <input_file_ref idref="fl-1"/>
      </object_component>
      <object_component id="oc-1b6">
         <name>.text.DL_SYSTICK_enable</name>
         <load_address>0x2c80</load_address>
         <readonly>true</readonly>
         <executable>true</executable>
         <run_address>0x2c80</run_address>
         <size>0x10</size>
         <alignment>0x4</alignment>
         <input_file_ref idref="fl-1"/>
      </object_component>
      <object_component id="oc-11c">
         <name>.text.SYSCFG_DL_SYSTICK_init</name>
         <load_address>0x2c90</load_address>
         <readonly>true</readonly>
         <executable>true</executable>
         <run_address>0x2c90</run_address>
         <size>0x10</size>
         <alignment>0x2</alignment>
         <input_file_ref idref="fl-1"/>
      </object_component>
      <object_component id="oc-252">
         <name>.text.OUTLINED_FUNCTION_0</name>
         <load_address>0x2ca0</load_address>
         <readonly>true</readonly>
         <executable>true</executable>
         <run_address>0x2ca0</run_address>
         <size>0xe</size>
         <alignment>0x2</alignment>
         <input_file_ref idref="fl-3e"/>
      </object_component>
      <object_component id="oc-207">
         <name>.text.__aeabi_memset</name>
         <load_address>0x2cb0</load_address>
         <readonly>true</readonly>
         <executable>true</executable>
         <run_address>0x2cb0</run_address>
         <size>0xe</size>
         <alignment>0x4</alignment>
         <input_file_ref idref="fl-10b"/>
      </object_component>
      <object_component id="oc-206">
         <name>.text.strlen</name>
         <load_address>0x2cbe</load_address>
         <readonly>true</readonly>
         <executable>true</executable>
         <run_address>0x2cbe</run_address>
         <size>0xe</size>
         <alignment>0x2</alignment>
         <input_file_ref idref="fl-33"/>
      </object_component>
      <object_component id="oc-231">
         <name>.text.strlen</name>
         <load_address>0x2ccc</load_address>
         <readonly>true</readonly>
         <executable>true</executable>
         <run_address>0x2ccc</run_address>
         <size>0xe</size>
         <alignment>0x2</alignment>
         <input_file_ref idref="fl-40"/>
      </object_component>
      <object_component id="oc-10e">
         <name>.text:TI_memset_small</name>
         <load_address>0x2cda</load_address>
         <readonly>true</readonly>
         <executable>true</executable>
         <run_address>0x2cda</run_address>
         <size>0xe</size>
         <alignment>0x1</alignment>
         <input_file_ref idref="fl-113"/>
      </object_component>
      <object_component id="oc-11b">
         <name>.text.SYSCFG_DL_DMA_init</name>
         <load_address>0x2ce8</load_address>
         <readonly>true</readonly>
         <executable>true</executable>
         <run_address>0x2ce8</run_address>
         <size>0xc</size>
         <alignment>0x2</alignment>
         <input_file_ref idref="fl-1"/>
      </object_component>
      <object_component id="oc-95">
         <name>.text.__aeabi_memclr</name>
         <load_address>0x2cf4</load_address>
         <readonly>true</readonly>
         <executable>true</executable>
         <run_address>0x2cf4</run_address>
         <size>0xc</size>
         <alignment>0x4</alignment>
         <input_file_ref idref="fl-10b"/>
      </object_component>
      <object_component id="oc-1e7">
         <name>.text.malloc</name>
         <load_address>0x2d00</load_address>
         <readonly>true</readonly>
         <executable>true</executable>
         <run_address>0x2d00</run_address>
         <size>0xc</size>
         <alignment>0x2</alignment>
         <input_file_ref idref="fl-3e"/>
      </object_component>
      <object_component id="oc-169">
         <name>.text.DL_Common_delayCycles</name>
         <load_address>0x2d0c</load_address>
         <readonly>true</readonly>
         <executable>true</executable>
         <run_address>0x2d0c</run_address>
         <size>0xa</size>
         <alignment>0x2</alignment>
         <input_file_ref idref="fl-17"/>
      </object_component>
      <object_component id="oc-69">
         <name>.text.__aeabi_memcpy</name>
         <load_address>0x2d18</load_address>
         <readonly>true</readonly>
         <executable>true</executable>
         <run_address>0x2d18</run_address>
         <size>0x8</size>
         <alignment>0x4</alignment>
         <input_file_ref idref="fl-10a"/>
      </object_component>
      <object_component id="oc-132">
         <name>.text._outc</name>
         <load_address>0x2d20</load_address>
         <readonly>true</readonly>
         <executable>true</executable>
         <run_address>0x2d20</run_address>
         <size>0x8</size>
         <alignment>0x2</alignment>
         <input_file_ref idref="fl-32"/>
      </object_component>
      <object_component id="oc-131">
         <name>.text._outs</name>
         <load_address>0x2d28</load_address>
         <readonly>true</readonly>
         <executable>true</executable>
         <run_address>0x2d28</run_address>
         <size>0x8</size>
         <alignment>0x2</alignment>
         <input_file_ref idref="fl-32"/>
      </object_component>
      <object_component id="oc-f4">
         <name>.text:abort</name>
         <load_address>0x2d30</load_address>
         <readonly>true</readonly>
         <executable>true</executable>
         <run_address>0x2d30</run_address>
         <size>0x6</size>
         <alignment>0x2</alignment>
         <input_file_ref idref="fl-4c"/>
      </object_component>
      <object_component id="oc-5b">
         <name>.text.AES_IRQHandler</name>
         <load_address>0x2d36</load_address>
         <readonly>true</readonly>
         <executable>true</executable>
         <run_address>0x2d36</run_address>
         <size>0x4</size>
         <alignment>0x2</alignment>
         <input_file_ref idref="fl-3"/>
      </object_component>
      <object_component id="oc-48">
         <name>.text.CANFD0_IRQHandler</name>
         <load_address>0x2d3a</load_address>
         <readonly>true</readonly>
         <executable>true</executable>
         <run_address>0x2d3a</run_address>
         <size>0x4</size>
         <alignment>0x2</alignment>
         <input_file_ref idref="fl-3"/>
      </object_component>
      <object_component id="oc-49">
         <name>.text.DAC0_IRQHandler</name>
         <load_address>0x2d3e</load_address>
         <readonly>true</readonly>
[...]
      </symbol>
      <symbol id="sm-1a8">
         <name>TIMG7_IRQHandler</name>
         <value>0x2d93</value>
         <object_component_ref idref="oc-57"/>
      </symbol>
      <symbol id="sm-1a9">
         <name>TIMG12_IRQHandler</name>
         <value>0x2d8b</value>
         <object_component_ref idref="oc-58"/>
      </symbol>
      <symbol id="sm-1aa">
         <name>I2C0_IRQHandler</name>
         <value>0x2d57</value>
         <object_component_ref idref="oc-59"/>
      </symbol>
      <symbol id="sm-1ab">
         <name>I2C1_IRQHandler</name>
         <value>0x2d5b</value>
         <object_component_ref idref="oc-5a"/>
      </symbol>
      <symbol id="sm-1ac">
         <name>AES_IRQHandler</name>
         <value>0x2d37</value>
         <object_component_ref idref="oc-5b"/>
      </symbol>
      <symbol id="sm-1ad">
         <name>RTC_IRQHandler</name>
         <value>0x2d67</value>
         <object_component_ref idref="oc-5c"/>
      </symbol>
      <symbol id="sm-1ae">
         <name>DMA_IRQHandler</name>
         <value>0x2d43</value>
         <object_component_ref idref="oc-5d"/>
      </symbol>
      <symbol id="sm-1f9">
         <name>ADC_Init</name>
         <value>0x1551</value>
         <object_component_ref idref="oc-c1"/>
      </symbol>
      <symbol id="sm-1fa">
         <name>Calculate_Freq_Final</name>
         <value>0xab5</value>
         <object_component_ref idref="oc-dc"/>
      </symbol>
      <symbol id="sm-1fb">
         <name>Find_TriggerPoint</name>
         <value>0x16a1</value>
         <object_component_ref idref="oc-13e"/>
      </symbol>
      <symbol id="sm-1fc">
         <name>Calculate_Final</name>
         <value>0x1495</value>
         <object_component_ref idref="oc-13f"/>
      </symbol>
      <symbol id="sm-1fd">
         <name>Find_ValidTriggerPairs</name>
         <value>0x605</value>
         <object_component_ref idref="oc-14c"/>
      </symbol>
      <symbol id="sm-1fe">
         <name>ADC_Trigger</name>
         <value>0x2020110c</value>
         <object_component_ref idref="oc-14d"/>
      </symbol>
      <symbol id="sm-1ff">
         <name>IndexDiff_Final</name>
         <value>0x2020110e</value>
         <object_component_ref idref="oc-142"/>
      </symbol>
      <symbol id="sm-200">
         <name>TriggerCount</name>
         <value>0x20201118</value>
         <object_component_ref idref="oc-143"/>
      </symbol>
      <symbol id="sm-201">
         <name>TriggerFlag</name>
         <value>0x2020111f</value>
         <object_component_ref idref="oc-144"/>
      </symbol>
      <symbol id="sm-202">
         <name>StartIndex</name>
         <value>0x20201116</value>
         <object_component_ref idref="oc-145"/>
      </symbol>
      <symbol id="sm-203">
         <name>TriggerIndex</name>
         <value>0x20201740</value>
      </symbol>
      <symbol id="sm-204">
         <name>ValidPairs</name>
         <value>0x202016c8</value>
      </symbol>
      <symbol id="sm-205">
         <name>PeriodCount</name>
         <value>0x20201114</value>
         <object_component_ref idref="oc-14f"/>
      </symbol>
      <symbol id="sm-206">
         <name>Result_Calculate</name>
         <value>0x945</value>
         <object_component_ref idref="oc-1cf"/>
      </symbol>
      <symbol id="sm-207">
         <name>IndexDiff</name>
         <value>0x20201718</value>
      </symbol>
      <symbol id="sm-208">
         <name>compare</name>
         <value>0x2bf1</value>
         <object_component_ref idref="oc-1ee"/>
      </symbol>
      <symbol id="sm-209">
         <name>Calculate_Freq</name>
         <value>0xf41</value>
         <object_component_ref idref="oc-db"/>
      </symbol>
      <symbol id="sm-20a">
         <name>Adjust_LoadValue</name>
         <value>0x2211</value>
         <object_component_ref idref="oc-140"/>
      </symbol>
      <symbol id="sm-20b">
         <name>ADC0_IRQHandler</name>
         <value>0x2435</value>
         <object_component_ref idref="oc-42"/>
      </symbol>
      <symbol id="sm-217">
         <name>delay_us</name>
         <value>0x1bc5</value>
         <object_component_ref idref="oc-120"/>
      </symbol>
      <symbol id="sm-218">
         <name>delay_ms</name>
         <value>0x2b5f</value>
         <object_component_ref idref="oc-bb"/>
      </symbol>
      <symbol id="sm-23c">
         <name>fputc</name>
         <value>0x28d1</value>
         <object_component_ref idref="oc-1c9"/>
      </symbol>
      <symbol id="sm-23d">
         <name>fputs</name>
         <value>0x1eb5</value>
         <object_component_ref idref="oc-1c8"/>
      </symbol>
      <symbol id="sm-23e">
         <name>UART_Init</name>
         <value>0x2b49</value>
         <object_component_ref idref="oc-c0"/>
      </symbol>
      <symbol id="sm-23f">
         <name>UART_Callback</name>
         <value>0x15f9</value>
         <object_component_ref idref="oc-8e"/>
      </symbol>
      <symbol id="sm-240">
         <name>UART0_IRQHandler</name>
         <value>0x2405</value>
         <object_component_ref idref="oc-4e"/>
      </symbol>
      <symbol id="sm-249">
         <name>Smooth_Filter</name>
         <value>0x17d1</value>
         <object_component_ref idref="oc-147"/>
      </symbol>
      <symbol id="sm-24a">
         <name>__TI_ATRegion0_src_addr</name>
         <value>0x0</value>
      </symbol>
      <symbol id="sm-24b">
         <name>__TI_ATRegion0_trg_addr</name>
         <value>0x0</value>
      </symbol>
      <symbol id="sm-24c">
         <name>__TI_ATRegion0_region_sz</name>
         <value>0x0</value>
      </symbol>
      <symbol id="sm-24d">
         <name>__TI_ATRegion1_src_addr</name>
         <value>0x0</value>
      </symbol>
      <symbol id="sm-24e">
         <name>__TI_ATRegion1_trg_addr</name>
         <value>0x0</value>
      </symbol>
      <symbol id="sm-24f">
         <name>__TI_ATRegion1_region_sz</name>
         <value>0x0</value>
      </symbol>
      <symbol id="sm-250">
         <name>__TI_ATRegion2_src_addr</name>
         <value>0x0</value>
      </symbol>
      <symbol id="sm-251">
         <name>__TI_ATRegion2_trg_addr</name>
         <value>0x0</value>
      </symbol>
      <symbol id="sm-252">
         <name>__TI_ATRegion2_region_sz</name>
         <value>0x0</value>
      </symbol>
      <symbol id="sm-25d">
         <name>DL_ADC12_setClockConfig</name>
         <value>0x2151</value>
         <object_component_ref idref="oc-1a1"/>
      </symbol>
      <symbol id="sm-266">
         <name>DL_Common_delayCycles</name>
         <value>0x2d0d</value>
         <object_component_ref idref="oc-169"/>
      </symbol>
      <symbol id="sm-270">
         <name>DL_DMA_initChannel</name>
         <value>0x1f51</value>
         <object_component_ref idref="oc-200"/>
      </symbol>
      <symbol id="sm-280">
         <name>DL_Timer_setClockConfig</name>
         <value>0x2899</value>
         <object_component_ref idref="oc-187"/>
      </symbol>
      <symbol id="sm-281">
         <name>DL_Timer_initTimerMode</name>
         <value>0x102d</value>
         <object_component_ref idref="oc-18d"/>
      </symbol>
      <symbol id="sm-291">
         <name>DL_UART_init</name>
         <value>0x2081</value>
         <object_component_ref idref="oc-199"/>
      </symbol>
      <symbol id="sm-292">
         <name>DL_UART_setClockConfig</name>
         <value>0x2c29</value>
         <object_component_ref idref="oc-193"/>
      </symbol>
      <symbol id="sm-293">
         <name>DL_UART_transmitDataBlocking</name>
         <value>0x2779</value>
         <object_component_ref idref="oc-235"/>
      </symbol>
      <symbol id="sm-2a4">
         <name>DL_SYSCTL_configSYSPLL</name>
         <value>0x12e1</value>
         <object_component_ref idref="oc-180"/>
      </symbol>
      <symbol id="sm-2a5">
         <name>DL_SYSCTL_switchMCLKfromSYSOSCtoHSCLK</name>
         <value>0x20c9</value>
         <object_component_ref idref="oc-185"/>
      </symbol>
      <symbol id="sm-2a6">
         <name>DL_SYSCTL_setHFCLKSourceHFXTParams</name>
         <value>0x1c39</value>
         <object_component_ref idref="oc-17a"/>
      </symbol>
      <symbol id="sm-2b7">
         <name>printf</name>
         <value>0x1d01</value>
         <object_component_ref idref="oc-c3"/>
      </symbol>
      <symbol id="sm-2cd">
         <name>__TI_printfi_minimal</name>
         <value>0x381</value>
         <object_component_ref idref="oc-1b7"/>
      </symbol>
      <symbol id="sm-2da">
         <name>_nop</name>
         <value>0x185f</value>
         <object_component_ref idref="oc-1bf"/>
      </symbol>
      <symbol id="sm-2db">
         <name>_lock</name>
         <value>0x20201104</value>
         <object_component_ref idref="oc-12d"/>
      </symbol>
      <symbol id="sm-2dc">
         <name>_unlock</name>
         <value>0x20201108</value>
         <object_component_ref idref="oc-133"/>
      </symbol>
      <symbol id="sm-2e4">
         <name>_ftable</name>
         <value>0x20201000</value>
         <object_component_ref idref="oc-12f"/>
      </symbol>
      <symbol id="sm-2ed">
         <name>memccpy</name>
         <value>0x26f5</value>
         <object_component_ref idref="oc-208"/>
      </symbol>
      <symbol id="sm-310">
         <name>malloc</name>
         <value>0x2d01</value>
         <object_component_ref idref="oc-1e7"/>
      </symbol>
      <symbol id="sm-311">
         <name>aligned_alloc</name>
         <value>0xd21</value>
         <object_component_ref idref="oc-24d"/>
      </symbol>
      <symbol id="sm-312">
         <name>free</name>
         <value>0x1115</value>
         <object_component_ref idref="oc-1ed"/>
      </symbol>
      <symbol id="sm-313">
         <name>_sys_memory</name>
         <value>0x20201128</value>
         <object_component_ref idref="oc-2f"/>
      </symbol>
      <symbol id="sm-314">
         <name>memalign</name>
         <value>0xd21</value>
         <object_component_ref idref="oc-24d"/>
      </symbol>
      <symbol id="sm-31d">
         <name>qsort</name>
         <value>0xbed</value>
         <object_component_ref idref="oc-1e9"/>
      </symbol>
      <symbol id="sm-326">
         <name>strlen</name>
         <value>0x2ccd</value>
         <object_component_ref idref="oc-231"/>
      </symbol>
      <symbol id="sm-331">
         <name>_c_int00_noargs</name>
         <value>0x2681</value>
         <object_component_ref idref="oc-79"/>
      </symbol>
      <symbol id="sm-332">
         <name>__stack</name>
         <value>0x20207e00</value>
         <object_component_ref idref="oc-1a"/>
      </symbol>
      <symbol id="sm-33e">
         <name>__TI_auto_init_nobinit_nopinit</name>
         <value>0x2289</value>
         <object_component_ref idref="oc-fb"/>
      </symbol>
      <symbol id="sm-346">
         <name>_system_pre_init</name>
         <value>0x2da7</value>
         <object_component_ref idref="oc-9a"/>
      </symbol>
      <symbol id="sm-351">
         <name>__TI_zero_init_nomemset</name>
         <value>0x2b75</value>
         <object_component_ref idref="oc-70"/>
      </symbol>
      <symbol id="sm-35a">
         <name>__TI_decompress_none</name>
         <value>0x2c4d</value>
         <object_component_ref idref="oc-20"/>
      </symbol>
      <symbol id="sm-365">
         <name>__TI_decompress_lzss</name>
         <value>0x1969</value>
         <object_component_ref idref="oc-1c"/>
      </symbol>
      <symbol id="sm-371">
         <name>abort</name>
         <value>0x2d31</value>
         <object_component_ref idref="oc-f4"/>
      </symbol>
      <symbol id="sm-37a">
         <name>HOSTexit</name>
         <value>0x2d4f</value>
         <object_component_ref idref="oc-153"/>
      </symbol>
      <symbol id="sm-37b">
         <name>C$$EXIT</name>
         <value>0x2d4e</value>
         <object_component_ref idref="oc-153"/>
      </symbol>
      <symbol id="sm-38b">
         <name>__aeabi_fadd</name>
         <value>0x13c7</value>
         <object_component_ref idref="oc-23b"/>
      </symbol>
      <symbol id="sm-38c">
         <name>__addsf3</name>
         <value>0x13c7</value>
         <object_component_ref idref="oc-23b"/>
      </symbol>
      <symbol id="sm-38d">
         <name>__aeabi_fsub</name>
         <value>0x13bd</value>
         <object_component_ref idref="oc-23b"/>
      </symbol>
      <symbol id="sm-38e">
         <name>__subsf3</name>
         <value>0x13bd</value>
         <object_component_ref idref="oc-23b"/>
      </symbol>
      <symbol id="sm-394">
         <name>__aeabi_dadd</name>
         <value>0x7bb</value>
         <object_component_ref idref="oc-e1"/>
      </symbol>
      <symbol id="sm-395">
         <name>__adddf3</name>
         <value>0x7bb</value>
         <object_component_ref idref="oc-e1"/>
      </symbol>
      <symbol id="sm-396">
         <name>__aeabi_dsub</name>
         <value>0x7b1</value>
         <object_component_ref idref="oc-e1"/>
      </symbol>
      <symbol id="sm-397">
         <name>__subdf3</name>
         <value>0x7b1</value>
         <object_component_ref idref="oc-e1"/>
      </symbol>
      <symbol id="sm-39d">
         <name>__aeabi_dmul</name>
         <value>0x11fd</value>
         <object_component_ref idref="oc-d1"/>
      </symbol>
      <symbol id="sm-39e">
         <name>__muldf3</name>
         <value>0x11fd</value>
         <object_component_ref idref="oc-d1"/>
      </symbol>
      <symbol id="sm-3a4">
         <name>__muldsi3</name>
         <value>0x22c5</value>
         <object_component_ref idref="oc-138"/>
      </symbol>
      <symbol id="sm-3aa">
         <name>__aeabi_fdiv</name>
         <value>0x18e5</value>
         <object_component_ref idref="oc-1d4"/>
      </symbol>
      <symbol id="sm-3ab">
         <name>__divsf3</name>
         <value>0x18e5</value>
         <object_component_ref idref="oc-1d4"/>
      </symbol>
      <symbol id="sm-3b1">
         <name>__aeabi_ddiv</name>
         <value>0xe35</value>
         <object_component_ref idref="oc-cd"/>
      </symbol>
      <symbol id="sm-3b2">
         <name>__divdf3</name>
         <value>0xe35</value>
         <object_component_ref idref="oc-cd"/>
      </symbol>
      <symbol id="sm-3b8">
         <name>__aeabi_f2d</name>
         <value>0x21d1</value>
         <object_component_ref idref="oc-1d8"/>
      </symbol>
      <symbol id="sm-3b9">
         <name>__extendsfdf2</name>
         <value>0x21d1</value>
         <object_component_ref idref="oc-1d8"/>
      </symbol>
      <symbol id="sm-3bf">
         <name>__aeabi_d2iz</name>
         <value>0x2035</value>
         <object_component_ref idref="oc-d5"/>
      </symbol>
      <symbol id="sm-3c0">
         <name>__fixdfsi</name>
         <value>0x2035</value>
         <object_component_ref idref="oc-d5"/>
      </symbol>
      <symbol id="sm-3c6">
         <name>__aeabi_f2iz</name>
         <value>0x2339</value>
         <object_component_ref idref="oc-23f"/>
      </symbol>
      <symbol id="sm-3c7">
         <name>__fixsfsi</name>
         <value>0x2339</value>
         <object_component_ref idref="oc-23f"/>
      </symbol>
      <symbol id="sm-3cd">
         <name>__aeabi_d2uiz</name>
         <value>0x210d</value>
         <object_component_ref idref="oc-1dc"/>
      </symbol>
      <symbol id="sm-3ce">
         <name>__fixunsdfsi</name>
         <value>0x210d</value>
         <object_component_ref idref="oc-1dc"/>
      </symbol>
      <symbol id="sm-3d4">
         <name>__aeabi_i2d</name>
         <value>0x253d</value>
         <object_component_ref idref="oc-c9"/>
      </symbol>
      <symbol id="sm-3d5">
         <name>__floatsidf</name>
         <value>0x253d</value>
         <object_component_ref idref="oc-c9"/>
      </symbol>
      <symbol id="sm-3db">
         <name>__aeabi_i2f</name>
         <value>0x224d</value>
         <object_component_ref idref="oc-1d0"/>
      </symbol>
      <symbol id="sm-3dc">
         <name>__floatsisf</name>
         <value>0x224d</value>
         <object_component_ref idref="oc-1d0"/>
      </symbol>
      <symbol id="sm-3e2">
         <name>__aeabi_ui2d</name>
         <value>0x26d1</value>
         <object_component_ref idref="oc-dd"/>
      </symbol>
      <symbol id="sm-3e3">
         <name>__floatunsidf</name>
         <value>0x26d1</value>
         <object_component_ref idref="oc-dd"/>
      </symbol>
      <symbol id="sm-3e9">
         <name>__aeabi_ui2f</name>
         <value>0x2631</value>
         <object_component_ref idref="oc-237"/>
      </symbol>
      <symbol id="sm-3ea">
         <name>__floatunsisf</name>
         <value>0x2631</value>
         <object_component_ref idref="oc-237"/>
      </symbol>
      <symbol id="sm-3f1">
         <name>__aeabi_d2f</name>
         <value>0x1b51</value>
         <object_component_ref idref="oc-1cb"/>
      </symbol>
      <symbol id="sm-3f2">
         <name>__truncdfsf2</name>
         <value>0x1b51</value>
         <object_component_ref idref="oc-1cb"/>
      </symbol>
      <symbol id="sm-3f8">
         <name>__aeabi_idiv</name>
         <value>0x1e0d</value>
         <object_component_ref idref="oc-1e1"/>
      </symbol>
      <symbol id="sm-3f9">
         <name>__aeabi_idivmod</name>
         <value>0x1e0d</value>
         <object_component_ref idref="oc-1e1"/>
      </symbol>
      <symbol id="sm-3ff">
         <name>__aeabi_memcpy</name>
         <value>0x2d19</value>
         <object_component_ref idref="oc-69"/>
      </symbol>
      <symbol id="sm-400">
         <name>__aeabi_memcpy4</name>
         <value>0x2d19</value>
         <object_component_ref idref="oc-69"/>
      </symbol>
      <symbol id="sm-401">
         <name>__aeabi_memcpy8</name>
         <value>0x2d19</value>
         <object_component_ref idref="oc-69"/>
      </symbol>
      <symbol id="sm-40a">
         <name>__aeabi_memset</name>
         <value>0x2cb1</value>
         <object_component_ref idref="oc-207"/>
      </symbol>
      <symbol id="sm-40b">
         <name>__aeabi_memset4</name>
         <value>0x2cb1</value>
         <object_component_ref idref="oc-207"/>
      </symbol>
      <symbol id="sm-40c">
         <name>__aeabi_memset8</name>
         <value>0x2cb1</value>
         <object_component_ref idref="oc-207"/>
      </symbol>
      <symbol id="sm-40d">
         <name>__aeabi_memclr</name>
         <value>0x2cf5</value>
         <object_component_ref idref="oc-95"/>
      </symbol>
      <symbol id="sm-40e">
         <name>__aeabi_memclr4</name>
         <value>0x2cf5</value>
         <object_component_ref idref="oc-95"/>
      </symbol>
      <symbol id="sm-40f">
         <name>__aeabi_memclr8</name>
         <value>0x2cf5</value>
         <object_component_ref idref="oc-95"/>
      </symbol>
      <symbol id="sm-415">
         <name>__aeabi_uidiv</name>
         <value>0x2191</value>
         <object_component_ref idref="oc-20d"/>
      </symbol>
      <symbol id="sm-416">
         <name>__aeabi_uidivmod</name>
         <value>0x2191</value>
         <object_component_ref idref="oc-20d"/>
      </symbol>
      <symbol id="sm-421">
         <name>__aeabi_idiv0</name>
         <value>0x943</value>
         <object_component_ref idref="oc-247"/>
      </symbol>
      <symbol id="sm-42a">
         <name>TI_memcpy_small</name>
         <value>0x2c3b</value>
         <object_component_ref idref="oc-ac"/>
      </symbol>
      <symbol id="sm-433">
         <name>TI_memset_small</name>
         <value>0x2cdb</value>
         <object_component_ref idref="oc-10e"/>
      </symbol>
      <symbol id="sm-434">
         <name>__TI_static_base__</name>
         <value>0x0</value>
      </symbol>
      <symbol id="sm-437">
         <name>__mpu_init</name>
         <value>0x0</value>
      </symbol>
      <symbol id="sm-438">
         <name>_system_post_cinit</name>
         <value>0x0</value>
      </symbol>
   </symbol_table>
   <title>Link successful</title>
</link_info>
