******************************************************************************
            TI ARM Clang Linker PC v4.0.1                      
******************************************************************************
>> Linked Fri May  9 18:28:11 2025

OUTPUT FILE NAME:   <MSPM0G3507_1.96LCD_64pin_h.out>
ENTRY POINT SYMBOL: "_c_int00_noargs"  address: 00004925


MEMORY CONFIGURATION

         name            origin    length      used     unused   attr    fill
----------------------  --------  ---------  --------  --------  ----  --------
  FLASH                 00000000   00020000  00004e40  0001b1c0  R  X
  SRAM                  20200000   00008000  00000320  00007ce0  RW X
  BCR_CONFIG            41c00000   00000080  00000000  00000080  R   
  BSL_CONFIG            41c00100   00000080  00000000  00000080  R   


SEGMENT ALLOCATION MAP

run origin  load origin   length   init length attrs members
----------  ----------- ---------- ----------- ----- -------
00000000    00000000    00004e40   00004e40    r-x
  00000000    00000000    000000c0   000000c0    r-- .intvecs
  000000c0    000000c0    00003460   00003460    r-- .rodata
  00003520    00003520    000018d0   000018d0    r-x .text
  00004df0    00004df0    00000050   00000050    r-- .cinit
20200000    20200000    00000120   00000000    rw-
  20200000    20200000    000000f8   00000000    rw- .data
  202000f8    202000f8    00000028   00000000    rw- .bss
20207e00    20207e00    00000200   00000000    rw-
  20207e00    20207e00    00000200   00000000    rw- .stack


SECTION ALLOCATION MAP

 output                                  attributes/
section   page    origin      length       input sections
--------  ----  ----------  ----------   ----------------
.intvecs   0    00000000    000000c0     
                  00000000    000000c0     startup_mspm0g350x_ticlang.o (.intvecs)

.text      0    00003520    000018d0     
                  00003520    00000284     libc.a : _printfi.c.obj (.text:__TI_printfi_minimal)
                  000037a4    00000214     lcd.o (.text.LCD_ShowChar)
                  000039b8    000001c4     lcd_init.o (.text.LCD_Init)
                  00003b7c    00000140     main.o (.text.main)
                  00003cbc    0000011c     lcd.o (.text.LCD_ShowFloatNum1)
                  00003dd8    00000118     lcd.o (.text.LCD_ShowIntNum)
                  00003ef0    000000dc     driverlib.a : dl_sysctl_mspm0g1x0x_g3x0x.o (.text.DL_SYSCTL_configSYSPLL)
                  00003fcc    00000094     ti_msp_dl_config.o (.text.SYSCFG_DL_GPIO_init)
                  00004060    0000008c     libclang_rt.builtins.a : mulsf3.S.obj (.text.__mulsf3)
                  000040ec    00000084     lcd.o (.text.LCD_Fill)
                  00004170    0000007c     libc.a : copy_decompress_lzss.c.obj (.text:decompress:lzss)
                  000041ec    0000007a     lcd.o (.text.LCD_ShowString)
                  00004266    00000002     lcd_init.o (.text.LCD_GPIO_Init)
                  00004268    00000074     delay.o (.text.delay_us)
                  000042dc    00000064     driverlib.a : dl_sysctl_mspm0g1x0x_g3x0x.o (.text.DL_SYSCTL_setHFCLKSourceHFXTParams)
                  00004340    0000005c     libc.a : printf.c.obj (.text.printf)
                  0000439c    00000058     ti_msp_dl_config.o (.text.SYSCFG_DL_SYSCTL_init)
                  000043f4    00000058     ti_msp_dl_config.o (.text.SYSCFG_DL_initPower)
                  0000444c    00000052     lcd_init.o (.text.LCD_Address_Set)
                  0000449e    00000002     libclang_rt.builtins.a : aeabi_div0.c.obj (.text.__aeabi_idiv0)
                  000044a0    00000050     delay.o (.text.fputs)
                  000044f0    0000004c     ti_msp_dl_config.o (.text.DL_UART_setBaudRateDivisor)
                  0000453c    00000048     driverlib.a : dl_uart.o (.text.DL_UART_init)
                  00004584    00000044                 : dl_spi.o (.text.DL_SPI_init)
                  000045c8    00000044                 : dl_sysctl_mspm0g1x0x_g3x0x.o (.text.DL_SYSCTL_switchMCLKfromSYSOSCtoHSCLK)
                  0000460c    00000044     lcd_init.o (.text.LCD_Writ_Bus)
                  00004650    00000040     ti_msp_dl_config.o (.text.SYSCFG_DL_SPI_LCD_init)
                  00004690    00000040     ti_msp_dl_config.o (.text.SYSCFG_DL_UART_0_init)
                  000046d0    00000040     libclang_rt.builtins.a : aeabi_uidivmod.S.obj (.text.__aeabi_uidivmod)
                  00004710    0000003c     libc.a : autoinit.c.obj (.text:__TI_auto_init_nobinit_nopinit)
                  0000474c    0000003a     libclang_rt.builtins.a : muldsi3.S.obj (.text.__muldsi3)
                  00004786    00000002     libc.a : _lock.c.obj (.text._nop)
                  00004788    00000038     libclang_rt.builtins.a : fixsfsi.S.obj (.text.__fixsfsi)
                  000047c0    00000030     ti_msp_dl_config.o (.text.DL_GPIO_initDigitalOutputFeatures)
                  000047f0    00000030     ti_msp_dl_config.o (.text.DL_SPI_setFIFOThreshold)
                  00004820    00000030     lcd_init.o (.text.LCD_WR_REG)
                  00004850    00000030     lcd.o (.text.mypow)
                  00004880    0000002c     lcd.o (.text.LCD_DrawPoint)
                  000048ac    00000028     ti_msp_dl_config.o (.text.DL_Common_updateReg)
                  000048d4    00000028     ti_msp_dl_config.o (.text.DL_SYSTICK_init)
                  000048fc    00000028     ti_msp_dl_config.o (.text.SYSCFG_DL_init)
                  00004924    00000028     libc.a : boot_cortex_m.c.obj (.text:_c_int00_noargs)
                  0000494c    00000024     ti_msp_dl_config.o (.text.DL_SPI_setBitRateSerialClockDivider)
                  00004970    00000022     libc.a : memccpy.c.obj (.text.memccpy)
                  00004992    00000002     --HOLE-- [fill = 0]
                  00004994    00000020     ti_msp_dl_config.o (.text.DL_GPIO_initPeripheralInputFunction)
                  000049b4    00000020     ti_msp_dl_config.o (.text.DL_SYSCTL_setFlashWaitState)
                  000049d4    00000020     ti_msp_dl_config.o (.text.DL_SYSCTL_setMFPCLKSource)
                  000049f4    00000020     driverlib.a : dl_uart.o (.text.DL_UART_transmitDataBlocking)
                  00004a14    0000001e     ti_msp_dl_config.o (.text.DL_UART_setOversampling)
                  00004a32    0000001e     lcd_init.o (.text.LCD_WR_DATA)
                  00004a50    0000001c     ti_msp_dl_config.o (.text.DL_GPIO_initPeripheralOutputFunction)
                  00004a6c    0000001c     ti_msp_dl_config.o (.text.DL_SYSCTL_setSYSOSCFreq)
                  00004a88    0000001c     ti_msp_dl_config.o (.text.DL_SYSCTL_setULPCLKDivider)
                  00004aa4    0000001c     delay.o (.text.fputc)
                  00004ac0    00000018     ti_msp_dl_config.o (.text.DL_GPIO_enableOutput)
                  00004ad8    00000018     ti_msp_dl_config.o (.text.DL_GPIO_enablePower)
                  00004af0    00000018     ti_msp_dl_config.o (.text.DL_GPIO_initDigitalOutput)
                  00004b08    00000018     ti_msp_dl_config.o (.text.DL_GPIO_initPeripheralAnalogFunction)
                  00004b20    00000018     ti_msp_dl_config.o (.text.DL_GPIO_reset)
                  00004b38    00000018     lcd_init.o (.text.DL_GPIO_setPins)
                  00004b50    00000018     main.o (.text.DL_GPIO_setPins)
                  00004b68    00000018     ti_msp_dl_config.o (.text.DL_GPIO_setPins)
                  00004b80    00000018     ti_msp_dl_config.o (.text.DL_SPI_enable)
                  00004b98    00000018     ti_msp_dl_config.o (.text.DL_SPI_enablePower)
                  00004bb0    00000018     lcd_init.o (.text.DL_SPI_isBusy)
                  00004bc8    00000018     ti_msp_dl_config.o (.text.DL_SPI_reset)
                  00004be0    00000018     ti_msp_dl_config.o (.text.DL_SYSCTL_setBORThreshold)
                  00004bf8    00000018     ti_msp_dl_config.o (.text.DL_UART_enablePower)
                  00004c10    00000018     ti_msp_dl_config.o (.text.DL_UART_reset)
                  00004c28    00000018     lcd_init.o (.text.delayLCD_ms)
                  00004c40    00000016     lcd_init.o (.text.DL_SPI_transmitData8)
                  00004c56    00000016     ti_msp_dl_config.o (.text.DL_UART_enable)
                  00004c6c    00000016     delay.o (.text.delay_ms)
                  00004c82    00000016     libc.a : copy_zero_init.c.obj (.text:decompress:ZI:__TI_zero_init_nomemset)
                  00004c98    00000014     lcd_init.o (.text.DL_GPIO_clearPins)
                  00004cac    00000014     ti_msp_dl_config.o (.text.DL_GPIO_clearPins)
                  00004cc0    00000014     ti_msp_dl_config.o (.text.DL_SYSCTL_disableSYSPLL)
                  00004cd4    00000014     ti_msp_dl_config.o (.text.DL_SYSCTL_enableMFCLK)
                  00004ce8    00000014     lcd_init.o (.text.LCD_WR_DATA8)
                  00004cfc    00000012     driverlib.a : dl_spi.o (.text.DL_SPI_setClockConfig)
                  00004d0e    00000012                 : dl_uart.o (.text.DL_UART_setClockConfig)
                  00004d20    00000012     libc.a : memcpy16.S.obj (.text:TI_memcpy_small)
                  00004d32    00000012            : copy_decompress_none.c.obj (.text:decompress:none)
                  00004d44    00000010     ti_msp_dl_config.o (.text.DL_SYSCTL_disableHFXT)
                  00004d54    00000010     ti_msp_dl_config.o (.text.DL_SYSCTL_enableMFPCLK)
                  00004d64    00000010     ti_msp_dl_config.o (.text.DL_SYSTICK_enable)
                  00004d74    00000010     ti_msp_dl_config.o (.text.SYSCFG_DL_SYSTICK_init)
                  00004d84    0000000e     libclang_rt.builtins.a : aeabi_memset.S.obj (.text.__aeabi_memset)
                  00004d92    0000000e     libc.a : _printfi.c.obj (.text.strlen)
                  00004da0    0000000e            : strlen.c.obj (.text.strlen)
                  00004dae    0000000e            : memset16.S.obj (.text:TI_memset_small)
                  00004dbc    0000000a     driverlib.a : dl_common.o (.text.DL_Common_delayCycles)
                  00004dc6    00000002     --HOLE-- [fill = 0]
                  00004dc8    00000008     libclang_rt.builtins.a : aeabi_memcpy.S.obj (.text.__aeabi_memcpy)
                  00004dd0    00000008     libc.a : printf.c.obj (.text._outc)
                  00004dd8    00000008            : printf.c.obj (.text._outs)
                  00004de0    00000004     startup_mspm0g350x_ticlang.o (.text.Default_Handler)
                  00004de4    00000004     startup_mspm0g350x_ticlang.o (.text.Reset_Handler)
                  00004de8    00000004     libc.a : pre_init.c.obj (.text._system_pre_init)
                  00004dec    00000004            : exit.c.obj (.text:abort)

.cinit     0    00004df0    00000050     
                  00004df0    00000028     (.cinit..data.load) [load image, compression = lzss]
                  00004e18    0000000c     (__TI_handler_table)
                  00004e24    00000008     (.cinit..bss.load) [load image, compression = zero_init]
                  00004e2c    00000010     (__TI_cinit_table)
                  00004e3c    00000004     --HOLE-- [fill = 0]

.rodata    0    000000c0    00003460     
                  000000c0    000017c0     lcd.o (.rodata.ascii_3216)
                  00001880    000011d0     lcd.o (.rodata.ascii_2412)
                  00002a50    000005f0     lcd.o (.rodata.ascii_1608)
                  00003040    00000474     lcd.o (.rodata.ascii_1206)
                  000034b4    00000028     ti_msp_dl_config.o (.rodata.gSYSPLLConfig)
                  000034dc    00000011     libc.a : _printfi.c.obj (.rodata.str1.153638888446227384661)
                  000034ed    0000000d     main.o (.rodata.str1.181369900268917052751)
                  000034fa    0000000a     ti_msp_dl_config.o (.rodata.gSPI_LCD_config)
                  00003504    0000000a     ti_msp_dl_config.o (.rodata.gUART_0Config)
                  0000350e    00000007     main.o (.rodata.str1.128962870563899395191)
                  00003515    00000007     main.o (.rodata.str1.58265674741439123291)
                  0000351c    00000002     ti_msp_dl_config.o (.rodata.gSPI_LCD_clockConfig)
                  0000351e    00000002     ti_msp_dl_config.o (.rodata.gUART_0ClockConfig)

.init_array 
*          0    00000000    00000000     UNINITIALIZED

.binit     0    00000000    00000000     

.data      0    20200000    000000f8     UNINITIALIZED
                  20200000    000000f0     libc.a : defs.c.obj (.data._ftable)
                  202000f0    00000004            : _lock.c.obj (.data._lock)
                  202000f4    00000004            : _lock.c.obj (.data._unlock)

.bss       0    202000f8    00000028     UNINITIALIZED
                  202000f8    00000028     (.common:gSPI_LCDBackup)

.stack     0    20207e00    00000200     UNINITIALIZED
                  20207e00    00000004     libc.a : boot_cortex_m.c.obj (.stack)
                  20207e04    000001fc     --HOLE--

__llvm_prf_cnts 
*          0    20200000    00000000     UNINITIALIZED

__llvm_prf_bits 
*          0    20200000    00000000     UNINITIALIZED

MODULE SUMMARY

       Module                         code   ro data   rw data
       ------                         ----   -------   -------
    .\
       ti_msp_dl_config.o             1424   64        40     
       main.o                         344    27        0      
       startup_mspm0g350x_ticlang.o   8      192       0      
    +--+------------------------------+------+---------+---------+
       Total:                         1776   283       40     
                                                              
    .\BSP\
       lcd.o                          1442   13300     0      
       lcd_init.o                     816    0         0      
       delay.o                        246    0         0      
    +--+------------------------------+------+---------+---------+
       Total:                         2504   13300     0      
                                                              
    C:/ti/mspm0_sdk_2_03_00_07/source/ti/driverlib/lib/ticlang/m0p/mspm0g1x0x_g3x0x/driverlib.a
       dl_sysctl_mspm0g1x0x_g3x0x.o   388    0         0      
       dl_uart.o                      122    0         0      
       dl_spi.o                       86     0         0      
       dl_common.o                    10     0         0      
    +--+------------------------------+------+---------+---------+
       Total:                         606    0         0      
                                                              
    C:\ti\ccs2001\ccs\tools\compiler\ti-cgt-armllvm_4.0.1.LTS\lib\armv6m-ti-none-eabi/c/libc.a
       _printfi.c.obj                 658    17        0      
       defs.c.obj                     0      0         240    
       copy_decompress_lzss.c.obj     124    0         0      
       printf.c.obj                   108    0         0      
       autoinit.c.obj                 60     0         0      
       boot_cortex_m.c.obj            40     0         0      
       memccpy.c.obj                  34     0         0      
       copy_zero_init.c.obj           22     0         0      
       copy_decompress_none.c.obj     18     0         0      
       memcpy16.S.obj                 18     0         0      
       memset16.S.obj                 14     0         0      
       strlen.c.obj                   14     0         0      
       _lock.c.obj                    2      0         8      
       exit.c.obj                     4      0         0      
       pre_init.c.obj                 4      0         0      
    +--+------------------------------+------+---------+---------+
       Total:                         1120   17        248    
                                                              
    C:\ti\ccs2001\ccs\tools\compiler\ti-cgt-armllvm_4.0.1.LTS\lib\armv6m-ti-none-eabi/libclang_rt.builtins.a
       mulsf3.S.obj                   140    0         0      
       aeabi_uidivmod.S.obj           64     0         0      
       muldsi3.S.obj                  58     0         0      
       fixsfsi.S.obj                  56     0         0      
       aeabi_memset.S.obj             14     0         0      
       aeabi_memcpy.S.obj             8      0         0      
       aeabi_div0.c.obj               2      0         0      
    +--+------------------------------+------+---------+---------+
       Total:                         342    0         0      
                                                              
       Stack:                         0      0         512    
       Linker Generated:              0      76        0      
    +--+------------------------------+------+---------+---------+
       Grand Total:                   6348   13676     800    


LINKER GENERATED COPY TABLES

__TI_cinit_table @ 00004e2c records: 2, size/record: 8, table size: 16
	.data: load addr=00004df0, load size=00000028 bytes, run addr=20200000, run size=000000f8 bytes, compression=lzss
	.bss: load addr=00004e24, load size=00000008 bytes, run addr=202000f8, run size=00000028 bytes, compression=zero_init


LINKER GENERATED HANDLER TABLE

__TI_handler_table @ 00004e18 records: 3, size/record: 4, table size: 12
	index: 0, handler: __TI_decompress_lzss
	index: 1, handler: __TI_decompress_none
	index: 2, handler: __TI_zero_init


GLOBAL SYMBOLS: SORTED ALPHABETICALLY BY Name 

address   name                                 
-------   ----                                 
00004de1  ADC0_IRQHandler                      
00004de1  ADC1_IRQHandler                      
00004de1  AES_IRQHandler                       
00004dec  C$$EXIT                              
00004de1  CANFD0_IRQHandler                    
00004de1  DAC0_IRQHandler                      
00004dbd  DL_Common_delayCycles                
00004585  DL_SPI_init                          
00004cfd  DL_SPI_setClockConfig                
00003ef1  DL_SYSCTL_configSYSPLL               
000042dd  DL_SYSCTL_setHFCLKSourceHFXTParams   
000045c9  DL_SYSCTL_switchMCLKfromSYSOSCtoHSCLK
0000453d  DL_UART_init                         
00004d0f  DL_UART_setClockConfig               
000049f5  DL_UART_transmitDataBlocking         
00004de1  DMA_IRQHandler                       
00004de1  Default_Handler                      
00004de1  GROUP0_IRQHandler                    
00004de1  GROUP1_IRQHandler                    
00004de1  HardFault_Handler                    
00004de1  I2C0_IRQHandler                      
00004de1  I2C1_IRQHandler                      
0000444d  LCD_Address_Set                      
00004881  LCD_DrawPoint                        
000040ed  LCD_Fill                             
00004267  LCD_GPIO_Init                        
000039b9  LCD_Init                             
000037a5  LCD_ShowChar                         
00003cbd  LCD_ShowFloatNum1                    
00003dd9  LCD_ShowIntNum                       
000041ed  LCD_ShowString                       
00004a33  LCD_WR_DATA                          
00004ce9  LCD_WR_DATA8                         
00004821  LCD_WR_REG                           
0000460d  LCD_Writ_Bus                         
00004de1  NMI_Handler                          
00004de1  PendSV_Handler                       
00004de1  RTC_IRQHandler                       
00004de5  Reset_Handler                        
00004de1  SPI0_IRQHandler                      
00004de1  SPI1_IRQHandler                      
00004de1  SVC_Handler                          
00003fcd  SYSCFG_DL_GPIO_init                  
00004651  SYSCFG_DL_SPI_LCD_init               
0000439d  SYSCFG_DL_SYSCTL_init                
00004d75  SYSCFG_DL_SYSTICK_init               
00004691  SYSCFG_DL_UART_0_init                
000048fd  SYSCFG_DL_init                       
000043f5  SYSCFG_DL_initPower                  
00004de1  SysTick_Handler                      
00004de1  TIMA0_IRQHandler                     
00004de1  TIMA1_IRQHandler                     
00004de1  TIMG0_IRQHandler                     
00004de1  TIMG12_IRQHandler                    
00004de1  TIMG6_IRQHandler                     
00004de1  TIMG7_IRQHandler                     
00004de1  TIMG8_IRQHandler                     
00004d21  TI_memcpy_small                      
00004daf  TI_memset_small                      
00004de1  UART0_IRQHandler                     
00004de1  UART1_IRQHandler                     
00004de1  UART2_IRQHandler                     
00004de1  UART3_IRQHandler                     
20208000  __STACK_END                          
00000200  __STACK_SIZE                         
00000000  __TI_ATRegion0_region_sz             
00000000  __TI_ATRegion0_src_addr              
00000000  __TI_ATRegion0_trg_addr              
00000000  __TI_ATRegion1_region_sz             
00000000  __TI_ATRegion1_src_addr              
00000000  __TI_ATRegion1_trg_addr              
00000000  __TI_ATRegion2_region_sz             
00000000  __TI_ATRegion2_src_addr              
00000000  __TI_ATRegion2_trg_addr              
00004e2c  __TI_CINIT_Base                      
00004e3c  __TI_CINIT_Limit                     
00004e3c  __TI_CINIT_Warm                      
00004e18  __TI_Handler_Table_Base              
00004e24  __TI_Handler_Table_Limit             
00004711  __TI_auto_init_nobinit_nopinit       
00004171  __TI_decompress_lzss                 
00004d33  __TI_decompress_none                 
ffffffff  __TI_pprof_out_hndl                  
00003521  __TI_printfi_minimal                 
ffffffff  __TI_prof_data_size                  
ffffffff  __TI_prof_data_start                 
00000000  __TI_static_base__                   
00004c83  __TI_zero_init_nomemset              
00004789  __aeabi_f2iz                         
00004061  __aeabi_fmul                         
0000449f  __aeabi_idiv0                        
00004dc9  __aeabi_memcpy                       
00004dc9  __aeabi_memcpy4                      
00004dc9  __aeabi_memcpy8                      
00004d85  __aeabi_memset                       
00004d85  __aeabi_memset4                      
00004d85  __aeabi_memset8                      
000046d1  __aeabi_uidiv                        
000046d1  __aeabi_uidivmod                     
ffffffff  __binit__                            
00004789  __fixsfsi                            
UNDEFED   __mpu_init                           
0000474d  __muldsi3                            
00004061  __mulsf3                             
20207e00  __stack                              
20200000  __start___llvm_prf_bits              
20200000  __start___llvm_prf_cnts              
20200000  __stop___llvm_prf_bits               
20200000  __stop___llvm_prf_cnts               
00004925  _c_int00_noargs                      
20200000  _ftable                              
202000f0  _lock                                
00004787  _nop                                 
UNDEFED   _system_post_cinit                   
00004de9  _system_pre_init                     
202000f4  _unlock                              
00004ded  abort                                
00003040  ascii_1206                           
00002a50  ascii_1608                           
00001880  ascii_2412                           
000000c0  ascii_3216                           
ffffffff  binit                                
00004c29  delayLCD_ms                          
00004c6d  delay_ms                             
00004269  delay_us                             
00004aa5  fputc                                
000044a1  fputs                                
202000f8  gSPI_LCDBackup                       
00000000  interruptVectors                     
00003b7d  main                                 
00004971  memccpy                              
00004851  mypow                                
00004341  printf                               
00004da1  strlen                               


GLOBAL SYMBOLS: SORTED BY Symbol Address 

address   name                                 
-------   ----                                 
00000000  __TI_ATRegion0_region_sz             
00000000  __TI_ATRegion0_src_addr              
00000000  __TI_ATRegion0_trg_addr              
00000000  __TI_ATRegion1_region_sz             
00000000  __TI_ATRegion1_src_addr              
00000000  __TI_ATRegion1_trg_addr              
00000000  __TI_ATRegion2_region_sz             
00000000  __TI_ATRegion2_src_addr              
00000000  __TI_ATRegion2_trg_addr              
00000000  __TI_static_base__                   
00000000  interruptVectors                     
000000c0  ascii_3216                           
00000200  __STACK_SIZE                         
00001880  ascii_2412                           
00002a50  ascii_1608                           
00003040  ascii_1206                           
00003521  __TI_printfi_minimal                 
000037a5  LCD_ShowChar                         
000039b9  LCD_Init                             
00003b7d  main                                 
00003cbd  LCD_ShowFloatNum1                    
00003dd9  LCD_ShowIntNum                       
00003ef1  DL_SYSCTL_configSYSPLL               
00003fcd  SYSCFG_DL_GPIO_init                  
00004061  __aeabi_fmul                         
00004061  __mulsf3                             
000040ed  LCD_Fill                             
00004171  __TI_decompress_lzss                 
000041ed  LCD_ShowString                       
00004267  LCD_GPIO_Init                        
00004269  delay_us                             
000042dd  DL_SYSCTL_setHFCLKSourceHFXTParams   
00004341  printf                               
0000439d  SYSCFG_DL_SYSCTL_init                
000043f5  SYSCFG_DL_initPower                  
0000444d  LCD_Address_Set                      
0000449f  __aeabi_idiv0                        
000044a1  fputs                                
0000453d  DL_UART_init                         
00004585  DL_SPI_init                          
000045c9  DL_SYSCTL_switchMCLKfromSYSOSCtoHSCLK
0000460d  LCD_Writ_Bus                         
00004651  SYSCFG_DL_SPI_LCD_init               
00004691  SYSCFG_DL_UART_0_init                
000046d1  __aeabi_uidiv                        
000046d1  __aeabi_uidivmod                     
00004711  __TI_auto_init_nobinit_nopinit       
0000474d  __muldsi3                            
00004787  _nop                                 
00004789  __aeabi_f2iz                         
00004789  __fixsfsi                            
00004821  LCD_WR_REG                           
00004851  mypow                                
00004881  LCD_DrawPoint                        
000048fd  SYSCFG_DL_init                       
00004925  _c_int00_noargs                      
00004971  memccpy                              
000049f5  DL_UART_transmitDataBlocking         
00004a33  LCD_WR_DATA                          
00004aa5  fputc                                
00004c29  delayLCD_ms                          
00004c6d  delay_ms                             
00004c83  __TI_zero_init_nomemset              
00004ce9  LCD_WR_DATA8                         
00004cfd  DL_SPI_setClockConfig                
00004d0f  DL_UART_setClockConfig               
00004d21  TI_memcpy_small                      
00004d33  __TI_decompress_none                 
00004d75  SYSCFG_DL_SYSTICK_init               
00004d85  __aeabi_memset                       
00004d85  __aeabi_memset4                      
00004d85  __aeabi_memset8                      
00004da1  strlen                               
00004daf  TI_memset_small                      
00004dbd  DL_Common_delayCycles                
00004dc9  __aeabi_memcpy                       
00004dc9  __aeabi_memcpy4                      
00004dc9  __aeabi_memcpy8                      
00004de1  ADC0_IRQHandler                      
00004de1  ADC1_IRQHandler                      
00004de1  AES_IRQHandler                       
00004de1  CANFD0_IRQHandler                    
00004de1  DAC0_IRQHandler                      
00004de1  DMA_IRQHandler                       
00004de1  Default_Handler                      
00004de1  GROUP0_IRQHandler                    
00004de1  GROUP1_IRQHandler                    
00004de1  HardFault_Handler                    
00004de1  I2C0_IRQHandler                      
00004de1  I2C1_IRQHandler                      
00004de1  NMI_Handler                          
00004de1  PendSV_Handler                       
00004de1  RTC_IRQHandler                       
00004de1  SPI0_IRQHandler                      
00004de1  SPI1_IRQHandler                      
00004de1  SVC_Handler                          
00004de1  SysTick_Handler                      
00004de1  TIMA0_IRQHandler                     
00004de1  TIMA1_IRQHandler                     
00004de1  TIMG0_IRQHandler                     
00004de1  TIMG12_IRQHandler                    
00004de1  TIMG6_IRQHandler                     
00004de1  TIMG7_IRQHandler                     
00004de1  TIMG8_IRQHandler                     
00004de1  UART0_IRQHandler                     
00004de1  UART1_IRQHandler                     
00004de1  UART2_IRQHandler                     
00004de1  UART3_IRQHandler                     
00004de5  Reset_Handler                        
00004de9  _system_pre_init                     
00004dec  C$$EXIT                              
00004ded  abort                                
00004e18  __TI_Handler_Table_Base              
00004e24  __TI_Handler_Table_Limit             
00004e2c  __TI_CINIT_Base                      
00004e3c  __TI_CINIT_Limit                     
00004e3c  __TI_CINIT_Warm                      
20200000  __start___llvm_prf_bits              
20200000  __start___llvm_prf_cnts              
20200000  __stop___llvm_prf_bits               
20200000  __stop___llvm_prf_cnts               
20200000  _ftable                              
202000f0  _lock                                
202000f4  _unlock                              
202000f8  gSPI_LCDBackup                       
20207e00  __stack                              
20208000  __STACK_END                          
ffffffff  __TI_pprof_out_hndl                  
ffffffff  __TI_prof_data_size                  
ffffffff  __TI_prof_data_start                 
ffffffff  __binit__                            
ffffffff  binit                                
UNDEFED   __mpu_init                           
UNDEFED   _system_post_cinit                   

[134 symbols]
