******************************************************************************
            TI ARM Clang Linker PC v4.0.1                      
******************************************************************************
>> Linked Wed Jan 29 17:41:23 2025

OUTPUT FILE NAME:   <Test_OLED2.out>
ENTRY POINT SYMBOL: "_c_int00_noargs"  address: 00001fad


MEMORY CONFIGURATION

         name            origin    length      used     unused   attr    fill
----------------------  --------  ---------  --------  --------  ----  --------
  FLASH                 00000000   00020000  00003a80  0001c580  R  X
  SRAM                  20200000   00008000  00000680  00007980  RW X
  BCR_CONFIG            41c00000   00000080  00000000  00000080  R   
  BSL_CONFIG            41c00100   00000080  00000000  00000080  R   


SEGMENT ALLOCATION MAP

run origin  load origin   length   init length attrs members
----------  ----------- ---------- ----------- ----- -------
00000000    00000000    00003a80   00003a80    r-x
  00000000    00000000    000000c0   000000c0    r-- .intvecs
  000000c0    000000c0    00001fb0   00001fb0    r-x .text
  00002070    00002070    000019f8   000019f8    r-- .rodata
  00003a68    00003a68    00000018   00000018    r-- .cinit
20200000    20200000    00000480   00000000    rw-
  20200000    20200000    00000480   00000000    rw- .bss
20207e00    20207e00    00000200   00000000    rw-
  20207e00    20207e00    00000200   00000000    rw- .stack


SECTION ALLOCATION MAP

 output                                  attributes/
section   page    origin      length       input sections
--------  ----  ----------  ----------   ----------------
.intvecs   0    00000000    000000c0     
                  00000000    000000c0     startup_mspm0g350x_ticlang.o (.intvecs)

.text      0    000000c0    00001fb0     
                  000000c0    000010e0     oled.o (.text.OLED_Init)
                  000011a0    000003aa     oled.o (.text.OLED_ShowNum)
                  0000154a    00000002     startup_mspm0g350x_ticlang.o (.text.Default_Handler)
                  0000154c    00000270     oled.o (.text.OLED_ShowChar)
                  000017bc    0000021c     oled.o (.text.OLED_Refresh)
                  000019d8    00000194     oscilloscope.o (.text.Oscilloscope_DrawXY)
                  00001b6c    000000d4     oled.o (.text.OLED_DrawLine)
                  00001c40    0000008c     oled.o (.text.OLED_ShowString)
                  00001ccc    00000062     libc.a : memset16.S.obj (.text:memset)
                  00001d2e    00000002     libclang_rt.builtins.a : aeabi_div0.c.obj (.text.__aeabi_idiv0)
                  00001d30    00000060     ti_msp_dl_config.o (.text.SYSCFG_DL_UART_0_init)
                  00001d90    00000048     driverlib.a : dl_uart.o (.text.DL_UART_init)
                  00001dd8    00000044     ti_msp_dl_config.o (.text.SYSCFG_DL_GPIO_init)
                  00001e1c    00000040     ti_msp_dl_config.o (.text.SYSCFG_DL_SYSCTL_init)
                  00001e5c    00000040     libclang_rt.builtins.a : aeabi_uidivmod.S.obj (.text.__aeabi_uidivmod)
                  00001e9c    00000040     delay.o (.text.delay_ms)
                  00001edc    0000003c     libc.a : autoinit.c.obj (.text:__TI_auto_init_nobinit_nopinit)
                  00001f18    00000038     main.o (.text.main)
                  00001f50    00000034     ti_msp_dl_config.o (.text.SYSCFG_DL_initPower)
                  00001f84    00000028     oled.o (.text.OLED_DrawPoint)
                  00001fac    00000028     libc.a : boot_cortex_m.c.obj (.text:_c_int00_noargs)
                  00001fd4    00000020     ti_msp_dl_config.o (.text.SYSCFG_DL_SYSTICK_init)
                  00001ff4    0000001c     delay.o (.text.Delay_Init)
                  00002010    00000018     ti_msp_dl_config.o (.text.SYSCFG_DL_init)
                  00002028    00000012     driverlib.a : dl_uart.o (.text.DL_UART_setClockConfig)
                  0000203a    00000010     libc.a : copy_zero_init.c.obj (.text:decompress:ZI)
                  0000204a    00000002     --HOLE-- [fill = 0]
                  0000204c    0000000c     libclang_rt.builtins.a : aeabi_memset.S.obj (.text.__aeabi_memclr)
                  00002058    0000000a     driverlib.a : dl_common.o (.text.DL_Common_delayCycles)
                  00002062    00000004     startup_mspm0g350x_ticlang.o (.text.Reset_Handler)
                  00002066    00000004     libc.a : pre_init.c.obj (.text._system_pre_init)
                  0000206a    00000004            : exit.c.obj (.text:abort)
                  0000206e    00000002     --HOLE-- [fill = 0]

.cinit     0    00003a68    00000018     
                  00003a68    00000008     (.cinit..bss.load) [load image, compression = zero_init]
                  00003a70    00000004     (__TI_handler_table)
                  00003a74    00000008     (__TI_cinit_table)
                  00003a7c    00000004     --HOLE-- [fill = 0]

.rodata    0    00002070    000019f8     
                  00002070    00000d5c     oled.o (.rodata.asc2_2412)
                  00002dcc    000005f0     oled.o (.rodata.asc2_1608)
                  000033bc    00000474     oled.o (.rodata.asc2_1206)
                  00003830    00000228     oled.o (.rodata.asc2_0806)
                  00003a58    0000000a     ti_msp_dl_config.o (.rodata.gUART_0Config)
                  00003a62    00000002     ti_msp_dl_config.o (.rodata.gUART_0ClockConfig)
                  00003a64    00000002     oscilloscope.o (.rodata.str1.59630584520970564431)
                  00003a66    00000002     --HOLE-- [fill = 0]

.init_array 
*          0    00000000    00000000     UNINITIALIZED

.binit     0    00000000    00000000     

.bss       0    20200000    00000480     UNINITIALIZED
                  20200000    00000480     (.common:OLED_GRAM)

.stack     0    20207e00    00000200     UNINITIALIZED
                  20207e00    00000004     libc.a : boot_cortex_m.c.obj (.stack)
                  20207e04    000001fc     --HOLE--

__llvm_prf_cnts 
*          0    20200000    00000000     UNINITIALIZED

__llvm_prf_bits 
*          0    20200000    00000000     UNINITIALIZED

MODULE SUMMARY

       Module                         code   ro data   rw data
       ------                         ----   -------   -------
    .\
       ti_msp_dl_config.o             336    12        0      
       startup_mspm0g350x_ticlang.o   6      192       0      
       main.o                         56     0         0      
    +--+------------------------------+------+---------+---------+
       Total:                         398    204       0      
                                                              
    .\BSP\
       oled.o                         6814   6632      1152   
       delay.o                        92     0         0      
    +--+------------------------------+------+---------+---------+
       Total:                         6906   6632      1152   
                                                              
    .\User\
       oscilloscope.o                 404    2         0      
    +--+------------------------------+------+---------+---------+
       Total:                         404    2         0      
                                                              
    C:/ti/mspm0_sdk_2_03_00_07/source/ti/driverlib/lib/ticlang/m0p/mspm0g1x0x_g3x0x/driverlib.a
       dl_uart.o                      90     0         0      
       dl_common.o                    10     0         0      
    +--+------------------------------+------+---------+---------+
       Total:                         100    0         0      
                                                              
    C:\ti\ccs2001\ccs\tools\compiler\ti-cgt-armllvm_4.0.1.LTS\lib\armv6m-ti-none-eabi/c/libc.a
       memset16.S.obj                 98     0         0      
       autoinit.c.obj                 60     0         0      
       boot_cortex_m.c.obj            40     0         0      
       copy_zero_init.c.obj           16     0         0      
       exit.c.obj                     4      0         0      
       pre_init.c.obj                 4      0         0      
    +--+------------------------------+------+---------+---------+
       Total:                         222    0         0      
                                                              
    C:\ti\ccs2001\ccs\tools\compiler\ti-cgt-armllvm_4.0.1.LTS\lib\armv6m-ti-none-eabi/libclang_rt.builtins.a
       aeabi_uidivmod.S.obj           64     0         0      
       aeabi_memset.S.obj             12     0         0      
       aeabi_div0.c.obj               2      0         0      
    +--+------------------------------+------+---------+---------+
       Total:                         78     0         0      
                                                              
       Stack:                         0      0         512    
       Linker Generated:              0      20        0      
    +--+------------------------------+------+---------+---------+
       Grand Total:                   8108   6858      1664   


LINKER GENERATED COPY TABLES

__TI_cinit_table @ 00003a74 records: 1, size/record: 8, table size: 8
	.bss: load addr=00003a68, load size=00000008 bytes, run addr=20200000, run size=00000480 bytes, compression=zero_init


LINKER GENERATED HANDLER TABLE

__TI_handler_table @ 00003a70 records: 1, size/record: 4, table size: 4
	index: 0, handler: __TI_zero_init


GLOBAL SYMBOLS: SORTED ALPHABETICALLY BY Name 

address   name                          
-------   ----                          
0000154b  ADC0_IRQHandler               
0000154b  ADC1_IRQHandler               
0000154b  AES_IRQHandler                
0000206a  C$$EXIT                       
0000154b  CANFD0_IRQHandler             
0000154b  DAC0_IRQHandler               
00002059  DL_Common_delayCycles         
00001d91  DL_UART_init                  
00002029  DL_UART_setClockConfig        
0000154b  DMA_IRQHandler                
0000154b  Default_Handler               
00001ff5  Delay_Init                    
0000154b  GROUP0_IRQHandler             
0000154b  GROUP1_IRQHandler             
0000154b  HardFault_Handler             
0000154b  I2C0_IRQHandler               
0000154b  I2C1_IRQHandler               
0000154b  NMI_Handler                   
00001b6d  OLED_DrawLine                 
00001f85  OLED_DrawPoint                
20200000  OLED_GRAM                     
000000c1  OLED_Init                     
000017bd  OLED_Refresh                  
0000154d  OLED_ShowChar                 
000011a1  OLED_ShowNum                  
00001c41  OLED_ShowString               
000019d9  Oscilloscope_DrawXY           
0000154b  PendSV_Handler                
0000154b  RTC_IRQHandler                
00002063  Reset_Handler                 
0000154b  SPI0_IRQHandler               
0000154b  SPI1_IRQHandler               
0000154b  SVC_Handler                   
00001dd9  SYSCFG_DL_GPIO_init           
00001e1d  SYSCFG_DL_SYSCTL_init         
00001fd5  SYSCFG_DL_SYSTICK_init        
00001d31  SYSCFG_DL_UART_0_init         
00002011  SYSCFG_DL_init                
00001f51  SYSCFG_DL_initPower           
0000154b  SysTick_Handler               
0000154b  TIMA0_IRQHandler              
0000154b  TIMA1_IRQHandler              
0000154b  TIMG0_IRQHandler              
0000154b  TIMG12_IRQHandler             
0000154b  TIMG6_IRQHandler              
0000154b  TIMG7_IRQHandler              
0000154b  TIMG8_IRQHandler              
0000154b  UART0_IRQHandler              
0000154b  UART1_IRQHandler              
0000154b  UART2_IRQHandler              
0000154b  UART3_IRQHandler              
20208000  __STACK_END                   
00000200  __STACK_SIZE                  
00000000  __TI_ATRegion0_region_sz      
00000000  __TI_ATRegion0_src_addr       
00000000  __TI_ATRegion0_trg_addr       
00000000  __TI_ATRegion1_region_sz      
00000000  __TI_ATRegion1_src_addr       
00000000  __TI_ATRegion1_trg_addr       
00000000  __TI_ATRegion2_region_sz      
00000000  __TI_ATRegion2_src_addr       
00000000  __TI_ATRegion2_trg_addr       
00003a74  __TI_CINIT_Base               
00003a7c  __TI_CINIT_Limit              
00003a7c  __TI_CINIT_Warm               
00003a70  __TI_Handler_Table_Base       
00003a74  __TI_Handler_Table_Limit      
00001edd  __TI_auto_init_nobinit_nopinit
ffffffff  __TI_pprof_out_hndl           
ffffffff  __TI_prof_data_size           
ffffffff  __TI_prof_data_start          
00000000  __TI_static_base__            
0000203b  __TI_zero_init                
00001d2f  __aeabi_idiv0                 
0000204d  __aeabi_memclr                
0000204d  __aeabi_memclr4               
0000204d  __aeabi_memclr8               
00001e5d  __aeabi_uidiv                 
00001e5d  __aeabi_uidivmod              
ffffffff  __binit__                     
UNDEFED   __mpu_init                    
20207e00  __stack                       
20200000  __start___llvm_prf_bits       
20200000  __start___llvm_prf_cnts       
20200000  __stop___llvm_prf_bits        
20200000  __stop___llvm_prf_cnts        
00001fad  _c_int00_noargs               
UNDEFED   _system_post_cinit            
00002067  _system_pre_init              
0000206b  abort                         
00003830  asc2_0806                     
000033bc  asc2_1206                     
00002dcc  asc2_1608                     
00002070  asc2_2412                     
ffffffff  binit                         
00001e9d  delay_ms                      
00000000  interruptVectors              
00001f19  main                          
00001ccd  memset                        


GLOBAL SYMBOLS: SORTED BY Symbol Address 

address   name                          
-------   ----                          
00000000  __TI_ATRegion0_region_sz      
00000000  __TI_ATRegion0_src_addr       
00000000  __TI_ATRegion0_trg_addr       
00000000  __TI_ATRegion1_region_sz      
00000000  __TI_ATRegion1_src_addr       
00000000  __TI_ATRegion1_trg_addr       
00000000  __TI_ATRegion2_region_sz      
00000000  __TI_ATRegion2_src_addr       
00000000  __TI_ATRegion2_trg_addr       
00000000  __TI_static_base__            
00000000  interruptVectors              
000000c1  OLED_Init                     
00000200  __STACK_SIZE                  
000011a1  OLED_ShowNum                  
0000154b  ADC0_IRQHandler               
0000154b  ADC1_IRQHandler               
0000154b  AES_IRQHandler                
0000154b  CANFD0_IRQHandler             
0000154b  DAC0_IRQHandler               
0000154b  DMA_IRQHandler                
0000154b  Default_Handler               
0000154b  GROUP0_IRQHandler             
0000154b  GROUP1_IRQHandler             
0000154b  HardFault_Handler             
0000154b  I2C0_IRQHandler               
0000154b  I2C1_IRQHandler               
0000154b  NMI_Handler                   
0000154b  PendSV_Handler                
0000154b  RTC_IRQHandler                
0000154b  SPI0_IRQHandler               
0000154b  SPI1_IRQHandler               
0000154b  SVC_Handler                   
0000154b  SysTick_Handler               
0000154b  TIMA0_IRQHandler              
0000154b  TIMA1_IRQHandler              
0000154b  TIMG0_IRQHandler              
0000154b  TIMG12_IRQHandler             
0000154b  TIMG6_IRQHandler              
0000154b  TIMG7_IRQHandler              
0000154b  TIMG8_IRQHandler              
0000154b  UART0_IRQHandler              
0000154b  UART1_IRQHandler              
0000154b  UART2_IRQHandler              
0000154b  UART3_IRQHandler              
0000154d  OLED_ShowChar                 
000017bd  OLED_Refresh                  
000019d9  Oscilloscope_DrawXY           
00001b6d  OLED_DrawLine                 
00001c41  OLED_ShowString               
00001ccd  memset                        
00001d2f  __aeabi_idiv0                 
00001d31  SYSCFG_DL_UART_0_init         
00001d91  DL_UART_init                  
00001dd9  SYSCFG_DL_GPIO_init           
00001e1d  SYSCFG_DL_SYSCTL_init         
00001e5d  __aeabi_uidiv                 
00001e5d  __aeabi_uidivmod              
00001e9d  delay_ms                      
00001edd  __TI_auto_init_nobinit_nopinit
00001f19  main                          
00001f51  SYSCFG_DL_initPower           
00001f85  OLED_DrawPoint                
00001fad  _c_int00_noargs               
00001fd5  SYSCFG_DL_SYSTICK_init        
00001ff5  Delay_Init                    
00002011  SYSCFG_DL_init                
00002029  DL_UART_setClockConfig        
0000203b  __TI_zero_init                
0000204d  __aeabi_memclr                
0000204d  __aeabi_memclr4               
0000204d  __aeabi_memclr8               
00002059  DL_Common_delayCycles         
00002063  Reset_Handler                 
00002067  _system_pre_init              
0000206a  C$$EXIT                       
0000206b  abort                         
00002070  asc2_2412                     
00002dcc  asc2_1608                     
000033bc  asc2_1206                     
00003830  asc2_0806                     
00003a70  __TI_Handler_Table_Base       
00003a74  __TI_CINIT_Base               
00003a74  __TI_Handler_Table_Limit      
00003a7c  __TI_CINIT_Limit              
00003a7c  __TI_CINIT_Warm               
20200000  OLED_GRAM                     
20200000  __start___llvm_prf_bits       
20200000  __start___llvm_prf_cnts       
20200000  __stop___llvm_prf_bits        
20200000  __stop___llvm_prf_cnts        
20207e00  __stack                       
20208000  __STACK_END                   
ffffffff  __TI_pprof_out_hndl           
ffffffff  __TI_prof_data_size           
ffffffff  __TI_prof_data_start          
ffffffff  __binit__                     
ffffffff  binit                         
UNDEFED   __mpu_init                    
UNDEFED   _system_post_cinit            

[99 symbols]
